91.207.8.110 - - [29/Aug/2013:03:01:01 +0300] "POST /news/obzornaya-ekskursiya-po-donecku-2-fevralya/ HTTP/1.1" 200 6024 "http://turclub.donntu.edu.ua/news/obzornaya-ekskursiya-po-donecku-2-fevralya/" "Mozilla/4.0 (compatible; MSIE 6.0; Windows NT 5.1)"
95.108.245.251 - - [29/Aug/2013:03:02:19 +0300] "GET /wp-content/documents/Krasavica_Guculija.doc HTTP/1.1" 200 96256 "-" "Mozilla/5.0 (compatible; YandexBot/3.0; +http://yandex.com/bots)"
95.108.245.251 - - [29/Aug/2013:03:02:21 +0300] "GET /baraholka/prodam-skalnye-tufli-boreal-falcon-36-5/feed/ HTTP/1.1" 200 568 "-" "Mozilla/5.0 (compatible; YandexBot/3.0; +http://yandex.com/bots)"
37.140.141.22 - - [29/Aug/2013:03:04:48 +0300] "GET /wp-includes/images/smilies/icon_eek.gif HTTP/1.1" 304 - "-" "Mozilla/5.0 (compatible; YandexImages/3.0; +http://yandex.com/bots)"
91.207.8.110 - - [29/Aug/2013:03:05:06 +0300] "GET /category/news/page/5/ HTTP/1.1" 200 7139 "-" "Mozilla/4.0 (compatible; MSIE 6.0; Windows NT 5.1; SV1; Mozilla/4.0 (compatible; MSIE 6.0; Windows NT 5.1; SV1) )"
91.207.8.110 - - [29/Aug/2013:03:05:06 +0300] "POST /category/news/page/5/trackback/ HTTP/1.1" 404 4681 "http://turclub.donntu.edu.ua/category/news/page/5/" "Mozilla/4.0 (compatible; MSIE 6.0; Windows NT 5.1; SV1)"
91.207.8.110 - - [29/Aug/2013:03:09:11 +0300] "GET /speleology/speleologicheskij-poxod-na-majskie-prazdniki-zemskij-konstantin/ HTTP/1.1" 200 5577 "-" "Mozilla/4.0 (compatible; MSIE 6.0; Windows NT 5.1)"
91.207.8.110 - - [29/Aug/2013:03:09:11 +0300] "POST /speleology/speleologicheskij-poxod-na-majskie-prazdniki-zemskij-konstantin/ HTTP/1.1" 200 5577 "http://turclub.donntu.edu.ua/speleology/speleologicheskij-poxod-na-majskie-prazdniki-zemskij-konstantin/" "Mozilla/4.0 (compatible; MSIE 6.0; Windows NT 5.1; SV1; Mozilla/4.0 (compatible; MSIE 6.0; Windows NT 5.1; SV1) )"
91.207.8.110 - - [29/Aug/2013:03:11:30 +0300] "GET /baraholka/prodayu-koshki/ HTTP/1.1" 200 5506 "-" "Mozilla/4.0 (compatible; MSIE 6.0; Windows NT 5.1; SV1; Mozilla/4.0 (compatible; MSIE 6.0; Windows NT 5.1; SV1) ; .NET CLR 2.0.50727 ; .NET CLR 4.0.30319)"
91.207.8.110 - - [29/Aug/2013:03:11:31 +0300] "POST /baraholka/prodayu-koshki/ HTTP/1.1" 200 5506 "http://turclub.donntu.edu.ua/baraholka/prodayu-koshki/" "Mozilla/4.0 (compatible; MSIE 6.0; Windows NT 5.1; SV1; Mozilla/4.0 (compatible; MSIE 6.0; Windows NT 5.1; SV1) ; .NET CLR 2.0.50727 ; .NET CLR 4.0.30319)"
91.207.8.110 - - [29/Aug/2013:03:11:39 +0300] "GET /news/bajdarki-i-katanie-na-parusnikax-na-oskole-25-26-maya/trackback/ HTTP/1.1" 302 20 "-" "Mozilla/4.0 (compatible; MSIE 6.0; Windows NT 5.1; SV1)"
91.207.8.110 - - [29/Aug/2013:03:11:40 +0300] "GET /news/bajdarki-i-katanie-na-parusnikax-na-oskole-25-26-maya/ HTTP/1.1" 200 7024 "-" "Mozilla/4.0 (compatible; MSIE 6.0; Windows NT 5.1; SV1)"
91.207.8.110 - - [29/Aug/2013:03:11:40 +0300] "POST /news/bajdarki-i-katanie-na-parusnikax-na-oskole-25-26-maya/trackback/ HTTP/1.1" 200 85 "http://turclub.donntu.edu.ua/news/bajdarki-i-katanie-na-parusnikax-na-oskole-25-26-maya/trackback/" "Mozilla/4.0 (compatible; MSIE 6.0; Windows NT 5.1; SV1)"
37.140.141.22 - - [29/Aug/2013:03:11:59 +0300] "GET /icons/unknown.gif HTTP/1.1" 304 - "-" "Mozilla/5.0 (compatible; YandexImages/3.0; +http://yandex.com/bots)"
91.207.8.110 - - [29/Aug/2013:03:15:35 +0300] "GET /2012/02/13/ HTTP/1.1" 200 5593 "-" "Mozilla/4.0 (compatible; MSIE 6.0; Windows NT 5.1)"
91.207.8.110 - - [29/Aug/2013:03:15:35 +0300] "POST /2012/02/13/trackback/ HTTP/1.1" 404 4681 "http://turclub.donntu.edu.ua/2012/02/13/" "Mozilla/4.0 (compatible; MSIE 6.0; Windows NT 5.1; SV1; Mozilla/4.0 (compatible; MSIE 6.0; Windows NT 5.1; SV1) )"
37.140.141.22 - - [29/Aug/2013:03:19:41 +0300] "GET /wp-includes/images/smilies/icon_twisted.gif HTTP/1.1" 304 - "-" "Mozilla/5.0 (compatible; YandexImages/3.0; +http://yandex.com/bots)"
37.140.141.22 - - [29/Aug/2013:03:27:08 +0300] "GET /icons/blank.gif HTTP/1.1" 304 - "-" "Mozilla/5.0 (compatible; YandexImages/3.0; +http://yandex.com/bots)"
37.140.141.22 - - [29/Aug/2013:03:34:14 +0300] "GET /wp-includes/images/smilies/icon_mad.gif HTTP/1.1" 304 - "-" "Mozilla/5.0 (compatible; YandexImages/3.0; +http://yandex.com/bots)"
91.207.8.110 - - [29/Aug/2013:03:34:41 +0300] "GET /2013/03/27/ HTTP/1.1" 200 5706 "-" "Mozilla/4.0 (compatible; MSIE 6.0; Windows NT 5.1)"
91.207.8.110 - - [29/Aug/2013:03:34:47 +0300] "POST /2013/03/27/trackback/ HTTP/1.1" 404 4681 "http://turclub.donntu.edu.ua/2013/03/27/" "Mozilla/4.0 (compatible; MSIE 6.0; Windows NT 5.1; SV1)"
66.249.78.49 - - [29/Aug/2013:03:36:51 +0300] "GET /wp-content/plugins/events-calendar/css/events-calendar.css HTTP/1.1" 200 4144 "http://turclub.donntu.edu.ua/news/soledar-i-artemovsk-22-iyunya/" "Mozilla/5.0 (compatible; Googlebot/2.1; +http://www.google.com/bot.html)"
66.249.78.49 - - [29/Aug/2013:03:36:52 +0300] "GET /wp-content/themes/NicePen/menu/MenuMatic.css HTTP/1.1" 200 3245 "http://turclub.donntu.edu.ua/news/soledar-i-artemovsk-22-iyunya/" "Mozilla/5.0 (compatible; Googlebot/2.1; +http://www.google.com/bot.html)"
66.249.78.49 - - [29/Aug/2013:03:36:52 +0300] "GET /wp-content/themes/NicePen/css/screen.css HTTP/1.1" 200 11640 "http://turclub.donntu.edu.ua/news/soledar-i-artemovsk-22-iyunya/" "Mozilla/5.0 (compatible; Googlebot/2.1; +http://www.google.com/bot.html)"
66.249.78.49 - - [29/Aug/2013:03:36:53 +0300] "GET /wp-content/themes/NicePen/style.css HTTP/1.1" 200 13354 "http://turclub.donntu.edu.ua/news/soledar-i-artemovsk-22-iyunya/" "Mozilla/5.0 (compatible; Googlebot/2.1; +http://www.google.com/bot.html)"
66.249.78.49 - - [29/Aug/2013:03:36:56 +0300] "GET /wp-content/plugins/cforms/styling/calendar.css HTTP/1.1" 200 2222 "http://turclub.donntu.edu.ua/news/soledar-i-artemovsk-22-iyunya/" "Mozilla/5.0 (compatible; Googlebot/2.1; +http://www.google.com/bot.html)"
66.249.78.49 - - [29/Aug/2013:03:36:59 +0300] "GET /wp-content/plugins/events-calendar/css/ec-tooltips.css HTTP/1.1" 200 1548 "http://turclub.donntu.edu.ua/news/soledar-i-artemovsk-22-iyunya/" "Mozilla/5.0 (compatible; Googlebot/2.1; +http://www.google.com/bot.html)"
66.249.78.49 - - [29/Aug/2013:03:37:02 +0300] "GET /wp-content/themes/NicePen/css/print.css HTTP/1.1" 200 1311 "http://turclub.donntu.edu.ua/news/soledar-i-artemovsk-22-iyunya/" "Mozilla/5.0 (compatible; Googlebot/2.1; +http://www.google.com/bot.html)"
91.207.8.110 - - [29/Aug/2013:03:39:21 +0300] "GET /news/poxod-4-k-s-v-dzhungariyu/ HTTP/1.1" 200 6473 "-" "Mozilla/4.0 (compatible; MSIE 6.0; Windows NT 5.1; SV1; Mozilla/4.0 (compatible; MSIE 6.0; Windows NT 5.1; SV1) ; .NET CLR 2.0.50727 ; .NET CLR 4.0.30319)"
91.207.8.110 - - [29/Aug/2013:03:39:22 +0300] "POST /news/poxod-4-k-s-v-dzhungariyu/ HTTP/1.1" 200 6473 "http://turclub.donntu.edu.ua/news/poxod-4-k-s-v-dzhungariyu/" "Mozilla/4.0 (compatible; MSIE 6.0; Windows NT 5.1; SV1)"
37.140.141.22 - - [29/Aug/2013:03:41:24 +0300] "GET /wp-content/themes/NicePen/images/comments.png HTTP/1.1" 304 - "-" "Mozilla/5.0 (compatible; YandexImages/3.0; +http://yandex.com/bots)"
91.207.8.110 - - [29/Aug/2013:03:46:16 +0300] "GET /news/sorochinskij-yarmarok-16-19-avgusta/ HTTP/1.1" 200 7865 "-" "Mozilla/4.0 (compatible; MSIE 6.0; Windows NT 5.1; SV1; Mozilla/4.0 (compatible; MSIE 6.0; Windows NT 5.1; SV1) )"
91.207.8.110 - - [29/Aug/2013:03:46:17 +0300] "POST /news/sorochinskij-yarmarok-16-19-avgusta/trackback/ HTTP/1.1" 200 85 "http://turclub.donntu.edu.ua/news/sorochinskij-yarmarok-16-19-avgusta/" "Mozilla/4.0 (compatible; MSIE 6.0; Windows NT 5.1; SV1)"
37.140.141.22 - - [29/Aug/2013:03:48:52 +0300] "GET /wp-includes/images/smilies/icon_question.gif HTTP/1.1" 304 - "-" "Mozilla/5.0 (compatible; YandexImages/3.0; +http://yandex.com/bots)"
66.249.78.49 - - [29/Aug/2013:03:49:20 +0300] "GET /robots.txt HTTP/1.1" 200 44 "-" "Mozilla/5.0 (compatible; Googlebot/2.1; +http://www.google.com/bot.html)"
66.249.78.49 - - [29/Aug/2013:03:49:20 +0300] "GET /category/news/page/2/ HTTP/1.1" 200 8857 "-" "Mozilla/5.0 (compatible; Googlebot/2.1; +http://www.google.com/bot.html)"
37.140.141.22 - - [29/Aug/2013:03:56:44 +0300] "GET /wp-content/plugins/mlanguage/img/ru.png HTTP/1.1" 304 - "-" "Mozilla/5.0 (compatible; YandexImages/3.0; +http://yandex.com/bots)"
157.55.33.14 - - [29/Aug/2013:03:56:51 +0300] "GET /robots.txt HTTP/1.1" 200 24 "-" "Mozilla/5.0 (compatible; bingbot/2.0; +http://www.bing.com/bingbot.htm)"
66.249.78.49 - - [29/Aug/2013:03:57:09 +0300] "GET /news/prodam-ryukzak-traveland-wave-8025/ HTTP/1.1" 200 6264 "-" "Mozilla/5.0 (compatible; Googlebot/2.1; +http://www.google.com/bot.html)"
157.55.33.14 - - [29/Aug/2013:03:57:31 +0300] "GET /news/zuevskij-regionalnyj-landshaftnyj-park-27-iyulya/ HTTP/1.1" 200 6990 "-" "Mozilla/5.0 (compatible; bingbot/2.0; +http://www.bing.com/bingbot.htm)"
37.140.141.22 - - [29/Aug/2013:04:04:02 +0300] "GET /wp-includes/images/smilies/icon_confused.gif HTTP/1.1" 304 - "-" "Mozilla/5.0 (compatible; YandexImages/3.0; +http://yandex.com/bots)"
91.207.8.110 - - [29/Aug/2013:04:04:57 +0300] "GET /2013/08/06/ HTTP/1.1" 200 5311 "-" "Mozilla/4.0 (compatible; MSIE 6.0; Windows NT 5.1; SV1; Mozilla/4.0 (compatible; MSIE 6.0; Windows NT 5.1; SV1) ; .NET CLR 1.0.3705)"
91.207.8.110 - - [29/Aug/2013:04:04:58 +0300] "POST /2013/08/06/trackback/ HTTP/1.1" 404 4681 "http://turclub.donntu.edu.ua/2013/08/06/" "Mozilla/4.0 (compatible; MSIE 6.0; Windows NT 5.1)"
66.249.78.49 - - [29/Aug/2013:04:04:58 +0300] "GET /category/news/page/3/ HTTP/1.1" 200 8572 "-" "Mozilla/5.0 (compatible; Googlebot/2.1; +http://www.google.com/bot.html)"
91.207.8.110 - - [29/Aug/2013:04:06:12 +0300] "GET /news/sorochinskij-yarmarok-16-19-avgusta/trackback/ HTTP/1.1" 302 20 "-" "Mozilla/4.0 (compatible; MSIE 6.0; Windows NT 5.1; SV1)"
91.207.8.110 - - [29/Aug/2013:04:06:12 +0300] "GET /news/sorochinskij-yarmarok-16-19-avgusta/ HTTP/1.1" 200 7958 "-" "Mozilla/4.0 (compatible; MSIE 6.0; Windows NT 5.1; SV1)"
91.207.8.110 - - [29/Aug/2013:04:06:13 +0300] "POST /news/sorochinskij-yarmarok-16-19-avgusta/trackback/ HTTP/1.1" 200 85 "http://turclub.donntu.edu.ua/news/sorochinskij-yarmarok-16-19-avgusta/trackback/" "Mozilla/4.0 (compatible; MSIE 6.0; Windows NT 5.1; SV1; Mozilla/4.0 (compatible; MSIE 6.0; Windows NT 5.1; SV1) ; .NET CLR 1.0.3705)"
66.249.78.49 - - [29/Aug/2013:04:11:00 +0300] "GET /feed/ HTTP/1.1" 200 3900 "-" "Mozilla/5.0 (compatible; Googlebot/2.1; +http://www.google.com/bot.html)"
37.140.141.22 - - [29/Aug/2013:04:11:12 +0300] "GET /wp-includes/js/jcrop/Jcrop.gif HTTP/1.1" 304 - "-" "Mozilla/5.0 (compatible; YandexImages/3.0; +http://yandex.com/bots)"
91.207.8.110 - - [29/Aug/2013:04:17:08 +0300] "GET /news/prodam-ryukzak-traveland-wave-8025/ HTTP/1.1" 200 6264 "-" "Mozilla/4.0 (compatible; MSIE 6.0; Windows NT 5.1; SV1)"
91.207.8.110 - - [29/Aug/2013:04:17:09 +0300] "POST /news/prodam-ryukzak-traveland-wave-8025/ HTTP/1.1" 200 6264 "http://turclub.donntu.edu.ua/news/prodam-ryukzak-traveland-wave-8025/" "Mozilla/4.0 (compatible; MSIE 6.0; Windows NT 5.1; SV1)"
37.140.141.22 - - [29/Aug/2013:04:25:13 +0300] "GET /wp-content/themes/NicePen/images/socialicons/more.png HTTP/1.1" 304 - "-" "Mozilla/5.0 (compatible; YandexImages/3.0; +http://yandex.com/bots)"
91.207.8.110 - - [29/Aug/2013:04:33:26 +0300] "GET /news/obzornaya-ekskursiya-po-donecku/ HTTP/1.1" 200 6281 "-" "Mozilla/4.0 (compatible; MSIE 6.0; Windows NT 5.1; SV1; Mozilla/4.0 (compatible; MSIE 6.0; Windows NT 5.1; SV1) ; .NET CLR 1.0.3705)"
91.207.8.110 - - [29/Aug/2013:04:33:27 +0300] "POST /news/obzornaya-ekskursiya-po-donecku/ HTTP/1.1" 200 6281 "http://turclub.donntu.edu.ua/news/obzornaya-ekskursiya-po-donecku/" "Mozilla/4.0 (compatible; MSIE 6.0; Windows NT 5.1; SV1; Mozilla/4.0 (compatible; MSIE 6.0; Windows NT 5.1; SV1) ; .NET CLR 1.0.3705)"
91.207.8.110 - - [29/Aug/2013:04:44:03 +0300] "GET /foto/otchet-arxyz-teberda-maj-2012/ HTTP/1.1" 200 5733 "-" "Mozilla/4.0 (compatible; MSIE 6.0; Windows NT 5.1; SV1; Mozilla/4.0 (compatible; MSIE 6.0; Windows NT 5.1; SV1) ; .NET CLR 1.0.3705)"
91.207.8.110 - - [29/Aug/2013:04:44:04 +0300] "POST /foto/otchet-arxyz-teberda-maj-2012/ HTTP/1.1" 200 5733 "http://turclub.donntu.edu.ua/foto/otchet-arxyz-teberda-maj-2012/" "Mozilla/4.0 (compatible; MSIE 6.0; Windows NT 5.1; SV1; Mozilla/4.0 (compatible; MSIE 6.0; Windows NT 5.1; SV1) ; .NET CLR 2.0.50727 ; .NET CLR 4.0.30319)"
91.207.8.110 - - [29/Aug/2013:04:50:37 +0300] "GET /2013/02/19/ HTTP/1.1" 200 5532 "-" "Mozilla/4.0 (compatible; MSIE 6.0; Windows NT 5.1; SV1; Mozilla/4.0 (compatible; MSIE 6.0; Windows NT 5.1; SV1) )"
91.207.8.110 - - [29/Aug/2013:04:50:37 +0300] "POST /2013/02/19/trackback/ HTTP/1.1" 404 4681 "http://turclub.donntu.edu.ua/2013/02/19/" "Mozilla/4.0 (compatible; MSIE 6.0; Windows NT 5.1; SV1; Mozilla/4.0 (compatible; MSIE 6.0; Windows NT 5.1; SV1) ; .NET CLR 2.0.50727 ; .NET CLR 4.0.30319)"
37.140.141.22 - - [29/Aug/2013:04:55:37 +0300] "GET /icons/text.gif HTTP/1.1" 304 - "-" "Mozilla/5.0 (compatible; YandexImages/3.0; +http://yandex.com/bots)"
66.249.78.49 - - [29/Aug/2013:04:58:00 +0300] "GET /robots.txt HTTP/1.1" 200 44 "-" "Mozilla/5.0 (compatible; Googlebot/2.1; +http://www.google.com/bot.html)"
37.140.141.22 - - [29/Aug/2013:04:58:51 +0300] "GET /icons/compressed.gif HTTP/1.1" 304 - "-" "Mozilla/5.0 (compatible; YandexImages/3.0; +http://yandex.com/bots)"
37.140.141.22 - - [29/Aug/2013:05:01:15 +0300] "GET /wp-includes/images/smilies/icon_mrgreen.gif HTTP/1.1" 304 - "-" "Mozilla/5.0 (compatible; YandexImages/3.0; +http://yandex.com/bots)"
37.140.141.22 - - [29/Aug/2013:05:04:32 +0300] "GET /wp-content/themes/NicePen/images/folder.png HTTP/1.1" 304 - "-" "Mozilla/5.0 (compatible; YandexImages/3.0; +http://yandex.com/bots)"
37.140.141.22 - - [29/Aug/2013:05:06:33 +0300] "GET /wp-content/themes/NicePen/images/user.png HTTP/1.1" 200 741 "-" "Mozilla/5.0 (compatible; YandexImages/3.0; +http://yandex.com/bots)"
37.140.141.22 - - [29/Aug/2013:05:08:56 +0300] "GET /wp-includes/images/smilies/icon_evil.gif HTTP/1.1" 200 236 "-" "Mozilla/5.0 (compatible; YandexImages/3.0; +http://yandex.com/bots)"
37.140.141.22 - - [29/Aug/2013:05:11:04 +0300] "GET /wp-content/themes/NicePen/images/socialicons/vkontakte.png HTTP/1.1" 304 - "-" "Mozilla/5.0 (compatible; YandexImages/3.0; +http://yandex.com/bots)"
46.29.20.250 - - [29/Aug/2013:05:12:00 +0300] "POST /wp-login.php HTTP/1.1" 200 2057 "-" "-"
46.29.20.250 - - [29/Aug/2013:05:12:01 +0300] "GET /wp-admin/post-new.php HTTP/1.1" 302 20 "http://turclub.donntu.edu.ua/wp-admin/post-new.php" "Mozilla/5.0 (Windows; U; Windows NT 5.1; en-US; rv:1.6b) Gecko/20031212 Firebird/0.7+"
37.140.141.22 - - [29/Aug/2013:05:13:45 +0300] "GET /wp-includes/images/smilies/icon_exclaim.gif HTTP/1.1" 200 236 "-" "Mozilla/5.0 (compatible; YandexImages/3.0; +http://yandex.com/bots)"
37.140.141.22 - - [29/Aug/2013:05:16:04 +0300] "GET /wp-content/pictures/georgia_2012.jpg HTTP/1.1" 404 16558 "-" "Mozilla/5.0 (compatible; YandexImages/3.0; +http://yandex.com/bots)"
37.140.141.22 - - [29/Aug/2013:05:18:32 +0300] "GET /wp-content/documents/%D0%9A%D0%B0%D1%80%D1%82%D0%B0%20%D0%93%D1%80%D1%83%D0%B7%D0%B8%D1%8F%202013.jpg HTTP/1.1" 304 - "-" "Mozilla/5.0 (compatible; YandexImages/3.0; +http://yandex.com/bots)"
91.207.8.110 - - [29/Aug/2013:05:19:19 +0300] "GET /news/kategorijnyj-gornyj-poxod-v-prielbruse-v-konce-avgusta/trackback/ HTTP/1.1" 302 20 "-" "Mozilla/4.0 (compatible; MSIE 6.0; Windows NT 5.1; SV1; Mozilla/4.0 (compatible; MSIE 6.0; Windows NT 5.1; SV1) )"
91.207.8.110 - - [29/Aug/2013:05:19:20 +0300] "GET /news/kategorijnyj-gornyj-poxod-v-prielbruse-v-konce-avgusta/ HTTP/1.1" 200 6275 "-" "Mozilla/4.0 (compatible; MSIE 6.0; Windows NT 5.1; SV1; Mozilla/4.0 (compatible; MSIE 6.0; Windows NT 5.1; SV1) )"
91.207.8.110 - - [29/Aug/2013:05:19:20 +0300] "POST /news/kategorijnyj-gornyj-poxod-v-prielbruse-v-konce-avgusta/trackback/ HTTP/1.1" 200 85 "http://turclub.donntu.edu.ua/news/kategorijnyj-gornyj-poxod-v-prielbruse-v-konce-avgusta/trackback/" "Mozilla/4.0 (compatible; MSIE 6.0; Windows NT 5.1)"
66.249.78.49 - - [29/Aug/2013:05:19:38 +0300] "GET /page/2/ HTTP/1.1" 200 14041 "-" "Mozilla/5.0 (compatible; Googlebot/2.1; +http://www.google.com/bot.html)"
37.140.141.22 - - [29/Aug/2013:05:21:08 +0300] "GET /wp-content/pictures/Georgia_map_2013.jpg HTTP/1.1" 304 - "-" "Mozilla/5.0 (compatible; YandexImages/3.0; +http://yandex.com/bots)"
66.249.78.49 - - [29/Aug/2013:05:23:26 +0300] "GET /news/gornye-lyzhi-v-mariupole-19-yanvarya/ HTTP/1.1" 200 6440 "-" "Mozilla/5.0 (compatible; Googlebot/2.1; +http://www.google.com/bot.html)"
37.140.141.22 - - [29/Aug/2013:05:23:46 +0300] "GET /wp-includes/js/tinymce/plugins/wordpress/img/media.gif HTTP/1.1" 304 - "-" "Mozilla/5.0 (compatible; YandexImages/3.0; +http://yandex.com/bots)"
91.207.8.110 - - [29/Aug/2013:05:24:42 +0300] "GET /2013/03/11/ HTTP/1.1" 200 5645 "-" "Mozilla/4.0 (compatible; MSIE 6.0; Windows NT 5.1; SV1)"
91.207.8.110 - - [29/Aug/2013:05:24:43 +0300] "POST /2013/03/11/trackback/ HTTP/1.1" 404 4681 "http://turclub.donntu.edu.ua/2013/03/11/" "Mozilla/4.0 (compatible; MSIE 6.0; Windows NT 5.1; SV1)"
37.140.141.22 - - [29/Aug/2013:05:26:38 +0300] "GET /wp-admin/images/wordpress-logo.png HTTP/1.1" 304 - "-" "Mozilla/5.0 (compatible; YandexImages/3.0; +http://yandex.com/bots)"
37.140.141.22 - - [29/Aug/2013:05:29:11 +0300] "GET /wp-includes/images/smilies/icon_smile.gif HTTP/1.1" 200 174 "-" "Mozilla/5.0 (compatible; YandexImages/3.0; +http://yandex.com/bots)"
157.55.33.14 - - [29/Aug/2013:05:29:46 +0300] "GET /robots.txt HTTP/1.1" 200 24 "-" "Mozilla/5.0 (compatible; bingbot/2.0; +http://www.bing.com/bingbot.htm)"
157.55.33.14 - - [29/Aug/2013:05:30:10 +0300] "GET /news/poezdka-na-xorticu-8-9-iyunya/ HTTP/1.1" 200 6962 "-" "Mozilla/5.0 (compatible; bingbot/2.0; +http://www.bing.com/bingbot.htm)"
37.140.141.22 - - [29/Aug/2013:05:31:40 +0300] "GET /wp-includes/js/tinymce/plugins/wordpress/img/embedded.png HTTP/1.1" 304 - "-" "Mozilla/5.0 (compatible; YandexImages/3.0; +http://yandex.com/bots)"
37.140.141.22 - - [29/Aug/2013:05:34:21 +0300] "GET /wp-content/pictures/England.jpg HTTP/1.1" 304 - "-" "Mozilla/5.0 (compatible; YandexImages/3.0; +http://yandex.com/bots)"
37.140.141.22 - - [29/Aug/2013:05:37:32 +0300] "GET /wp-includes/images/smilies/icon_arrow.gif HTTP/1.1" 200 170 "-" "Mozilla/5.0 (compatible; YandexImages/3.0; +http://yandex.com/bots)"
37.140.141.22 - - [29/Aug/2013:05:40:23 +0300] "GET /wp-includes/images/admin-bar-sprite.png HTTP/1.1" 304 - "-" "Mozilla/5.0 (compatible; YandexImages/3.0; +http://yandex.com/bots)"
37.140.141.22 - - [29/Aug/2013:05:43:37 +0300] "GET /wp-includes/images/smilies/icon_mad.gif HTTP/1.1" 200 174 "-" "Mozilla/5.0 (compatible; YandexImages/3.0; +http://yandex.com/bots)"
37.140.141.22 - - [29/Aug/2013:05:46:25 +0300] "GET /wp-content/pictures/Sorochinskiy%20yarmarok.jpg HTTP/1.1" 304 - "-" "Mozilla/5.0 (compatible; YandexImages/3.0; +http://yandex.com/bots)"
91.207.8.110 - - [29/Aug/2013:05:48:59 +0300] "GET /2013/02/26/ HTTP/1.1" 200 5481 "-" "Mozilla/4.0 (compatible; MSIE 6.0; Windows NT 5.1; SV1; Mozilla/4.0 (compatible; MSIE 6.0; Windows NT 5.1; SV1) ; .NET CLR 1.0.3705)"
91.207.8.110 - - [29/Aug/2013:05:49:02 +0300] "POST /2013/02/26/trackback/ HTTP/1.1" 404 4681 "http://turclub.donntu.edu.ua/2013/02/26/" "Mozilla/4.0 (compatible; MSIE 6.0; Windows NT 5.1; SV1)"
37.140.141.22 - - [29/Aug/2013:05:49:07 +0300] "GET /wp-includes/images/wlw/wp-icon.png HTTP/1.1" 200 779 "-" "Mozilla/5.0 (compatible; YandexImages/3.0; +http://yandex.com/bots)"
91.207.8.110 - - [29/Aug/2013:05:51:11 +0300] "GET /news/prodam-spalnik-pinguin-expert-s/ HTTP/1.1" 200 6626 "-" "Mozilla/4.0 (compatible; MSIE 6.0; Windows NT 5.1; SV1)"
91.207.8.110 - - [29/Aug/2013:05:51:11 +0300] "POST /news/prodam-spalnik-pinguin-expert-s/ HTTP/1.1" 200 6627 "http://turclub.donntu.edu.ua/news/prodam-spalnik-pinguin-expert-s/" "Mozilla/4.0 (compatible; MSIE 6.0; Windows NT 5.1)"
37.140.141.22 - - [29/Aug/2013:05:51:58 +0300] "GET /wp-content/pictures/Boreal%20Falcon.png HTTP/1.1" 304 - "-" "Mozilla/5.0 (compatible; YandexImages/3.0; +http://yandex.com/bots)"
37.140.141.22 - - [29/Aug/2013:05:54:56 +0300] "GET /wp-content/pictures/Pinguin%20Expert2.jpg HTTP/1.1" 304 - "-" "Mozilla/5.0 (compatible; YandexImages/3.0; +http://yandex.com/bots)"
37.140.141.22 - - [29/Aug/2013:05:57:42 +0300] "GET /wp-content/pictures/Sorochinskiy%2520yarmarok.jpg HTTP/1.1" 404 16558 "-" "Mozilla/5.0 (compatible; YandexImages/3.0; +http://yandex.com/bots)"
91.207.8.110 - - [29/Aug/2013:05:59:57 +0300] "GET /2013/02/ HTTP/1.1" 200 6251 "-" "Mozilla/4.0 (compatible; MSIE 6.0; Windows NT 5.1; SV1)"
91.207.8.110 - - [29/Aug/2013:05:59:58 +0300] "POST /2013/02/trackback/ HTTP/1.1" 404 4681 "http://turclub.donntu.edu.ua/2013/02/" "Mozilla/4.0 (compatible; MSIE 6.0; Windows NT 5.1; SV1; Mozilla/4.0 (compatible; MSIE 6.0; Windows NT 5.1; SV1) ; .NET CLR 1.0.3705)"
91.207.8.110 - - [29/Aug/2013:06:00:18 +0300] "GET /2013/04/ HTTP/1.1" 200 7111 "-" "Mozilla/4.0 (compatible; MSIE 6.0; Windows NT 5.1; SV1; Mozilla/4.0 (compatible; MSIE 6.0; Windows NT 5.1; SV1) ; .NET CLR 2.0.50727 ; .NET CLR 4.0.30319)"
91.207.8.110 - - [29/Aug/2013:06:00:19 +0300] "POST /2013/04/trackback/ HTTP/1.1" 404 4681 "http://turclub.donntu.edu.ua/2013/04/" "Mozilla/4.0 (compatible; MSIE 6.0; Windows NT 5.1; SV1; Mozilla/4.0 (compatible; MSIE 6.0; Windows NT 5.1; SV1) ; .NET CLR 1.0.3705)"
37.140.141.22 - - [29/Aug/2013:06:00:29 +0300] "GET /wp-content/pictures/Supernova%20Parka2.jpg HTTP/1.1" 304 - "-" "Mozilla/5.0 (compatible; YandexImages/3.0; +http://yandex.com/bots)"
157.55.33.14 - - [29/Aug/2013:06:01:12 +0300] "GET /2012/12/29/ HTTP/1.1" 200 6008 "-" "Mozilla/5.0 (compatible; bingbot/2.0; +http://www.bing.com/bingbot.htm)"
37.140.141.22 - - [29/Aug/2013:06:03:12 +0300] "GET /wp-includes/images/crystal/code.png HTTP/1.1" 304 - "-" "Mozilla/5.0 (compatible; YandexImages/3.0; +http://yandex.com/bots)"
37.140.141.22 - - [29/Aug/2013:06:05:51 +0300] "GET /wp-includes/images/smilies/icon_surprised.gif HTTP/1.1" 200 174 "-" "Mozilla/5.0 (compatible; YandexImages/3.0; +http://yandex.com/bots)"
66.249.78.49 - - [29/Aug/2013:06:06:42 +0300] "GET /robots.txt HTTP/1.1" 200 44 "-" "Mozilla/5.0 (compatible; Googlebot/2.1; +http://www.google.com/bot.html)"
66.249.78.49 - - [29/Aug/2013:06:06:42 +0300] "GET /news/poezdka-v-soledar-17-marta/ HTTP/1.1" 200 5974 "-" "Mozilla/5.0 (compatible; Googlebot/2.1; +http://www.google.com/bot.html)"
91.207.8.110 - - [29/Aug/2013:06:08:30 +0300] "GET /news/zuevskij-regionalnyj-landshaftnyj-park-27-iyulya/ HTTP/1.1" 200 6990 "-" "Mozilla/4.0 (compatible; MSIE 6.0; Windows NT 5.1)"
91.207.8.110 - - [29/Aug/2013:06:08:30 +0300] "POST /news/zuevskij-regionalnyj-landshaftnyj-park-27-iyulya/trackback/ HTTP/1.1" 200 85 "http://turclub.donntu.edu.ua/news/zuevskij-regionalnyj-landshaftnyj-park-27-iyulya/" "Mozilla/4.0 (compatible; MSIE 6.0; Windows NT 5.1; SV1; Mozilla/4.0 (compatible; MSIE 6.0; Windows NT 5.1; SV1) )"
37.140.141.22 - - [29/Aug/2013:06:08:41 +0300] "GET /wp-content/pictures/Supernova%20Parka1.jpg HTTP/1.1" 304 - "-" "Mozilla/5.0 (compatible; YandexImages/3.0; +http://yandex.com/bots)"
37.140.141.22 - - [29/Aug/2013:06:11:21 +0300] "GET /wp-includes/images/wlw/wp-comments.png HTTP/1.1" 200 1442 "-" "Mozilla/5.0 (compatible; YandexImages/3.0; +http://yandex.com/bots)"
37.140.141.22 - - [29/Aug/2013:06:13:52 +0300] "GET /wp-includes/images/crystal/document.png HTTP/1.1" 304 - "-" "Mozilla/5.0 (compatible; YandexImages/3.0; +http://yandex.com/bots)"
66.249.78.49 - - [29/Aug/2013:06:16:38 +0300] "GET /news/dvuxnedelnye-kursy-izucheniya-anglijskogo-v-anglii-15-26-iyulya/ HTTP/1.1" 200 6820 "-" "Mozilla/5.0 (iPhone; U; CPU iPhone OS 4_1 like Mac OS X; en-us) AppleWebKit/532.9 (KHTML, like Gecko) Version/4.0.5 Mobile/8B117 Safari/6531.22.7 (compatible; Googlebot-Mobile/2.1; +http://www.google.com/bot.html)"
37.140.141.22 - - [29/Aug/2013:06:17:17 +0300] "GET /wp-includes/images/crystal/archive.png HTTP/1.1" 304 - "-" "Mozilla/5.0 (compatible; YandexImages/3.0; +http://yandex.com/bots)"
37.140.141.22 - - [29/Aug/2013:06:19:51 +0300] "GET /wp-includes/images/smilies/icon_question.gif HTTP/1.1" 200 248 "-" "Mozilla/5.0 (compatible; YandexImages/3.0; +http://yandex.com/bots)"
37.140.141.22 - - [29/Aug/2013:06:22:02 +0300] "GET /icons/folder.gif HTTP/1.1" 304 - "-" "Mozilla/5.0 (compatible; YandexImages/3.0; +http://yandex.com/bots)"
66.249.78.49 - - [29/Aug/2013:06:22:36 +0300] "GET /wp-content/documents/Krasavica_Guculija.doc HTTP/1.1" 304 - "-" "Mozilla/5.0 (compatible; Googlebot/2.1; +http://www.google.com/bot.html)"
91.207.8.110 - - [29/Aug/2013:06:22:40 +0300] "GET /2012/10/16/ HTTP/1.1" 200 5622 "-" "Mozilla/4.0 (compatible; MSIE 6.0; Windows NT 5.1; SV1; Mozilla/4.0 (compatible; MSIE 6.0; Windows NT 5.1; SV1) )"
91.207.8.110 - - [29/Aug/2013:06:22:41 +0300] "POST /2012/10/16/trackback/ HTTP/1.1" 404 4681 "http://turclub.donntu.edu.ua/2012/10/16/" "Mozilla/4.0 (compatible; MSIE 6.0; Windows NT 5.1; SV1)"
37.140.141.22 - - [29/Aug/2013:06:24:56 +0300] "GET /wp-content/themes/NicePen/images/socialicons/more.png HTTP/1.1" 200 1885 "-" "Mozilla/5.0 (compatible; YandexImages/3.0; +http://yandex.com/bots)"
37.140.141.22 - - [29/Aug/2013:06:27:32 +0300] "GET /icons/compressed.gif HTTP/1.1" 304 - "-" "Mozilla/5.0 (compatible; YandexImages/3.0; +http://yandex.com/bots)"
91.207.8.110 - - [29/Aug/2013:06:28:16 +0300] "GET /2012/02/ HTTP/1.1" 200 6074 "-" "Mozilla/4.0 (compatible; MSIE 6.0; Windows NT 5.1; SV1; Mozilla/4.0 (compatible; MSIE 6.0; Windows NT 5.1; SV1) ; .NET CLR 1.0.3705)"
91.207.8.110 - - [29/Aug/2013:06:28:17 +0300] "POST /2012/02/trackback/ HTTP/1.1" 404 4681 "http://turclub.donntu.edu.ua/2012/02/" "Mozilla/4.0 (compatible; MSIE 6.0; Windows NT 5.1)"
37.140.141.22 - - [29/Aug/2013:06:30:10 +0300] "GET /wp-content/pictures/georgia_2013.jpg HTTP/1.1" 304 - "-" "Mozilla/5.0 (compatible; YandexImages/3.0; +http://yandex.com/bots)"
91.207.8.110 - - [29/Aug/2013:06:31:06 +0300] "GET /2013/08/ HTTP/1.1" 200 5301 "-" "Mozilla/4.0 (compatible; MSIE 6.0; Windows NT 5.1)"
91.207.8.110 - - [29/Aug/2013:06:31:07 +0300] "POST /2013/08/trackback/ HTTP/1.1" 404 4681 "http://turclub.donntu.edu.ua/2013/08/" "Mozilla/4.0 (compatible; MSIE 6.0; Windows NT 5.1; SV1; Mozilla/4.0 (compatible; MSIE 6.0; Windows NT 5.1; SV1) )"
37.140.141.22 - - [29/Aug/2013:06:32:56 +0300] "GET /wp-includes/js/tinymce/plugins/wpeditimage/img/delete.png HTTP/1.1" 304 - "-" "Mozilla/5.0 (compatible; YandexImages/3.0; +http://yandex.com/bots)"
95.108.245.251 - - [29/Aug/2013:06:33:48 +0300] "GET /category/foto/ HTTP/1.1" 200 5853 "-" "Mozilla/5.0 (compatible; YandexBot/3.0; +http://yandex.com/bots)"
37.140.141.22 - - [29/Aug/2013:06:35:54 +0300] "GET /wp-includes/js/thickbox/loadingAnimation.gif HTTP/1.1" 304 - "-" "Mozilla/5.0 (compatible; YandexImages/3.0; +http://yandex.com/bots)"
37.140.141.22 - - [29/Aug/2013:06:38:04 +0300] "GET /wp-content/pictures/about.jpg HTTP/1.1" 304 - "-" "Mozilla/5.0 (compatible; YandexImages/3.0; +http://yandex.com/bots)"
37.140.141.22 - - [29/Aug/2013:06:40:21 +0300] "GET /wp-content/pictures/%D1%81%D0%BE%D0%BB%D1%8F%D0%BD%D0%BE%D0%B9_%D0%B1%D0%B0%D1%80.jpg HTTP/1.1" 304 - "-" "Mozilla/5.0 (compatible; YandexImages/3.0; +http://yandex.com/bots)"
37.140.141.22 - - [29/Aug/2013:06:43:02 +0300] "GET /wp-includes/js/tinymce/themes/advanced/img/gotmoxie.png HTTP/1.1" 200 983 "-" "Mozilla/5.0 (compatible; YandexImages/3.0; +http://yandex.com/bots)"
37.140.141.22 - - [29/Aug/2013:06:46:31 +0300] "GET /wp-includes/images/smilies/icon_neutral.gif HTTP/1.1" 200 171 "-" "Mozilla/5.0 (compatible; YandexImages/3.0; +http://yandex.com/bots)"
37.140.141.22 - - [29/Aug/2013:06:49:33 +0300] "GET /wp-includes/images/wlw/wp-watermark.png HTTP/1.1" 304 - "-" "Mozilla/5.0 (compatible; YandexImages/3.0; +http://yandex.com/bots)"
37.140.141.22 - - [29/Aug/2013:06:52:41 +0300] "GET /wp-includes/js/tinymce/plugins/wordpress/img/video.gif HTTP/1.1" 304 - "-" "Mozilla/5.0 (compatible; YandexImages/3.0; +http://yandex.com/bots)"
37.140.141.22 - - [29/Aug/2013:06:55:20 +0300] "GET /icons/text.gif HTTP/1.1" 200 229 "-" "Mozilla/5.0 (compatible; YandexImages/3.0; +http://yandex.com/bots)"
66.249.78.49 - - [29/Aug/2013:06:57:39 +0300] "GET /2013/01/24/ HTTP/1.1" 200 5854 "-" "SAMSUNG-SGH-E250/1.0 Profile/MIDP-2.0 Configuration/CLDC-1.1 UP.Browser/6.2.3.3.c.1.101 (GUI) MMP/2.0 (compatible; Googlebot-Mobile/2.1; +http://www.google.com/bot.html)"
37.140.141.22 - - [29/Aug/2013:06:58:04 +0300] "GET /wp-content/pictures/%D1%81%D0%BA%D0%B0%D0%BB%D0%BE%D0%BB%D0%B0%D0%B7.jpg HTTP/1.1" 304 - "-" "Mozilla/5.0 (compatible; YandexImages/3.0; +http://yandex.com/bots)"
66.249.78.49 - - [29/Aug/2013:06:58:16 +0300] "GET /page/4/ HTTP/1.1" 200 12882 "-" "Mozilla/5.0 (compatible; Googlebot/2.1; +http://www.google.com/bot.html)"
37.140.141.22 - - [29/Aug/2013:07:00:54 +0300] "GET /wp-includes/images/upload.png HTTP/1.1" 304 - "-" "Mozilla/5.0 (compatible; YandexImages/3.0; +http://yandex.com/bots)"
91.207.8.110 - - [29/Aug/2013:07:01:16 +0300] "GET /news/poxod-v-krym-na-majskie-prazdniki/ HTTP/1.1" 200 6362 "-" "Mozilla/4.0 (compatible; MSIE 6.0; Windows NT 5.1; SV1; Mozilla/4.0 (compatible; MSIE 6.0; Windows NT 5.1; SV1) ; .NET CLR 2.0.50727 ; .NET CLR 4.0.30319)"
91.207.8.110 - - [29/Aug/2013:07:01:17 +0300] "POST /news/poxod-v-krym-na-majskie-prazdniki/ HTTP/1.1" 200 6362 "http://turclub.donntu.edu.ua/news/poxod-v-krym-na-majskie-prazdniki/" "Mozilla/4.0 (compatible; MSIE 6.0; Windows NT 5.1; SV1; Mozilla/4.0 (compatible; MSIE 6.0; Windows NT 5.1; SV1) ; .NET CLR 1.0.3705)"
37.140.141.22 - - [29/Aug/2013:07:03:09 +0300] "GET /wp-content/pictures/Askania-nova.jpg HTTP/1.1" 304 - "-" "Mozilla/5.0 (compatible; YandexImages/3.0; +http://yandex.com/bots)"
37.140.141.22 - - [29/Aug/2013:07:05:42 +0300] "GET /wp-content/pictures/TowerLite1.jpg HTTP/1.1" 304 - "-" "Mozilla/5.0 (compatible; YandexImages/3.0; +http://yandex.com/bots)"
37.140.141.22 - - [29/Aug/2013:07:08:34 +0300] "GET /wp-content/pictures/Kamenets-Podolskiy.jpg HTTP/1.1" 304 - "-" "Mozilla/5.0 (compatible; YandexImages/3.0; +http://yandex.com/bots)"
37.140.141.22 - - [29/Aug/2013:07:11:23 +0300] "GET /wp-includes/images/smilies/icon_confused.gif HTTP/1.1" 200 171 "-" "Mozilla/5.0 (compatible; YandexImages/3.0; +http://yandex.com/bots)"
91.241.204.118 - - [29/Aug/2013:07:13:34 +0300] "GET / HTTP/1.1" 200 12011 "http://donntu.edu.ua/index.php?option=com_content&view=article&id=71&Itemid=2&lang=uk" "Opera/9.80 (Android 4.0.3; Linux; Opera Mobi/ADR-1207201819; U; ru) Presto/2.10.254 Version/12.00"
91.241.204.118 - - [29/Aug/2013:07:13:35 +0300] "GET /wp-content/themes/NicePen/css/screen.css HTTP/1.1" 200 11640 "http://turclub.donntu.edu.ua/" "Opera/9.80 (Android 4.0.3; Linux; Opera Mobi/ADR-1207201819; U; ru) Presto/2.10.254 Version/12.00"
91.241.204.118 - - [29/Aug/2013:07:13:35 +0300] "GET /favicon.ico HTTP/1.1" 200 - "http://turclub.donntu.edu.ua/" "Opera/9.80 (Android 4.0.3; Linux; Opera Mobi/ADR-1207201819; U; ru) Presto/2.10.254 Version/12.00"
91.241.204.118 - - [29/Aug/2013:07:13:35 +0300] "GET /wp-content/themes/NicePen/jdgallery/jd.gallery.js HTTP/1.1" 200 28033 "http://turclub.donntu.edu.ua/" "Opera/9.80 (Android 4.0.3; Linux; Opera Mobi/ADR-1207201819; U; ru) Presto/2.10.254 Version/12.00"
91.241.204.118 - - [29/Aug/2013:07:13:35 +0300] "GET /wp-content/themes/NicePen/jdgallery/jd.gallery.transitions.js HTTP/1.1" 200 3156 "http://turclub.donntu.edu.ua/" "Opera/9.80 (Android 4.0.3; Linux; Opera Mobi/ADR-1207201819; U; ru) Presto/2.10.254 Version/12.00"
91.241.204.118 - - [29/Aug/2013:07:13:35 +0300] "GET /wp-content/themes/NicePen/jdgallery/mootools-1.2.5-core-yc.js HTTP/1.1" 200 66798 "http://turclub.donntu.edu.ua/" "Opera/9.80 (Android 4.0.3; Linux; Opera Mobi/ADR-1207201819; U; ru) Presto/2.10.254 Version/12.00"
91.241.204.118 - - [29/Aug/2013:07:13:35 +0300] "GET /wp-content/themes/NicePen/jdgallery/mootools-1.2-more.js HTTP/1.1" 200 11986 "http://turclub.donntu.edu.ua/" "Opera/9.80 (Android 4.0.3; Linux; Opera Mobi/ADR-1207201819; U; ru) Presto/2.10.254 Version/12.00"
91.241.204.118 - - [29/Aug/2013:07:13:35 +0300] "GET /wp-content/themes/NicePen/images/kaukas.jpg HTTP/1.1" 200 33228 "http://turclub.donntu.edu.ua/" "Opera/9.80 (Android 4.0.3; Linux; Opera Mobi/ADR-1207201819; U; ru) Presto/2.10.254 Version/12.00"
91.241.204.118 - - [29/Aug/2013:07:13:35 +0300] "GET /wp-content/themes/NicePen/menu/mootools-1.2.5-core-yc.js HTTP/1.1" 200 66798 "http://turclub.donntu.edu.ua/" "Opera/9.80 (Android 4.0.3; Linux; Opera Mobi/ADR-1207201819; U; ru) Presto/2.10.254 Version/12.00"
91.241.204.118 - - [29/Aug/2013:07:13:35 +0300] "GET /wp-content/plugins/events-calendar/js/jquery.tooltip.min.js?ver=1.3 HTTP/1.1" 200 4553 "http://turclub.donntu.edu.ua/" "Opera/9.80 (Android 4.0.3; Linux; Opera Mobi/ADR-1207201819; U; ru) Presto/2.10.254 Version/12.00"
91.241.204.118 - - [29/Aug/2013:07:13:35 +0300] "GET /wp-includes/js/l10n.js?ver=20101110 HTTP/1.1" 200 308 "http://turclub.donntu.edu.ua/" "Opera/9.80 (Android 4.0.3; Linux; Opera Mobi/ADR-1207201819; U; ru) Presto/2.10.254 Version/12.00"
91.241.204.118 - - [29/Aug/2013:07:13:35 +0300] "GET /wp-content/plugins/events-calendar/js/jquery.bgiframe.js?ver=2.1 HTTP/1.1" 200 5044 "http://turclub.donntu.edu.ua/" "Opera/9.80 (Android 4.0.3; Linux; Opera Mobi/ADR-1207201819; U; ru) Presto/2.10.254 Version/12.00"
91.241.204.118 - - [29/Aug/2013:07:13:35 +0300] "GET /wp-content/themes/NicePen/menu/MenuMatic_0.68.3.js HTTP/1.1" 200 25884 "http://turclub.donntu.edu.ua/" "Opera/9.80 (Android 4.0.3; Linux; Opera Mobi/ADR-1207201819; U; ru) Presto/2.10.254 Version/12.00"
91.241.204.118 - - [29/Aug/2013:07:13:35 +0300] "GET /wp-content/themes/NicePen/images/date.png HTTP/1.1" 200 572 "http://turclub.donntu.edu.ua/" "Opera/9.80 (Android 4.0.3; Linux; Opera Mobi/ADR-1207201819; U; ru) Presto/2.10.254 Version/12.00"
91.241.204.118 - - [29/Aug/2013:07:13:35 +0300] "GET /wp-includes/js/jquery/jquery.js?ver=1.6.1 HTTP/1.1" 200 91381 "http://turclub.donntu.edu.ua/" "Opera/9.80 (Android 4.0.3; Linux; Opera Mobi/ADR-1207201819; U; ru) Presto/2.10.254 Version/12.00"
91.241.204.118 - - [29/Aug/2013:07:13:36 +0300] "GET /wp-includes/js/thickbox/thickbox.js?ver=3.1-20110528 HTTP/1.1" 200 12771 "http://turclub.donntu.edu.ua/" "Opera/9.80 (Android 4.0.3; Linux; Opera Mobi/ADR-1207201819; U; ru) Presto/2.10.254 Version/12.00"
91.241.204.118 - - [29/Aug/2013:07:13:36 +0300] "GET /wp-includes/js/thickbox/thickbox.css HTTP/1.1" 200 4026 "http://turclub.donntu.edu.ua/" "Opera/9.80 (Android 4.0.3; Linux; Opera Mobi/ADR-1207201819; U; ru) Presto/2.10.254 Version/12.00"
91.241.204.118 - - [29/Aug/2013:07:13:36 +0300] "GET /wp-content/themes/NicePen/style.css HTTP/1.1" 200 13354 "http://turclub.donntu.edu.ua/" "Opera/9.80 (Android 4.0.3; Linux; Opera Mobi/ADR-1207201819; U; ru) Presto/2.10.254 Version/12.00"
91.241.204.118 - - [29/Aug/2013:07:13:36 +0300] "GET /wp-content/plugins/mlanguage/mlanguage.js?ver=3.2.1 HTTP/1.1" 200 2266 "http://turclub.donntu.edu.ua/" "Opera/9.80 (Android 4.0.3; Linux; Opera Mobi/ADR-1207201819; U; ru) Presto/2.10.254 Version/12.00"
91.241.204.118 - - [29/Aug/2013:07:13:36 +0300] "GET /wp-content/plugins/cforms/js/cforms.js HTTP/1.1" 200 33578 "http://turclub.donntu.edu.ua/" "Opera/9.80 (Android 4.0.3; Linux; Opera Mobi/ADR-1207201819; U; ru) Presto/2.10.254 Version/12.00"
91.241.204.118 - - [29/Aug/2013:07:13:36 +0300] "GET /wp-includes/js/jquery/ui.core.js?ver=1.8.12 HTTP/1.1" 200 4343 "http://turclub.donntu.edu.ua/" "Opera/9.80 (Android 4.0.3; Linux; Opera Mobi/ADR-1207201819; U; ru) Presto/2.10.254 Version/12.00"
91.241.204.118 - - [29/Aug/2013:07:13:36 +0300] "GET /wp-content/themes/NicePen/menu/MenuMatic.css HTTP/1.1" 200 3245 "http://turclub.donntu.edu.ua/" "Opera/9.80 (Android 4.0.3; Linux; Opera Mobi/ADR-1207201819; U; ru) Presto/2.10.254 Version/12.00"
91.241.204.118 - - [29/Aug/2013:07:13:36 +0300] "GET /wp-content/plugins/wp-monalisa/wp-monalisa-default.css HTTP/1.1" 200 2310 "http://turclub.donntu.edu.ua/" "Opera/9.80 (Android 4.0.3; Linux; Opera Mobi/ADR-1207201819; U; ru) Presto/2.10.254 Version/12.00"
91.241.204.118 - - [29/Aug/2013:07:13:37 +0300] "GET /wp-content/plugins/events-calendar/css/events-calendar.css HTTP/1.1" 200 4144 "http://turclub.donntu.edu.ua/" "Opera/9.80 (Android 4.0.3; Linux; Opera Mobi/ADR-1207201819; U; ru) Presto/2.10.254 Version/12.00"
91.241.204.118 - - [29/Aug/2013:07:13:37 +0300] "GET /wp-content/themes/NicePen/css/print.css HTTP/1.1" 200 1311 "http://turclub.donntu.edu.ua/" "Opera/9.80 (Android 4.0.3; Linux; Opera Mobi/ADR-1207201819; U; ru) Presto/2.10.254 Version/12.00"
91.241.204.118 - - [29/Aug/2013:07:13:37 +0300] "GET /wp-content/pictures/georgia_2013.jpg HTTP/1.1" 200 18198 "http://turclub.donntu.edu.ua/" "Opera/9.80 (Android 4.0.3; Linux; Opera Mobi/ADR-1207201819; U; ru) Presto/2.10.254 Version/12.00"
91.241.204.118 - - [29/Aug/2013:07:13:37 +0300] "GET /wp-content/plugins/wp-monalisa/wpml_script.js?ver=9999 HTTP/1.1" 200 3246 "http://turclub.donntu.edu.ua/" "Opera/9.80 (Android 4.0.3; Linux; Opera Mobi/ADR-1207201819; U; ru) Presto/2.10.254 Version/12.00"
91.241.204.118 - - [29/Aug/2013:07:13:37 +0300] "GET /wp-content/pictures/%D1%81%D0%BA%D0%B0%D0%BB%D0%BE%D0%BB%D0%B0%D0%B7.jpg HTTP/1.1" 200 107697 "http://turclub.donntu.edu.ua/" "Opera/9.80 (Android 4.0.3; Linux; Opera Mobi/ADR-1207201819; U; ru) Presto/2.10.254 Version/12.00"
91.241.204.118 - - [29/Aug/2013:07:13:37 +0300] "GET /wp-content/pictures/%D1%81%D0%BE%D0%BB%D1%8F%D0%BD%D0%BE%D0%B9_%D0%B1%D0%B0%D1%80.jpg HTTP/1.1" 200 432583 "http://turclub.donntu.edu.ua/" "Opera/9.80 (Android 4.0.3; Linux; Opera Mobi/ADR-1207201819; U; ru) Presto/2.10.254 Version/12.00"
91.241.204.118 - - [29/Aug/2013:07:13:37 +0300] "GET /wp-content/themes/NicePen/images/socialicons/vkontakte.png HTTP/1.1" 200 9649 "http://turclub.donntu.edu.ua/" "Opera/9.80 (Android 4.0.3; Linux; Opera Mobi/ADR-1207201819; U; ru) Presto/2.10.254 Version/12.00"
91.241.204.118 - - [29/Aug/2013:07:13:37 +0300] "GET /wp-content/plugins/cforms/styling/cforms.css HTTP/1.1" 200 9635 "http://turclub.donntu.edu.ua/" "Opera/9.80 (Android 4.0.3; Linux; Opera Mobi/ADR-1207201819; U; ru) Presto/2.10.254 Version/12.00"
91.241.204.118 - - [29/Aug/2013:07:13:37 +0300] "GET /wp-content/pictures/Kazaki.jpg HTTP/1.1" 200 118377 "http://turclub.donntu.edu.ua/" "Opera/9.80 (Android 4.0.3; Linux; Opera Mobi/ADR-1207201819; U; ru) Presto/2.10.254 Version/12.00"
91.241.204.118 - - [29/Aug/2013:07:13:37 +0300] "GET /wp-content/plugins/mlanguage/img/ru.png HTTP/1.1" 200 1041 "http://turclub.donntu.edu.ua/" "Opera/9.80 (Android 4.0.3; Linux; Opera Mobi/ADR-1207201819; U; ru) Presto/2.10.254 Version/12.00"
91.241.204.118 - - [29/Aug/2013:07:13:37 +0300] "GET /wp-content/themes/NicePen/jdgallery/jd.gallery.css HTTP/1.1" 200 6425 "http://turclub.donntu.edu.ua/" "Opera/9.80 (Android 4.0.3; Linux; Opera Mobi/ADR-1207201819; U; ru) Presto/2.10.254 Version/12.00"
91.241.204.118 - - [29/Aug/2013:07:13:37 +0300] "GET /wp-content/pictures/Piter.jpg HTTP/1.1" 200 149036 "http://turclub.donntu.edu.ua/" "Opera/9.80 (Android 4.0.3; Linux; Opera Mobi/ADR-1207201819; U; ru) Presto/2.10.254 Version/12.00"
91.241.204.118 - - [29/Aug/2013:07:13:38 +0300] "GET /wp-content/plugins/events-calendar/css/ec-tooltips.css HTTP/1.1" 200 1548 "http://turclub.donntu.edu.ua/" "Opera/9.80 (Android 4.0.3; Linux; Opera Mobi/ADR-1207201819; U; ru) Presto/2.10.254 Version/12.00"
91.241.204.118 - - [29/Aug/2013:07:13:38 +0300] "GET /wp-content/themes/NicePen/images/user.png HTTP/1.1" 200 741 "http://turclub.donntu.edu.ua/" "Opera/9.80 (Android 4.0.3; Linux; Opera Mobi/ADR-1207201819; U; ru) Presto/2.10.254 Version/12.00"
91.241.204.118 - - [29/Aug/2013:07:13:38 +0300] "GET /wp-content/pictures/Berdyansk.jpg HTTP/1.1" 200 84117 "http://turclub.donntu.edu.ua/" "Opera/9.80 (Android 4.0.3; Linux; Opera Mobi/ADR-1207201819; U; ru) Presto/2.10.254 Version/12.00"
91.241.204.118 - - [29/Aug/2013:07:13:38 +0300] "GET /wp-content/pictures/Sorochinskiy%20yarmarok.jpg HTTP/1.1" 200 115691 "http://turclub.donntu.edu.ua/" "Opera/9.80 (Android 4.0.3; Linux; Opera Mobi/ADR-1207201819; U; ru) Presto/2.10.254 Version/12.00"
91.241.204.118 - - [29/Aug/2013:07:13:39 +0300] "GET /wp-content/themes/NicePen/images/socialicons/more.png HTTP/1.1" 200 1885 "http://turclub.donntu.edu.ua/" "Opera/9.80 (Android 4.0.3; Linux; Opera Mobi/ADR-1207201819; U; ru) Presto/2.10.254 Version/12.00"
91.241.204.118 - - [29/Aug/2013:07:13:39 +0300] "GET /wp-content/pictures/Ushba.jpg HTTP/1.1" 200 18910 "http://turclub.donntu.edu.ua/" "Opera/9.80 (Android 4.0.3; Linux; Opera Mobi/ADR-1207201819; U; ru) Presto/2.10.254 Version/12.00"
91.241.204.118 - - [29/Aug/2013:07:13:39 +0300] "GET /wp-content/plugins/cforms/styling/calendar.css HTTP/1.1" 200 2222 "http://turclub.donntu.edu.ua/" "Opera/9.80 (Android 4.0.3; Linux; Opera Mobi/ADR-1207201819; U; ru) Presto/2.10.254 Version/12.00"
91.241.204.118 - - [29/Aug/2013:07:13:39 +0300] "GET /wp-content/themes/NicePen/images/socialicons/favorites.png HTTP/1.1" 200 1221 "http://turclub.donntu.edu.ua/" "Opera/9.80 (Android 4.0.3; Linux; Opera Mobi/ADR-1207201819; U; ru) Presto/2.10.254 Version/12.00"
91.241.204.118 - - [29/Aug/2013:07:13:40 +0300] "GET /wp-content/themes/NicePen/images/search.png HTTP/1.1" 200 407 "http://turclub.donntu.edu.ua/" "Opera/9.80 (Android 4.0.3; Linux; Opera Mobi/ADR-1207201819; U; ru) Presto/2.10.254 Version/12.00"
91.241.204.118 - - [29/Aug/2013:07:13:40 +0300] "GET /wp-content/themes/NicePen/images/sidebar-line.png HTTP/1.1" 200 129 "http://turclub.donntu.edu.ua/" "Opera/9.80 (Android 4.0.3; Linux; Opera Mobi/ADR-1207201819; U; ru) Presto/2.10.254 Version/12.00"
91.241.204.118 - - [29/Aug/2013:07:13:40 +0300] "GET /wp-content/themes/NicePen/images/contentwrap.png HTTP/1.1" 200 139 "http://turclub.donntu.edu.ua/" "Opera/9.80 (Android 4.0.3; Linux; Opera Mobi/ADR-1207201819; U; ru) Presto/2.10.254 Version/12.00"
91.241.204.118 - - [29/Aug/2013:07:13:40 +0300] "GET /wp-content/themes/NicePen/images/nav-bg.png HTTP/1.1" 200 163 "http://turclub.donntu.edu.ua/" "Opera/9.80 (Android 4.0.3; Linux; Opera Mobi/ADR-1207201819; U; ru) Presto/2.10.254 Version/12.00"
91.241.204.118 - - [29/Aug/2013:07:13:40 +0300] "GET /wp-content/themes/NicePen/images/sidebar-tab.png HTTP/1.1" 200 161 "http://turclub.donntu.edu.ua/" "Opera/9.80 (Android 4.0.3; Linux; Opera Mobi/ADR-1207201819; U; ru) Presto/2.10.254 Version/12.00"
91.241.204.118 - - [29/Aug/2013:07:13:40 +0300] "GET /wp-content/themes/NicePen/images/background.png HTTP/1.1" 200 241 "http://turclub.donntu.edu.ua/" "Opera/9.80 (Android 4.0.3; Linux; Opera Mobi/ADR-1207201819; U; ru) Presto/2.10.254 Version/12.00"
91.241.204.118 - - [29/Aug/2013:07:13:40 +0300] "GET /wp-content/themes/NicePen/images/wrapper-bg.png HTTP/1.1" 200 233202 "http://turclub.donntu.edu.ua/" "Opera/9.80 (Android 4.0.3; Linux; Opera Mobi/ADR-1207201819; U; ru) Presto/2.10.254 Version/12.00"
91.241.204.118 - - [29/Aug/2013:07:13:41 +0300] "GET /wp-includes/js/thickbox/loadingAnimation.gif HTTP/1.1" 200 5886 "http://turclub.donntu.edu.ua/" "Opera/9.80 (Android 4.0.3; Linux; Opera Mobi/ADR-1207201819; U; ru) Presto/2.10.254 Version/12.00"
37.140.141.22 - - [29/Aug/2013:07:14:18 +0300] "GET /wp-includes/js/tinymce/plugins/wordpress/img/image.gif HTTP/1.1" 304 - "-" "Mozilla/5.0 (compatible; YandexImages/3.0; +http://yandex.com/bots)"
94.242.136.2 - - [29/Aug/2013:07:15:25 +0300] "GET /wp-content/pictures/kaukas_2013.jpg HTTP/1.1" 200 197876 "http://images.yandex.ru/yandsearch?source=wiz&uinfo=sw-1578-sh-729-fw-1353-fh-523-pd-1&p=1&text=%D0%BA%D0%B0%D0%B2%D0%BA%D0%B0%D0%B7%D1%81%D0%BA%D0%B8%D0%B5%20%D0%B3%D0%BE%D1%80%D1%8B%20%D1%84%D0%BE%D1%82%D0%BE%20%D1%8D%D0%BB%D1%8C%D0%B1%D1%80%D1%83%D1%81&noreask=1&pos=34&rpt=simage&lr=6&img_url=http%3A%2F%2Fwww.profi-forex.org%2Fsystem%2Fnews%2Fresized%2F6767878_2883682854.jpg" "Opera/9.80 (Windows NT 5.1; Edition Yx 01) Presto/2.12.388 Version/12.16"
37.140.141.22 - - [29/Aug/2013:07:17:03 +0300] "GET /wp-includes/images/crystal/audio.png HTTP/1.1" 304 - "-" "Mozilla/5.0 (compatible; YandexImages/3.0; +http://yandex.com/bots)"
91.207.8.110 - - [29/Aug/2013:07:19:01 +0300] "GET /news/prodam-botinki-alpinistskie-s-zadnim-rantom-kayland-apex-rock-novye/ HTTP/1.1" 200 5819 "-" "Mozilla/4.0 (compatible; MSIE 6.0; Windows NT 5.1)"
91.207.8.110 - - [29/Aug/2013:07:19:02 +0300] "POST /news/prodam-botinki-alpinistskie-s-zadnim-rantom-kayland-apex-rock-novye/ HTTP/1.1" 200 5819 "http://turclub.donntu.edu.ua/news/prodam-botinki-alpinistskie-s-zadnim-rantom-kayland-apex-rock-novye/" "Mozilla/4.0 (compatible; MSIE 6.0; Windows NT 5.1)"
37.140.141.22 - - [29/Aug/2013:07:19:46 +0300] "GET /wp-includes/js/crop/marqueeVert.gif HTTP/1.1" 304 - "-" "Mozilla/5.0 (compatible; YandexImages/3.0; +http://yandex.com/bots)"
37.140.141.22 - - [29/Aug/2013:07:22:16 +0300] "GET /wp-includes/images/crystal/text.png HTTP/1.1" 304 - "-" "Mozilla/5.0 (compatible; YandexImages/3.0; +http://yandex.com/bots)"
66.249.78.49 - - [29/Aug/2013:07:23:00 +0300] "GET /robots.txt HTTP/1.1" 200 44 "-" "Mozilla/5.0 (compatible; Googlebot/2.1; +http://www.google.com/bot.html)"
66.249.78.49 - - [29/Aug/2013:07:23:01 +0300] "GET /news/poezdka-v-zuevka-6-aprelya/ HTTP/1.1" 200 5742 "-" "Mozilla/5.0 (compatible; Googlebot/2.1; +http://www.google.com/bot.html)"
37.140.141.22 - - [29/Aug/2013:07:25:00 +0300] "GET /wp-includes/js/tinymce/plugins/spellchecker/img/wline.gif HTTP/1.1" 304 - "-" "Mozilla/5.0 (compatible; YandexImages/3.0; +http://yandex.com/bots)"
37.140.141.22 - - [29/Aug/2013:07:27:52 +0300] "GET /wp-content/pictures/genuezskaya-krepost.jpg HTTP/1.1" 304 - "-" "Mozilla/5.0 (compatible; YandexImages/3.0; +http://yandex.com/bots)"
91.207.8.110 - - [29/Aug/2013:07:29:47 +0300] "GET /news/poxod-1-k-s-na-karpaty-v-konce-iyulya-burluckij-bogdan/ HTTP/1.1" 200 5659 "-" "Mozilla/4.0 (compatible; MSIE 6.0; Windows NT 5.1)"
91.207.8.110 - - [29/Aug/2013:07:29:48 +0300] "POST /news/poxod-1-k-s-na-karpaty-v-konce-iyulya-burluckij-bogdan/ HTTP/1.1" 200 5659 "http://turclub.donntu.edu.ua/news/poxod-1-k-s-na-karpaty-v-konce-iyulya-burluckij-bogdan/" "Mozilla/4.0 (compatible; MSIE 6.0; Windows NT 5.1)"
37.140.141.22 - - [29/Aug/2013:07:30:14 +0300] "GET /wp-includes/images/admin-bar-sprite-rtl.png HTTP/1.1" 304 - "-" "Mozilla/5.0 (compatible; YandexImages/3.0; +http://yandex.com/bots)"
37.140.141.22 - - [29/Aug/2013:07:32:43 +0300] "GET /wp-includes/js/tinymce/plugins/wpgallery/img/gallery.png HTTP/1.1" 304 - "-" "Mozilla/5.0 (compatible; YandexImages/3.0; +http://yandex.com/bots)"
157.55.33.14 - - [29/Aug/2013:07:34:27 +0300] "GET /robots.txt HTTP/1.1" 200 24 "-" "Mozilla/5.0 (compatible; bingbot/2.0; +http://www.bing.com/bingbot.htm)"
157.55.33.14 - - [29/Aug/2013:07:34:52 +0300] "GET /news/ekskursiya-v-soledar-i-artyomovsk-21-fevralya/ HTTP/1.1" 200 6029 "-" "Mozilla/5.0 (compatible; bingbot/2.0; +http://www.bing.com/bingbot.htm)"
37.140.141.22 - - [29/Aug/2013:07:35:21 +0300] "GET /wp-includes/images/smilies/icon_eek.gif HTTP/1.1" 200 170 "-" "Mozilla/5.0 (compatible; YandexImages/3.0; +http://yandex.com/bots)"
66.249.78.49 - - [29/Aug/2013:07:36:59 +0300] "GET /2012/02/13/ HTTP/1.1" 200 5593 "-" "Mozilla/5.0 (compatible; Googlebot/2.1; +http://www.google.com/bot.html)"
37.140.141.22 - - [29/Aug/2013:07:37:48 +0300] "GET /wp-includes/js/tinymce/plugins/wordpress/img/page.gif HTTP/1.1" 304 - "-" "Mozilla/5.0 (compatible; YandexImages/3.0; +http://yandex.com/bots)"
37.140.141.22 - - [29/Aug/2013:07:40:05 +0300] "GET /wp-includes/images/crystal/default.png HTTP/1.1" 304 - "-" "Mozilla/5.0 (compatible; YandexImages/3.0; +http://yandex.com/bots)"
37.140.141.22 - - [29/Aug/2013:07:42:39 +0300] "GET /icons/back.gif HTTP/1.1" 304 - "-" "Mozilla/5.0 (compatible; YandexImages/3.0; +http://yandex.com/bots)"
37.140.141.22 - - [29/Aug/2013:07:45:26 +0300] "GET /wp-content/pictures/besedka_vetrov.jpg HTTP/1.1" 304 - "-" "Mozilla/5.0 (compatible; YandexImages/3.0; +http://yandex.com/bots)"
37.140.141.22 - - [29/Aug/2013:07:48:09 +0300] "GET /wp-includes/images/smilies/icon_cool.gif HTTP/1.1" 200 172 "-" "Mozilla/5.0 (compatible; YandexImages/3.0; +http://yandex.com/bots)"
37.140.141.22 - - [29/Aug/2013:07:50:31 +0300] "GET /icons/unknown.gif HTTP/1.1" 304 - "-" "Mozilla/5.0 (compatible; YandexImages/3.0; +http://yandex.com/bots)"
37.140.141.22 - - [29/Aug/2013:07:53:13 +0300] "GET /wp-includes/js/tinymce/plugins/wpgallery/img/t.gif HTTP/1.1" 304 - "-" "Mozilla/5.0 (compatible; YandexImages/3.0; +http://yandex.com/bots)"
37.140.141.22 - - [29/Aug/2013:07:55:33 +0300] "GET /wp-includes/js/tinymce/plugins/wordpress/img/trans.gif HTTP/1.1" 304 - "-" "Mozilla/5.0 (compatible; YandexImages/3.0; +http://yandex.com/bots)"
91.207.8.110 - - [29/Aug/2013:07:55:43 +0300] "GET /contacts/ HTTP/1.1" 200 5181 "-" "Mozilla/4.0 (compatible; MSIE 6.0; Windows NT 5.1; SV1; Mozilla/4.0 (compatible; MSIE 6.0; Windows NT 5.1; SV1) )"
91.207.8.110 - - [29/Aug/2013:07:55:44 +0300] "POST /contacts/trackback/ HTTP/1.1" 200 132 "http://turclub.donntu.edu.ua/contacts/" "Mozilla/4.0 (compatible; MSIE 6.0; Windows NT 5.1; SV1; Mozilla/4.0 (compatible; MSIE 6.0; Windows NT 5.1; SV1) )"
37.140.141.22 - - [29/Aug/2013:07:57:47 +0300] "GET /wp-content/pictures/TowerLite2.jpg HTTP/1.1" 304 - "-" "Mozilla/5.0 (compatible; YandexImages/3.0; +http://yandex.com/bots)"
37.140.141.22 - - [29/Aug/2013:08:00:35 +0300] "GET /wp-includes/images/smilies/icon_mrgreen.gif HTTP/1.1" 200 349 "-" "Mozilla/5.0 (compatible; YandexImages/3.0; +http://yandex.com/bots)"
37.140.141.22 - - [29/Aug/2013:08:03:19 +0300] "GET /wp-content/pictures/Kazaki.jpg HTTP/1.1" 304 - "-" "Mozilla/5.0 (compatible; YandexImages/3.0; +http://yandex.com/bots)"
37.140.141.22 - - [29/Aug/2013:08:05:49 +0300] "GET /wp-includes/images/crystal/video.png HTTP/1.1" 304 - "-" "Mozilla/5.0 (compatible; YandexImages/3.0; +http://yandex.com/bots)"
