37.140.141.22 - - [28/Aug/2013:12:17:30 +0300] "GET /wp-includes/images/smilies/icon_rolleyes.gif HTTP/1.1" 406 - "-" "Mozilla/5.0 (compatible; YandexImages/3.0; +http://yandex.com/bots)"
37.140.141.22 - - [28/Aug/2013:12:20:34 +0300] "GET /wp-content/themes/NicePen/images/comments.png HTTP/1.1" 406 - "-" "Mozilla/5.0 (compatible; YandexImages/3.0; +http://yandex.com/bots)"
91.207.8.110 - - [28/Aug/2013:12:20:44 +0300] "GET /news/splav-na-bajdarkax-8-9-sentyabrya-xmelevoj-sergej/ HTTP/1.1" 403 566 "-" "Mozilla/4.0 (compatible; MSIE 6.0; Windows NT 5.1; SV1)"
95.108.245.251 - - [28/Aug/2013:12:24:16 +0300] "GET /robots.txt HTTP/1.1" 403 871 "-" "Mozilla/5.0 (compatible; YandexBot/3.0; +http://yandex.com/bots)"
91.207.8.110 - - [28/Aug/2013:12:25:26 +0300] "GET /news/poezdka-v-soledar-17-marta/ HTTP/1.1" 403 566 "-" "Mozilla/4.0 (compatible; MSIE 6.0; Windows NT 5.1)"
37.140.141.22 - - [28/Aug/2013:12:26:04 +0300] "GET /wp-includes/js/tinymce/themes/advanced/img/gotmoxie.png HTTP/1.1" 406 - "-" "Mozilla/5.0 (compatible; YandexImages/3.0; +http://yandex.com/bots)"
66.249.78.49 - - [28/Aug/2013:12:29:02 +0300] "GET /robots.txt HTTP/1.1" 403 557 "-" "Mozilla/5.0 (compatible; Googlebot/2.1; +http://www.google.com/bot.html)"
66.249.78.49 - - [28/Aug/2013:12:29:02 +0300] "GET / HTTP/1.1" 403 566 "-" "SAMSUNG-SGH-E250/1.0 Profile/MIDP-2.0 Configuration/CLDC-1.1 UP.Browser/6.2.3.3.c.1.101 (GUI) MMP/2.0 (compatible; Googlebot-Mobile/2.1; +http://www.google.com/bot.html)"
37.140.141.22 - - [28/Aug/2013:12:31:40 +0300] "GET /wp-includes/images/smilies/icon_evil.gif HTTP/1.1" 406 - "-" "Mozilla/5.0 (compatible; YandexImages/3.0; +http://yandex.com/bots)"
157.55.33.14 - - [28/Aug/2013:12:34:29 +0300] "GET /category/excursions/ HTTP/1.0" 403 885 "-" "Mozilla/5.0 (compatible; bingbot/2.0; +http://www.bing.com/bingbot.htm)"
37.140.141.22 - - [28/Aug/2013:12:37:06 +0300] "GET /icons/compressed.gif HTTP/1.1" 304 - "-" "Mozilla/5.0 (compatible; YandexImages/3.0; +http://yandex.com/bots)"
66.249.78.49 - - [28/Aug/2013:12:37:59 +0300] "GET /category/pohods/ HTTP/1.1" 403 566 "-" "Mozilla/5.0 (iPhone; U; CPU iPhone OS 4_1 like Mac OS X; en-us) AppleWebKit/532.9 (KHTML, like Gecko) Version/4.0.5 Mobile/8B117 Safari/6531.22.7 (compatible; Googlebot-Mobile/2.1; +http://www.google.com/bot.html)"
66.249.78.49 - - [28/Aug/2013:12:39:52 +0300] "GET /wp-content/pictures/Kamenets-Podolskiy.jpg HTTP/1.1" 403 557 "-" "Googlebot-Image/1.0"
37.140.141.22 - - [28/Aug/2013:12:42:23 +0300] "GET /wp-includes/images/wlw/wp-icon.png HTTP/1.1" 406 - "-" "Mozilla/5.0 (compatible; YandexImages/3.0; +http://yandex.com/bots)"
31.180.48.34 - - [28/Aug/2013:12:45:14 +0300] "GET /wp-content/pictures/kaukas_2013.jpg HTTP/1.1" 403 557 "http://images.yandex.ru/yandsearch?source=wiz&uinfo=sw-1349-sh-667-fw-1124-fh-461-pd-1&p=1&text=%D0%BA%D0%B0%D0%B2%D0%BA%D0%B0%D0%B7&noreask=1&pos=52&rpt=simage&lr=33&img_url=http%3A%2F%2Fcs9472.vk.me%2Fu57131098%2Fa_1ad4d965.jpg" "Mozilla/5.0 (Windows NT 6.1; WOW64) AppleWebKit/537.36 (KHTML, like Gecko) Chrome/29.0.1547.57 Safari/537.36"
31.180.48.34 - - [28/Aug/2013:12:45:22 +0300] "GET /wp-content/pictures/kaukas_2013.jpg HTTP/1.1" 403 557 "http://images.yandex.ru/yandsearch?source=wiz&uinfo=sw-1349-sh-667-fw-1124-fh-461-pd-1&p=1&text=%D0%BA%D0%B0%D0%B2%D0%BA%D0%B0%D0%B7&noreask=1&pos=53&rpt=simage&lr=33&img_url=http%3A%2F%2Fdg55.odnoklassniki.ru%2FgetImage%3FphotoId%3D390847409989%26photoType%3D6" "Mozilla/5.0 (Windows NT 6.1; WOW64) AppleWebKit/537.36 (KHTML, like Gecko) Chrome/29.0.1547.57 Safari/537.36"
31.180.48.34 - - [28/Aug/2013:12:45:28 +0300] "GET /wp-content/pictures/kaukas_2013.jpg HTTP/1.1" 403 557 "http://images.yandex.ru/yandsearch?source=wiz&uinfo=sw-1349-sh-667-fw-1124-fh-461-pd-1&p=1&text=%D0%BA%D0%B0%D0%B2%D0%BA%D0%B0%D0%B7&noreask=1&pos=58&rpt=simage&lr=33&img_url=http%3A%2F%2Fs008.radikal.ru%2Fi306%2F1101%2F36%2Faf95302b58f0.jpg" "Mozilla/5.0 (Windows NT 6.1; WOW64) AppleWebKit/537.36 (KHTML, like Gecko) Chrome/29.0.1547.57 Safari/537.36"
37.140.141.22 - - [28/Aug/2013:12:48:29 +0300] "GET /wp-includes/images/smilies/icon_cool.gif HTTP/1.1" 406 - "-" "Mozilla/5.0 (compatible; YandexImages/3.0; +http://yandex.com/bots)"
89.222.249.230 - - [28/Aug/2013:12:50:43 +0300] "GET /wp-content/pictures/besedka_vetrov.jpg HTTP/1.1" 403 557 "-" "Mozilla/5.0 (Windows NT 6.2; WOW64; rv:23.0) Gecko/20100101 Firefox/23.0"
91.207.8.110 - - [28/Aug/2013:12:52:39 +0300] "GET /news/peshexodnyj-poxod-1-k-s-na-karpaty-12-27-avgusta/ HTTP/1.1" 403 566 "-" "Mozilla/4.0 (compatible; MSIE 6.0; Windows NT 5.1)"
91.207.8.110 - - [28/Aug/2013:12:52:40 +0300] "GET /category/excursions/page/2/ HTTP/1.1" 403 566 "-" "Mozilla/4.0 (compatible; MSIE 6.0; Windows NT 5.1; SV1)"
37.140.141.22 - - [28/Aug/2013:12:54:42 +0300] "GET /icons/text.gif HTTP/1.1" 304 - "-" "Mozilla/5.0 (compatible; YandexImages/3.0; +http://yandex.com/bots)"
178.137.22.33 - - [28/Aug/2013:12:58:50 +0300] "GET / HTTP/1.1" 403 566 "https://www.google.com.ua/" "Mozilla/5.0 (Windows NT 6.1; WOW64) AppleWebKit/537.36 (KHTML, like Gecko) Chrome/29.0.1547.57 Safari/537.36"
178.137.22.33 - - [28/Aug/2013:12:58:50 +0300] "GET /favicon.ico HTTP/1.1" 403 557 "-" "Mozilla/5.0 (Windows NT 6.1; WOW64) AppleWebKit/537.36 (KHTML, like Gecko) Chrome/29.0.1547.57 Safari/537.36"
91.207.8.110 - - [28/Aug/2013:13:00:46 +0300] "GET /news/peshexodnyj-poxod-1-k-s-na-karpaty-12-27-avgusta/trackback/ HTTP/1.1" 403 566 "-" "Mozilla/4.0 (compatible; MSIE 6.0; Windows NT 5.1)"
37.140.141.22 - - [28/Aug/2013:13:01:07 +0300] "GET /wp-includes/images/smilies/icon_question.gif HTTP/1.1" 406 - "-" "Mozilla/5.0 (compatible; YandexImages/3.0; +http://yandex.com/bots)"
37.140.141.22 - - [28/Aug/2013:13:07:44 +0300] "GET /wp-includes/images/smilies/icon_mrgreen.gif HTTP/1.1" 406 - "-" "Mozilla/5.0 (compatible; YandexImages/3.0; +http://yandex.com/bots)"
37.140.141.22 - - [28/Aug/2013:13:13:59 +0300] "GET /wp-includes/images/wlw/wp-icon.png HTTP/1.1" 406 - "-" "Mozilla/5.0 (compatible; YandexImages/3.0; +http://yandex.com/bots)"
194.44.18.122 - - [28/Aug/2013:13:17:44 +0300] "GET / HTTP/1.1" 403 566 "http://donntu.edu.ua/index.php?option=com_content&view=article&id=71&Itemid=2&lang=uk" "Mozilla/5.0 (Windows NT 6.1; WOW64) AppleWebKit/537.36 (KHTML, like Gecko) Chrome/29.0.1547.57 Safari/537.36"
194.44.18.122 - - [28/Aug/2013:13:17:45 +0300] "GET /favicon.ico HTTP/1.1" 403 557 "-" "Mozilla/5.0 (Windows NT 6.1; WOW64) AppleWebKit/537.36 (KHTML, like Gecko) Chrome/29.0.1547.57 Safari/537.36"
37.140.141.22 - - [28/Aug/2013:13:20:09 +0300] "GET /wp-includes/images/smilies/icon_cool.gif HTTP/1.1" 406 - "-" "Mozilla/5.0 (compatible; YandexImages/3.0; +http://yandex.com/bots)"
176.102.192.10 - - [28/Aug/2013:13:26:16 +0300] "GET /news/poxod-vyxodnogo-dnya-vdol-severskogo-donca/ HTTP/1.0" 403 885 "http://mirskidok.ru/oteli-italii/" "Mozilla/5.0 (Windows NT 5.1; rv:15.0) Gecko/20100101 Firefox/15.0.1"
176.102.192.10 - - [28/Aug/2013:13:26:16 +0300] "GET / HTTP/1.0" 403 885 "http://mirskidok.ru/oteli-italii/" "Mozilla/5.0 (Windows NT 5.1; rv:15.0) Gecko/20100101 Firefox/15.0.1"
176.102.192.10 - - [28/Aug/2013:13:26:16 +0300] "GET /news/poxod-vyxodnogo-dnya-vdol-severskogo-donca/ HTTP/1.0" 403 885 "http://mirskidok.ru/oteli-italii/" "Mozilla/5.0 (Windows NT 6.0; rv:17.0) Gecko/17.0 Firefox/17.0"
176.102.192.10 - - [28/Aug/2013:13:26:16 +0300] "GET / HTTP/1.0" 403 885 "http://mirskidok.ru/oteli-italii/" "Mozilla/5.0 (Windows NT 6.0; rv:17.0) Gecko/17.0 Firefox/17.0"
176.102.192.10 - - [28/Aug/2013:13:26:16 +0300] "GET /news/poxod-vyxodnogo-dnya-vdol-severskogo-donca/ HTTP/1.0" 403 885 "http://mirskidok.ru/oteli-italii/" "Mozilla/5.0 (Windows NT 6.1; WOW64) AppleWebKit/537.4 (KHTML, like Gecko) Chrome/22.0.1229.94 Safari/537.4"
176.102.192.10 - - [28/Aug/2013:13:26:16 +0300] "GET / HTTP/1.0" 403 885 "http://mirskidok.ru/oteli-italii/" "Mozilla/5.0 (Windows NT 6.1; WOW64) AppleWebKit/537.4 (KHTML, like Gecko) Chrome/22.0.1229.94 Safari/537.4"
176.102.192.10 - - [28/Aug/2013:13:26:16 +0300] "GET /news/poxod-vyxodnogo-dnya-vdol-severskogo-donca/ HTTP/1.0" 403 885 "http://mirskidok.ru/oteli-italii/" "Mozilla/4.0 (compatible; MSIE 8.0; Windows NT 5.1; Trident/4.0; GTB7.4; MRA 6.0 (build 6005); User-agent: Mozilla/4.0 (compatible; MSIE 6.0; Windows NT 5.1; SV1); .NET CLR 1.1.4322; .NET CLR 2.0.50727; .NET CLR 3.0.4506.2152; .NET CLR 3.5.30729; InfoPath.1; .NET4.0C; .NET4.0E; MRIE8PACK 2.0.1)"
176.102.192.10 - - [28/Aug/2013:13:26:16 +0300] "GET / HTTP/1.0" 403 885 "http://mirskidok.ru/oteli-italii/" "Mozilla/4.0 (compatible; MSIE 8.0; Windows NT 5.1; Trident/4.0; GTB7.4; MRA 6.0 (build 6005); User-agent: Mozilla/4.0 (compatible; MSIE 6.0; Windows NT 5.1; SV1); .NET CLR 1.1.4322; .NET CLR 2.0.50727; .NET CLR 3.0.4506.2152; .NET CLR 3.5.30729; InfoPath.1; .NET4.0C; .NET4.0E; MRIE8PACK 2.0.1)"
176.102.192.10 - - [28/Aug/2013:13:26:16 +0300] "GET /news/poxod-vyxodnogo-dnya-vdol-severskogo-donca/ HTTP/1.0" 403 885 "http://mirskidok.ru/oteli-italii/" "Mozilla/5.0 (Windows NT 5.1) AppleWebKit/537.11 (KHTML, like Gecko) Chrome/23.0.1271.95 Safari/537.11"
176.102.192.10 - - [28/Aug/2013:13:26:16 +0300] "GET / HTTP/1.0" 403 885 "http://mirskidok.ru/oteli-italii/" "Mozilla/5.0 (Windows NT 5.1) AppleWebKit/537.11 (KHTML, like Gecko) Chrome/23.0.1271.95 Safari/537.11"
37.140.141.22 - - [28/Aug/2013:13:26:29 +0300] "GET /icons/folder.gif HTTP/1.1" 304 - "-" "Mozilla/5.0 (compatible; YandexImages/3.0; +http://yandex.com/bots)"
37.140.141.22 - - [28/Aug/2013:13:33:28 +0300] "GET /icons/blank.gif HTTP/1.1" 304 - "-" "Mozilla/5.0 (compatible; YandexImages/3.0; +http://yandex.com/bots)"
93.157.9.50 - - [28/Aug/2013:13:34:48 +0300] "GET / HTTP/1.1" 403 566 "http://donntu.edu.ua/index.php?option=com_content&view=article&id=71&Itemid=2&lang=uk" "Mozilla/5.0 (Windows NT 6.2; WOW64) AppleWebKit/537.36 (KHTML, like Gecko) Chrome/28.0.1500.95 Safari/537.36 OPR/15.0.1147.153"
93.157.9.50 - - [28/Aug/2013:13:34:48 +0300] "GET /favicon.ico HTTP/1.1" 403 557 "-" "Mozilla/5.0 (Windows NT 6.2; WOW64) AppleWebKit/537.36 (KHTML, like Gecko) Chrome/28.0.1500.95 Safari/537.36 OPR/15.0.1147.153"
91.232.202.50 - - [28/Aug/2013:13:37:35 +0300] "GET /wp-content/pictures/kaukas_2013.jpg HTTP/1.1" 403 557 "http://www.google.com/search?client=ms-android-samsung&site=webhp&tbm=isch&sa=1&ei=DNodUtWVHsWK4ATZroG4AQ&q=%D1%82%D0%B5%D0%B1%D0%B5%D1%80%D0%B4%D0%B0+%D0%BB%D0%B5%D1%82%D0%BE%D0%BC+2013&oq=%D1%82%D0%B5%D0%B1%D0%B5%D1%80%D0%B4%D0%B0+%D0%BB%D0%B5%D1%82%D0%BE%D0%BC+2013&gs_l=mobile-gws-serp.12...296577.303362.0.304579.11.7.0.4.4.0.577.1934.0j2j3j1j0j1.7.0....0...1c.1.25.mobile-gws-serp..5.6.1317.iV_7Mne-Xn4&biw=320&bih=460&sei=QdsdUoX8Oafh4QTTjIDwAQ" "Mozilla/5.0 (Linux; U; Android 4.1.2; ru-ru; GT-I9100 Build/JZO54K) AppleWebKit/534.30 (KHTML, like Gecko) Version/4.0 Mobile Safari/534.30"
37.140.141.22 - - [28/Aug/2013:13:40:10 +0300] "GET /icons/compressed.gif HTTP/1.1" 304 - "-" "Mozilla/5.0 (compatible; YandexImages/3.0; +http://yandex.com/bots)"
66.249.78.49 - - [28/Aug/2013:13:41:24 +0300] "GET /wp-content/pictures/Pinguin%20Expert2.jpg HTTP/1.1" 403 557 "-" "Googlebot-Image/1.0"
194.44.0.254 - - [28/Aug/2013:13:42:10 +0300] "GET / HTTP/1.1" 403 566 "http://www.google.com.ua/url?sa=t&rct=j&q=&esrc=s&source=web&cd=6&ved=0CFoQFjAF&url=http%3A%2F%2Fturclub.donntu.edu.ua%2F&ei=l9wdUrbuGaql4gTEkICoAw&usg=AFQjCNGGJoCLQ-Mw5F3PB-MGd9Wl-I9QUQ&sig2=f620FNIVHvRWuPoZeXcUnA&bvm=bv.51156542,d.bGE&cad=rja" "Mozilla/5.0 (X11; Linux x86_64; rv:22.0) Gecko/20100101 Firefox/22.0"
194.44.0.254 - - [28/Aug/2013:13:42:10 +0300] "GET /favicon.ico HTTP/1.1" 403 557 "-" "Mozilla/5.0 (X11; Linux x86_64; rv:22.0) Gecko/20100101 Firefox/22.0"
194.44.0.254 - - [28/Aug/2013:13:42:10 +0300] "GET /favicon.ico HTTP/1.1" 403 557 "-" "Mozilla/5.0 (X11; Linux x86_64; rv:22.0) Gecko/20100101 Firefox/22.0"
95.59.180.184 - - [28/Aug/2013:13:45:14 +0300] "GET /wp-content/pictures/kaukas_2013.jpg HTTP/1.1" 403 557 "http://images.yandex.kz/yandsearch?source=wiz&uinfo=sw-1263-sh-933-fw-1038-fh-598-pd-1&tld=kz&p=7&text=%D0%BA%D0%B0%D1%80%D1%82%D0%B8%D0%BD%D0%BA%D0%B8%20%D0%BA%D0%B0%D0%B2%D0%BA%D0%B0%D0%B7%D1%81%D0%BA%D0%B8%D0%B5&noreask=1&pos=226&rpt=simage&lr=163&img_url=http%3A%2F%2Fic.pics.livejournal.com%2Fjokesmind%2F49562900%2F10038%2F10038_600.jpg" "Mozilla/5.0 (Windows; U; Windows NT 5.1; en-US) AppleWebKit/534.10 (KHTML, like Gecko) Chrome/8.0.552.224 Safari/534.10"
37.140.141.22 - - [28/Aug/2013:13:47:06 +0300] "GET /wp-includes/images/smilies/icon_neutral.gif HTTP/1.1" 406 - "-" "Mozilla/5.0 (compatible; YandexImages/3.0; +http://yandex.com/bots)"
91.207.218.33 - - [28/Aug/2013:13:49:01 +0300] "GET / HTTP/1.1" 403 566 "http://donntu.edu.ua/index.php?option=com_content&view=article&id=71&Itemid=2&lang=uk" "Mozilla/5.0 (Windows NT 6.1) AppleWebKit/537.36 (KHTML, like Gecko) Chrome/29.0.1547.62 Safari/537.36"
91.207.218.33 - - [28/Aug/2013:13:49:01 +0300] "GET /favicon.ico HTTP/1.1" 403 557 "-" "Mozilla/5.0 (Windows NT 6.1) AppleWebKit/537.36 (KHTML, like Gecko) Chrome/29.0.1547.62 Safari/537.36"
144.76.99.22 - - [28/Aug/2013:13:49:13 +0300] "GET / HTTP/1.1" 403 885 "-" "Mozilla/5.0 (Windows NT 6.1; WOW64) AppleWebKit/537.17 (KHTML, like Gecko) Chrome/24.0.1312.60 Safari/537.17"
37.17.181.63 - - [28/Aug/2013:13:51:49 +0300] "GET /wp-content/pictures/kaukas_2013.jpg HTTP/1.1" 403 557 "http://images.yandex.kz/yandsearch?source=wiz&uinfo=sw-1263-sh-933-fw-1038-fh-598-pd-1&tld=kz&p=59&text=%D0%BA%D0%B0%D1%80%D1%82%D0%B8%D0%BD%D0%BA%D0%B8%20%D0%BA%D1%80%D0%B0%D1%81%D0%B8%D0%B2%D1%8B%D1%85%20%D0%B4%D0%B5%D0%B2%D1%83%D1%88%D0%B5%D0%BA%20%D0%BA%D0%B0%D0%B2%D0%BA%D0%B0%D0%B7%D0%B0&noreask=1&pos=1783&rpt=simage&lr=163&img_url=http%3A%2F%2Fgazovie-kotly.ru%2Fpanel%2Fava%2F44.jpg" "Mozilla/5.0 (Windows NT 5.1) AppleWebKit/537.36 (KHTML, like Gecko) Chrome/28.0.1500.95 Safari/537.36"
37.140.141.22 - - [28/Aug/2013:13:53:23 +0300] "GET /wp-includes/images/smilies/icon_surprised.gif HTTP/1.1" 406 - "-" "Mozilla/5.0 (compatible; YandexImages/3.0; +http://yandex.com/bots)"
194.44.18.122 - - [28/Aug/2013:13:54:41 +0300] "GET / HTTP/1.1" 403 566 "http://donntu.edu.ua/index.php?option=com_content&view=article&id=71&Itemid=2&lang=uk" "Mozilla/5.0 (Windows NT 6.1; WOW64) AppleWebKit/537.36 (KHTML, like Gecko) Chrome/29.0.1547.57 Safari/537.36"
194.44.18.122 - - [28/Aug/2013:13:54:41 +0300] "GET /favicon.ico HTTP/1.1" 403 557 "-" "Mozilla/5.0 (Windows NT 6.1; WOW64) AppleWebKit/537.36 (KHTML, like Gecko) Chrome/29.0.1547.57 Safari/537.36"
91.207.8.110 - - [28/Aug/2013:13:56:05 +0300] "GET /news/gornyj-poxod-v-gruziyu-kostogryz-a-n/ HTTP/1.1" 403 566 "-" "Mozilla/4.0 (compatible; MSIE 6.0; Windows NT 5.1; SV1; Mozilla/4.0 (compatible; MSIE 6.0; Windows NT 5.1; SV1) ; .NET CLR 2.0.50727 ; .NET CLR 4.0.30319)"
37.140.141.22 - - [28/Aug/2013:13:59:05 +0300] "GET /wp-includes/images/smilies/icon_wink.gif HTTP/1.1" 406 - "-" "Mozilla/5.0 (compatible; YandexImages/3.0; +http://yandex.com/bots)"
91.207.8.110 - - [28/Aug/2013:13:59:12 +0300] "GET /news/ekskursiya-na-ostrov-xortica-oplot-zaporozhskix-kozakov/ HTTP/1.1" 403 566 "-" "Mozilla/4.0 (compatible; MSIE 6.0; Windows NT 5.1; SV1; Mozilla/4.0 (compatible; MSIE 6.0; Windows NT 5.1; SV1) ; .NET CLR 1.0.3705)"
37.140.141.22 - - [28/Aug/2013:14:04:52 +0300] "GET /wp-content/themes/NicePen/images/date.png HTTP/1.1" 406 - "-" "Mozilla/5.0 (compatible; YandexImages/3.0; +http://yandex.com/bots)"
91.207.8.110 - - [28/Aug/2013:14:05:49 +0300] "GET /news/kategorijnyj-gornyj-poxod-v-prielbruse-v-konce-avgusta/ HTTP/1.1" 403 566 "-" "Mozilla/4.0 (compatible; MSIE 6.0; Windows NT 5.1; SV1; Mozilla/4.0 (compatible; MSIE 6.0; Windows NT 5.1; SV1) ; .NET CLR 2.0.50727 ; .NET CLR 4.0.30319)"
37.140.141.22 - - [28/Aug/2013:14:11:14 +0300] "GET /wp-includes/images/smilies/icon_rolleyes.gif HTTP/1.1" 406 - "-" "Mozilla/5.0 (compatible; YandexImages/3.0; +http://yandex.com/bots)"
91.207.8.110 - - [28/Aug/2013:14:14:35 +0300] "GET /news/park-kovannyx-figur/ HTTP/1.1" 403 566 "-" "Mozilla/4.0 (compatible; MSIE 6.0; Windows NT 5.1; SV1)"
37.140.141.22 - - [28/Aug/2013:14:17:27 +0300] "GET /wp-includes/images/smilies/icon_sad.gif HTTP/1.1" 406 - "-" "Mozilla/5.0 (compatible; YandexImages/3.0; +http://yandex.com/bots)"
91.207.8.110 - - [28/Aug/2013:14:21:08 +0300] "GET /news/soledar-i-artemovsk-22-iyunya/ HTTP/1.1" 403 566 "-" "Mozilla/4.0 (compatible; MSIE 6.0; Windows NT 5.1; SV1)"
23.22.65.146 - - [28/Aug/2013:14:21:33 +0300] "GET /inf0.php HTTP/1.1" 403 557 "-" "Apache-HttpClient/4.2 (java 1.5)"
23.22.65.146 - - [28/Aug/2013:14:21:33 +0300] "GET /manual.pdf HTTP/1.1" 403 557 "-" "Apache-HttpClient/4.2 (java 1.5)"
37.140.141.22 - - [28/Aug/2013:14:23:27 +0300] "GET /wp-includes/images/smilies/icon_arrow.gif HTTP/1.1" 406 - "-" "Mozilla/5.0 (compatible; YandexImages/3.0; +http://yandex.com/bots)"
37.17.182.30 - - [28/Aug/2013:14:24:22 +0300] "GET /wp-content/pictures/kaukas_2013.jpg HTTP/1.1" 403 557 "http://images.yandex.kz/yandsearch?source=wiz&uinfo=sw-1263-sh-890-fw-1038-fh-598-pd-1&tld=kz&p=59&text=%D0%BA%D0%B0%D1%80%D1%82%D0%B8%D0%BD%D0%BA%D0%B8%20%D0%BA%D1%80%D0%B0%D1%81%D0%B8%D0%B2%D1%8B%D1%85%20%D0%B4%D0%B5%D0%B2%D1%83%D1%88%D0%B5%D0%BA%20%D0%BA%D0%B0%D0%B2%D0%BA%D0%B0%D0%B7%D0%B0&noreask=1&pos=1783&rpt=simage&lr=163&img_url=http%3A%2F%2Fgazovie-kotly.ru%2Fpanel%2Fava%2F44.jpg" "Mozilla/5.0 (Windows NT 5.1) AppleWebKit/537.36 (KHTML, like Gecko) Chrome/28.0.1500.95 Safari/537.36"
176.112.32.45 - - [28/Aug/2013:14:27:21 +0300] "GET /wp-content/pictures/kaukas_2013.jpg HTTP/1.1" 404 820 "http://images.yandex.ru/yandsearch?source=wiz&uinfo=sw-1349-sh-618-fw-1124-fh-448-pd-1&p=32&text=open.az%20%D0%BA%D0%B0%D1%80%D1%82%D0%B8%D0%BD%D0%BA%D0%B8%20%D0%BF%D1%80%D0%BE%20%D0%B8%D1%81%D0%BB%D0%B0%D0%BC&noreask=1&pos=982&rpt=simage&lr=10944&img_url=http%3A%2F%2Fimg-fotki.yandex.ru%2Fget%2F3201%2Fshadow-yorkh.3%2F0_1dd42_d6375a09_S" "Mozilla/5.0 (Windows NT 6.1; WOW64) AppleWebKit/537.22 (KHTML, like Gecko) Chrome/25.0.1364.172 YaBrowser/1.7.1364.21027 Safari/537.22"
77.123.252.49 - - [28/Aug/2013:14:27:38 +0300] "GET / HTTP/1.1" 404 651 "http://donntu.edu.ua/index.php?option=com_content&view=article&id=71&Itemid=2&lang=uk" "Opera/9.80 (Windows NT 6.1; Win64; x64; MRA 8.1 (build 6327)) Presto/2.12.388 Version/12.16"
77.123.252.49 - - [28/Aug/2013:14:27:38 +0300] "GET /favicon.ico HTTP/1.1" 404 603 "http://turclub.donntu.edu.ua/" "Opera/9.80 (Windows NT 6.1; Win64; x64; MRA 8.1 (build 6327)) Presto/2.12.388 Version/12.16"
37.140.141.22 - - [28/Aug/2013:14:29:47 +0300] "GET /wp-content/themes/NicePen/images/comments.png HTTP/1.1" 406 - "-" "Mozilla/5.0 (compatible; YandexImages/3.0; +http://yandex.com/bots)"
37.140.141.22 - - [28/Aug/2013:14:36:50 +0300] "GET /wp-includes/images/smilies/icon_confused.gif HTTP/1.1" 406 - "-" "Mozilla/5.0 (compatible; YandexImages/3.0; +http://yandex.com/bots)"
91.207.8.110 - - [28/Aug/2013:14:37:25 +0300] "GET /2012/05/25/ HTTP/1.1" 403 566 "-" "Mozilla/4.0 (compatible; MSIE 6.0; Windows NT 5.1; SV1; Mozilla/4.0 (compatible; MSIE 6.0; Windows NT 5.1; SV1) )"
37.140.141.22 - - [28/Aug/2013:14:43:03 +0300] "GET /wp-includes/images/smilies/icon_biggrin.gif HTTP/1.1" 406 - "-" "Mozilla/5.0 (compatible; YandexImages/3.0; +http://yandex.com/bots)"
37.140.141.22 - - [28/Aug/2013:14:48:33 +0300] "GET /wp-includes/images/smilies/icon_eek.gif HTTP/1.1" 406 - "-" "Mozilla/5.0 (compatible; YandexImages/3.0; +http://yandex.com/bots)"
37.140.141.22 - - [28/Aug/2013:14:54:29 +0300] "GET /wp-includes/js/tinymce/themes/advanced/img/gotmoxie.png HTTP/1.1" 406 - "-" "Mozilla/5.0 (compatible; YandexImages/3.0; +http://yandex.com/bots)"
37.140.141.22 - - [28/Aug/2013:15:00:41 +0300] "GET /wp-includes/images/smilies/icon_mad.gif HTTP/1.1" 406 - "-" "Mozilla/5.0 (compatible; YandexImages/3.0; +http://yandex.com/bots)"
37.140.141.22 - - [28/Aug/2013:15:06:55 +0300] "GET /wp-includes/images/smilies/icon_smile.gif HTTP/1.1" 406 - "-" "Mozilla/5.0 (compatible; YandexImages/3.0; +http://yandex.com/bots)"
37.140.141.22 - - [28/Aug/2013:15:12:57 +0300] "GET /wp-includes/images/smilies/icon_evil.gif HTTP/1.1" 406 - "-" "Mozilla/5.0 (compatible; YandexImages/3.0; +http://yandex.com/bots)"
91.207.8.110 - - [28/Aug/2013:15:16:25 +0300] "GET /news/poxod-na-kavkaz-na-majskie-prazdniki-2013/ HTTP/1.1" 403 566 "-" "Mozilla/4.0 (compatible; MSIE 6.0; Windows NT 5.1; SV1; Mozilla/4.0 (compatible; MSIE 6.0; Windows NT 5.1; SV1) )"
91.207.8.110 - - [28/Aug/2013:15:17:58 +0300] "GET /2013/07/22/ HTTP/1.1" 403 566 "-" "Mozilla/4.0 (compatible; MSIE 6.0; Windows NT 5.1; SV1; Mozilla/4.0 (compatible; MSIE 6.0; Windows NT 5.1; SV1) )"
37.140.141.22 - - [28/Aug/2013:15:20:17 +0300] "GET /wp-content/themes/NicePen/images/user.png HTTP/1.1" 406 - "-" "Mozilla/5.0 (compatible; YandexImages/3.0; +http://yandex.com/bots)"
91.207.8.110 - - [28/Aug/2013:15:22:59 +0300] "GET /2013/07/15/ HTTP/1.1" 403 566 "-" "Mozilla/4.0 (compatible; MSIE 6.0; Windows NT 5.1; SV1)"
37.140.141.22 - - [28/Aug/2013:15:26:43 +0300] "GET /wp-content/plugins/mlanguage/img/ru.png HTTP/1.1" 406 - "-" "Mozilla/5.0 (compatible; YandexImages/3.0; +http://yandex.com/bots)"
91.207.8.110 - - [28/Aug/2013:15:30:21 +0300] "GET /2013/05/28/ HTTP/1.1" 403 566 "-" "Mozilla/4.0 (compatible; MSIE 6.0; Windows NT 5.1)"
37.140.141.22 - - [28/Aug/2013:15:31:57 +0300] "GET /wp-includes/images/smilies/icon_razz.gif HTTP/1.1" 406 - "-" "Mozilla/5.0 (compatible; YandexImages/3.0; +http://yandex.com/bots)"
95.161.9.49 - - [28/Aug/2013:15:32:56 +0300] "GET /baraholka/prodam-fingerbord-trenazher-dlya-skalolazov/ HTTP/1.1" 403 566 "http://www.google.ru/imgres?um=1&safe=active&sa=G&hl=ru&biw=1599&bih=795&tbm=isch&tbnid=jnm1PvWyl2BYlM:&imgrefurl=http://turclub.donntu.edu.ua/baraholka/prodam-fingerbord-trenazher-dlya-skalolazov/&docid=qwZGMKUscGM5eM&imgurl=http://cs323421.vk.me/v323421479/5eff/CYgKdqUJhPM.jpg&w=604&h=165&ei=Z_YdUpemNOiT4AT1yoGIDg&zoom=1&ved=1t:3588,r:70,s:0,i:296&iact=rc&page=2&tbnh=105&tbnw=343&start=32&ndsp=39&tx=152&ty=53" "Mozilla/5.0 (Windows NT 6.1; WOW64) AppleWebKit/537.36 (KHTML, like Gecko) Chrome/29.0.1547.62 Safari/537.36"
95.161.9.49 - - [28/Aug/2013:15:32:56 +0300] "GET /favicon.ico HTTP/1.1" 403 557 "-" "Mozilla/5.0 (Windows NT 6.1; WOW64) AppleWebKit/537.36 (KHTML, like Gecko) Chrome/29.0.1547.62 Safari/537.36"
91.207.8.110 - - [28/Aug/2013:15:33:03 +0300] "GET /news/bajdarki-i-katanie-na-parusnikax-na-oskole-25-26-maya/ HTTP/1.1" 403 566 "-" "Mozilla/4.0 (compatible; MSIE 6.0; Windows NT 5.1; SV1)"
193.160.231.190 - - [28/Aug/2013:15:33:19 +0300] "GET /wp-content/pictures/kaukas_2013.jpg HTTP/1.1" 403 557 "http://images.yandex.ru/yandsearch?source=wiz&uinfo=sw-1349-sh-580-fw-1124-fh-448-pd-1&p=6&text=%D0%BA%D0%B0%D0%B2%D0%BA%D0%B0%D0%B7%D1%81%D0%BA%D0%B8%D0%B5%20%D0%B3%D0%BE%D1%80%D1%8B%20%D1%84%D0%BE%D1%82%D0%BE&noreask=1&pos=198&rpt=simage&lr=10807&img_url=http%3A%2F%2Fwww.outdoors.ru%2Fhunter%2Fimg%2Freddeer2.jpg" "Mozilla/5.0 (Windows NT 6.1; WOW64; rv:23.0) Gecko/20100101 Firefox/23.0"
66.249.78.49 - - [28/Aug/2013:15:33:35 +0300] "GET /news/lyzhi-v-mariupole/ HTTP/1.1" 403 566 "-" "Mozilla/5.0 (compatible; Googlebot/2.1; +http://www.google.com/bot.html)"
37.140.141.22 - - [28/Aug/2013:15:38:07 +0300] "GET /icons/unknown.gif HTTP/1.1" 304 - "-" "Mozilla/5.0 (compatible; YandexImages/3.0; +http://yandex.com/bots)"
95.108.245.251 - - [28/Aug/2013:15:40:33 +0300] "GET /contacts/ HTTP/1.1" 403 566 "-" "Mozilla/5.0 (compatible; YandexBot/3.0; +http://yandex.com/bots)"
89.185.16.204 - - [28/Aug/2013:15:41:31 +0300] "GET / HTTP/1.1" 403 566 "http://donntu.edu.ua/index.php?option=com_content&view=article&id=71&Itemid=2&lang=uk" "Mozilla/5.0 (Windows NT 6.1; WOW64) AppleWebKit/537.36 (KHTML, like Gecko) Chrome/28.0.1500.95 Safari/537.36"
89.185.16.204 - - [28/Aug/2013:15:41:32 +0300] "GET /favicon.ico HTTP/1.1" 403 557 "-" "Mozilla/5.0 (Windows NT 6.1; WOW64) AppleWebKit/537.36 (KHTML, like Gecko) Chrome/28.0.1500.95 Safari/537.36"
109.254.100.129 - - [28/Aug/2013:15:41:33 +0300] "GET / HTTP/1.1" 403 566 "http://donntu.edu.ua/index.php?option=com_content&view=article&id=71&Itemid=2&lang=uk" "Mozilla/5.0 (Windows NT 6.2; WOW64) AppleWebKit/537.36 (KHTML, like Gecko) Chrome/29.0.1547.57 Safari/537.36"
109.254.100.129 - - [28/Aug/2013:15:41:34 +0300] "GET /favicon.ico HTTP/1.1" 403 557 "-" "Mozilla/5.0 (Windows NT 6.2; WOW64) AppleWebKit/537.36 (KHTML, like Gecko) Chrome/29.0.1547.57 Safari/537.36"
37.140.141.22 - - [28/Aug/2013:15:43:51 +0300] "GET /wp-includes/images/smilies/icon_redface.gif HTTP/1.1" 406 - "-" "Mozilla/5.0 (compatible; YandexImages/3.0; +http://yandex.com/bots)"
95.25.35.41 - - [28/Aug/2013:15:47:59 +0300] "GET /wp-content/pictures/kaukas_2013.jpg HTTP/1.1" 403 557 "-" "YandexSearch/1480 CFNetwork/609.1.4 Darwin/13.0.0"
37.140.141.22 - - [28/Aug/2013:15:49:47 +0300] "GET /wp-includes/images/wlw/wp-comments.png HTTP/1.1" 406 - "-" "Mozilla/5.0 (compatible; YandexImages/3.0; +http://yandex.com/bots)"
37.140.141.22 - - [28/Aug/2013:15:55:39 +0300] "GET /wp-includes/images/smilies/icon_twisted.gif HTTP/1.1" 406 - "-" "Mozilla/5.0 (compatible; YandexImages/3.0; +http://yandex.com/bots)"
37.140.141.22 - - [28/Aug/2013:16:01:45 +0300] "GET /wp-content/themes/NicePen/images/folder.png HTTP/1.1" 406 - "-" "Mozilla/5.0 (compatible; YandexImages/3.0; +http://yandex.com/bots)"
37.140.141.22 - - [28/Aug/2013:16:07:01 +0300] "GET /wp-includes/js/jcrop/Jcrop.gif HTTP/1.1" 406 - "-" "Mozilla/5.0 (compatible; YandexImages/3.0; +http://yandex.com/bots)"
37.140.141.22 - - [28/Aug/2013:16:12:41 +0300] "GET /wp-content/themes/NicePen/images/socialicons/more.png HTTP/1.1" 406 - "-" "Mozilla/5.0 (compatible; YandexImages/3.0; +http://yandex.com/bots)"
37.140.141.22 - - [28/Aug/2013:16:18:11 +0300] "GET /wp-includes/images/smilies/icon_cry.gif HTTP/1.1" 406 - "-" "Mozilla/5.0 (compatible; YandexImages/3.0; +http://yandex.com/bots)"
66.249.78.49 - - [28/Aug/2013:16:19:38 +0300] "GET /feed/ HTTP/1.1" 403 566 "-" "Mozilla/5.0 (compatible; Googlebot/2.1; +http://www.google.com/bot.html)"
37.140.141.22 - - [28/Aug/2013:16:23:35 +0300] "GET /wp-includes/images/smilies/icon_lol.gif HTTP/1.1" 406 - "-" "Mozilla/5.0 (compatible; YandexImages/3.0; +http://yandex.com/bots)"
91.207.8.110 - - [28/Aug/2013:16:27:05 +0300] "GET /2013/03/24/ HTTP/1.1" 403 566 "-" "Mozilla/4.0 (compatible; MSIE 6.0; Windows NT 5.1; SV1; Mozilla/4.0 (compatible; MSIE 6.0; Windows NT 5.1; SV1) ; .NET CLR 2.0.50727 ; .NET CLR 4.0.30319)"
91.207.8.110 - - [28/Aug/2013:16:28:49 +0300] "GET /2013/07/19/ HTTP/1.1" 403 566 "-" "Mozilla/4.0 (compatible; MSIE 6.0; Windows NT 5.1; SV1; Mozilla/4.0 (compatible; MSIE 6.0; Windows NT 5.1; SV1) ; .NET CLR 1.0.3705)"
37.140.141.22 - - [28/Aug/2013:16:29:39 +0300] "GET /wp-includes/js/imgareaselect/border-anim-v.gif HTTP/1.1" 406 - "-" "Mozilla/5.0 (compatible; YandexImages/3.0; +http://yandex.com/bots)"
91.192.160.40 - - [28/Aug/2013:16:34:06 +0300] "GET / HTTP/1.1" 403 566 "http://donntu.edu.ua/index.php?option=com_content&view=article&id=71&Itemid=2&lang=uk" "Mozilla/5.0 (compatible; MSIE 10.0; Windows NT 6.1; WOW64; Trident/6.0)"
37.140.141.22 - - [28/Aug/2013:16:36:01 +0300] "GET /wp-content/themes/NicePen/images/socialicons/favorites.png HTTP/1.1" 406 - "-" "Mozilla/5.0 (compatible; YandexImages/3.0; +http://yandex.com/bots)"
37.140.141.22 - - [28/Aug/2013:16:42:08 +0300] "GET /wp-includes/images/smilies/icon_idea.gif HTTP/1.1" 406 - "-" "Mozilla/5.0 (compatible; YandexImages/3.0; +http://yandex.com/bots)"
37.140.141.22 - - [28/Aug/2013:16:48:27 +0300] "GET /wp-includes/images/smilies/icon_exclaim.gif HTTP/1.1" 406 - "-" "Mozilla/5.0 (compatible; YandexImages/3.0; +http://yandex.com/bots)"
66.249.78.49 - - [28/Aug/2013:16:54:20 +0300] "GET /news/2ka_gruziya_2013/ HTTP/1.1" 403 566 "-" "Mozilla/5.0 (compatible; Googlebot/2.1; +http://www.google.com/bot.html)"
37.140.141.22 - - [28/Aug/2013:16:54:57 +0300] "GET /wp-includes/js/tinymce/plugins/wpeditimage/img/image.png HTTP/1.1" 406 - "-" "Mozilla/5.0 (compatible; YandexImages/3.0; +http://yandex.com/bots)"
93.89.219.91 - - [28/Aug/2013:16:55:31 +0300] "GET /wp-content/themes/NicePen/jdgallery/mootools-1.2.5-core-yc.js HTTP/1.1" 403 557 "http://turclub.donntu.edu.ua/" "Mozilla/5.0 (Windows NT 6.1; WOW64) AppleWebKit/537.22 (KHTML, like Gecko) Chrome/25.0.1364.172 YaBrowser/1.7.1364.21027 Safari/537.22"
93.89.219.91 - - [28/Aug/2013:16:55:31 +0300] "GET /wp-content/themes/NicePen/menu/mootools-1.2.5-core-yc.js HTTP/1.1" 403 557 "http://turclub.donntu.edu.ua/" "Mozilla/5.0 (Windows NT 6.1; WOW64) AppleWebKit/537.22 (KHTML, like Gecko) Chrome/25.0.1364.172 YaBrowser/1.7.1364.21027 Safari/537.22"
93.89.219.91 - - [28/Aug/2013:16:55:31 +0300] "GET /wp-content/themes/NicePen/jdgallery/mootools-1.2-more.js HTTP/1.1" 403 557 "http://turclub.donntu.edu.ua/" "Mozilla/5.0 (Windows NT 6.1; WOW64) AppleWebKit/537.22 (KHTML, like Gecko) Chrome/25.0.1364.172 YaBrowser/1.7.1364.21027 Safari/537.22"
93.89.219.91 - - [28/Aug/2013:16:55:31 +0300] "GET /wp-content/themes/NicePen/menu/MenuMatic_0.68.3.js HTTP/1.1" 403 557 "http://turclub.donntu.edu.ua/" "Mozilla/5.0 (Windows NT 6.1; WOW64) AppleWebKit/537.22 (KHTML, like Gecko) Chrome/25.0.1364.172 YaBrowser/1.7.1364.21027 Safari/537.22"
93.89.219.91 - - [28/Aug/2013:16:55:31 +0300] "GET /wp-includes/js/l10n.js?ver=20101110 HTTP/1.1" 403 557 "http://turclub.donntu.edu.ua/" "Mozilla/5.0 (Windows NT 6.1; WOW64) AppleWebKit/537.22 (KHTML, like Gecko) Chrome/25.0.1364.172 YaBrowser/1.7.1364.21027 Safari/537.22"
93.89.219.91 - - [28/Aug/2013:16:55:31 +0300] "GET /wp-content/themes/NicePen/jdgallery/jd.gallery.js HTTP/1.1" 403 557 "http://turclub.donntu.edu.ua/" "Mozilla/5.0 (Windows NT 6.1; WOW64) AppleWebKit/537.22 (KHTML, like Gecko) Chrome/25.0.1364.172 YaBrowser/1.7.1364.21027 Safari/537.22"
93.89.219.91 - - [28/Aug/2013:16:55:31 +0300] "GET /wp-includes/js/jquery/jquery.js?ver=1.6.1 HTTP/1.1" 403 557 "http://turclub.donntu.edu.ua/" "Mozilla/5.0 (Windows NT 6.1; WOW64) AppleWebKit/537.22 (KHTML, like Gecko) Chrome/25.0.1364.172 YaBrowser/1.7.1364.21027 Safari/537.22"
93.89.219.91 - - [28/Aug/2013:16:55:32 +0300] "GET /wp-content/plugins/events-calendar/js/jquery.bgiframe.js?ver=2.1 HTTP/1.1" 403 557 "http://turclub.donntu.edu.ua/" "Mozilla/5.0 (Windows NT 6.1; WOW64) AppleWebKit/537.22 (KHTML, like Gecko) Chrome/25.0.1364.172 YaBrowser/1.7.1364.21027 Safari/537.22"
93.89.219.91 - - [28/Aug/2013:16:55:32 +0300] "GET /wp-content/plugins/events-calendar/js/jquery.tooltip.min.js?ver=1.3 HTTP/1.1" 403 557 "http://turclub.donntu.edu.ua/" "Mozilla/5.0 (Windows NT 6.1; WOW64) AppleWebKit/537.22 (KHTML, like Gecko) Chrome/25.0.1364.172 YaBrowser/1.7.1364.21027 Safari/537.22"
93.89.219.91 - - [28/Aug/2013:16:55:32 +0300] "GET /wp-content/plugins/mlanguage/mlanguage.js?ver=3.2.1 HTTP/1.1" 403 557 "http://turclub.donntu.edu.ua/" "Mozilla/5.0 (Windows NT 6.1; WOW64) AppleWebKit/537.22 (KHTML, like Gecko) Chrome/25.0.1364.172 YaBrowser/1.7.1364.21027 Safari/537.22"
93.89.219.91 - - [28/Aug/2013:16:55:32 +0300] "GET /wp-content/plugins/wp-monalisa/wpml_script.js?ver=9999 HTTP/1.1" 403 557 "http://turclub.donntu.edu.ua/" "Mozilla/5.0 (Windows NT 6.1; WOW64) AppleWebKit/537.22 (KHTML, like Gecko) Chrome/25.0.1364.172 YaBrowser/1.7.1364.21027 Safari/537.22"
93.89.219.91 - - [28/Aug/2013:16:55:33 +0300] "GET /wp-content/plugins/cforms/js/cforms.js HTTP/1.1" 403 557 "http://turclub.donntu.edu.ua/" "Mozilla/5.0 (Windows NT 6.1; WOW64) AppleWebKit/537.22 (KHTML, like Gecko) Chrome/25.0.1364.172 YaBrowser/1.7.1364.21027 Safari/537.22"
93.89.219.91 - - [28/Aug/2013:16:55:33 +0300] "GET /wp-includes/js/jquery/ui.core.js?ver=1.8.12 HTTP/1.1" 403 557 "http://turclub.donntu.edu.ua/" "Mozilla/5.0 (Windows NT 6.1; WOW64) AppleWebKit/537.22 (KHTML, like Gecko) Chrome/25.0.1364.172 YaBrowser/1.7.1364.21027 Safari/537.22"
93.89.219.91 - - [28/Aug/2013:16:55:33 +0300] "GET /wp-content/themes/NicePen/jdgallery/jd.gallery.transitions.js HTTP/1.1" 403 557 "http://turclub.donntu.edu.ua/" "Mozilla/5.0 (Windows NT 6.1; WOW64) AppleWebKit/537.22 (KHTML, like Gecko) Chrome/25.0.1364.172 YaBrowser/1.7.1364.21027 Safari/537.22"
93.89.219.91 - - [28/Aug/2013:16:55:33 +0300] "GET /wp-includes/js/thickbox/thickbox.js?ver=3.1-20110528 HTTP/1.1" 403 557 "http://turclub.donntu.edu.ua/" "Mozilla/5.0 (Windows NT 6.1; WOW64) AppleWebKit/537.22 (KHTML, like Gecko) Chrome/25.0.1364.172 YaBrowser/1.7.1364.21027 Safari/537.22"
93.89.219.91 - - [28/Aug/2013:16:55:35 +0300] "GET /favicon.ico HTTP/1.1" 403 557 "-" "Mozilla/5.0 (Windows NT 6.1; WOW64) AppleWebKit/537.22 (KHTML, like Gecko) Chrome/25.0.1364.172 YaBrowser/1.7.1364.21027 Safari/537.22"
37.140.141.22 - - [28/Aug/2013:17:01:09 +0300] "GET /wp-includes/js/imgareaselect/border-anim-h.gif HTTP/1.1" 406 - "-" "Mozilla/5.0 (compatible; YandexImages/3.0; +http://yandex.com/bots)"
91.207.8.110 - - [28/Aug/2013:17:03:39 +0300] "GET /2013/04/09/ HTTP/1.1" 403 566 "-" "Mozilla/4.0 (compatible; MSIE 6.0; Windows NT 5.1; SV1; Mozilla/4.0 (compatible; MSIE 6.0; Windows NT 5.1; SV1) )"
37.140.141.22 - - [28/Aug/2013:17:07:19 +0300] "GET /icons/back.gif HTTP/1.1" 304 - "-" "Mozilla/5.0 (compatible; YandexImages/3.0; +http://yandex.com/bots)"
109.254.29.185 - - [28/Aug/2013:17:09:28 +0300] "GET / HTTP/1.1" 403 566 "http://donntu.edu.ua/index.php?option=com_content&view=article&id=71&Itemid=2&lang=uk" "Mozilla/5.0 (Windows NT 6.1) AppleWebKit/537.36 (KHTML, like Gecko) Chrome/29.0.1547.57 Safari/537.36"
109.254.29.185 - - [28/Aug/2013:17:09:28 +0300] "GET /favicon.ico HTTP/1.1" 403 557 "-" "Mozilla/5.0 (Windows NT 6.1) AppleWebKit/537.36 (KHTML, like Gecko) Chrome/29.0.1547.57 Safari/537.36"
109.254.29.185 - - [28/Aug/2013:17:09:31 +0300] "GET / HTTP/1.1" 403 566 "http://donntu.edu.ua/index.php?option=com_content&view=article&id=71&Itemid=2&lang=uk" "Mozilla/5.0 (Windows NT 6.1) AppleWebKit/537.36 (KHTML, like Gecko) Chrome/29.0.1547.57 Safari/537.36"
109.254.29.185 - - [28/Aug/2013:17:09:32 +0300] "GET /favicon.ico HTTP/1.1" 403 557 "-" "Mozilla/5.0 (Windows NT 6.1) AppleWebKit/537.36 (KHTML, like Gecko) Chrome/29.0.1547.57 Safari/537.36"
37.140.141.22 - - [28/Aug/2013:17:14:33 +0300] "GET /wp-content/themes/NicePen/images/user.png HTTP/1.1" 406 - "-" "Mozilla/5.0 (compatible; YandexImages/3.0; +http://yandex.com/bots)"
37.140.141.22 - - [28/Aug/2013:17:21:40 +0300] "GET /robots.txt HTTP/1.1" 403 871 "-" "Mozilla/5.0 (compatible; YandexImages/3.0; +http://yandex.com/bots)"
93.89.219.91 - - [28/Aug/2013:17:22:28 +0300] "GET /wp-content/themes/NicePen/jdgallery/mootools-1.2.5-core-yc.js HTTP/1.1" 403 557 "http://turclub.donntu.edu.ua/" "Mozilla/5.0 (Windows NT 6.1; WOW64) AppleWebKit/537.22 (KHTML, like Gecko) Chrome/25.0.1364.172 YaBrowser/1.7.1364.21027 Safari/537.22"
93.89.219.91 - - [28/Aug/2013:17:22:28 +0300] "GET /wp-content/themes/NicePen/menu/mootools-1.2.5-core-yc.js HTTP/1.1" 403 557 "http://turclub.donntu.edu.ua/" "Mozilla/5.0 (Windows NT 6.1; WOW64) AppleWebKit/537.22 (KHTML, like Gecko) Chrome/25.0.1364.172 YaBrowser/1.7.1364.21027 Safari/537.22"
93.89.219.91 - - [28/Aug/2013:17:22:28 +0300] "GET /wp-content/themes/NicePen/jdgallery/mootools-1.2-more.js HTTP/1.1" 403 557 "http://turclub.donntu.edu.ua/" "Mozilla/5.0 (Windows NT 6.1; WOW64) AppleWebKit/537.22 (KHTML, like Gecko) Chrome/25.0.1364.172 YaBrowser/1.7.1364.21027 Safari/537.22"
93.89.219.91 - - [28/Aug/2013:17:22:30 +0300] "GET /wp-content/themes/NicePen/menu/MenuMatic_0.68.3.js HTTP/1.1" 403 557 "http://turclub.donntu.edu.ua/" "Mozilla/5.0 (Windows NT 6.1; WOW64) AppleWebKit/537.22 (KHTML, like Gecko) Chrome/25.0.1364.172 YaBrowser/1.7.1364.21027 Safari/537.22"
93.89.219.91 - - [28/Aug/2013:17:22:30 +0300] "GET /wp-includes/js/l10n.js?ver=20101110 HTTP/1.1" 403 557 "http://turclub.donntu.edu.ua/" "Mozilla/5.0 (Windows NT 6.1; WOW64) AppleWebKit/537.22 (KHTML, like Gecko) Chrome/25.0.1364.172 YaBrowser/1.7.1364.21027 Safari/537.22"
93.89.219.91 - - [28/Aug/2013:17:22:30 +0300] "GET /wp-content/themes/NicePen/jdgallery/jd.gallery.js HTTP/1.1" 403 557 "http://turclub.donntu.edu.ua/" "Mozilla/5.0 (Windows NT 6.1; WOW64) AppleWebKit/537.22 (KHTML, like Gecko) Chrome/25.0.1364.172 YaBrowser/1.7.1364.21027 Safari/537.22"
93.89.219.91 - - [28/Aug/2013:17:22:30 +0300] "GET /wp-includes/js/jquery/jquery.js?ver=1.6.1 HTTP/1.1" 403 557 "http://turclub.donntu.edu.ua/" "Mozilla/5.0 (Windows NT 6.1; WOW64) AppleWebKit/537.22 (KHTML, like Gecko) Chrome/25.0.1364.172 YaBrowser/1.7.1364.21027 Safari/537.22"
93.89.219.91 - - [28/Aug/2013:17:22:30 +0300] "GET /wp-content/themes/NicePen/jdgallery/jd.gallery.transitions.js HTTP/1.1" 403 557 "http://turclub.donntu.edu.ua/" "Mozilla/5.0 (Windows NT 6.1; WOW64) AppleWebKit/537.22 (KHTML, like Gecko) Chrome/25.0.1364.172 YaBrowser/1.7.1364.21027 Safari/537.22"
93.89.219.91 - - [28/Aug/2013:17:22:30 +0300] "GET /wp-content/plugins/events-calendar/js/jquery.bgiframe.js?ver=2.1 HTTP/1.1" 403 557 "http://turclub.donntu.edu.ua/" "Mozilla/5.0 (Windows NT 6.1; WOW64) AppleWebKit/537.22 (KHTML, like Gecko) Chrome/25.0.1364.172 YaBrowser/1.7.1364.21027 Safari/537.22"
93.89.219.91 - - [28/Aug/2013:17:22:30 +0300] "GET /wp-content/plugins/events-calendar/js/jquery.tooltip.min.js?ver=1.3 HTTP/1.1" 403 557 "http://turclub.donntu.edu.ua/" "Mozilla/5.0 (Windows NT 6.1; WOW64) AppleWebKit/537.22 (KHTML, like Gecko) Chrome/25.0.1364.172 YaBrowser/1.7.1364.21027 Safari/537.22"
93.89.219.91 - - [28/Aug/2013:17:22:30 +0300] "GET /wp-content/plugins/mlanguage/mlanguage.js?ver=3.2.1 HTTP/1.1" 403 557 "http://turclub.donntu.edu.ua/" "Mozilla/5.0 (Windows NT 6.1; WOW64) AppleWebKit/537.22 (KHTML, like Gecko) Chrome/25.0.1364.172 YaBrowser/1.7.1364.21027 Safari/537.22"
93.89.219.91 - - [28/Aug/2013:17:22:30 +0300] "GET /wp-content/plugins/wp-monalisa/wpml_script.js?ver=9999 HTTP/1.1" 403 557 "http://turclub.donntu.edu.ua/" "Mozilla/5.0 (Windows NT 6.1; WOW64) AppleWebKit/537.22 (KHTML, like Gecko) Chrome/25.0.1364.172 YaBrowser/1.7.1364.21027 Safari/537.22"
93.89.219.91 - - [28/Aug/2013:17:22:30 +0300] "GET /wp-content/plugins/cforms/js/cforms.js HTTP/1.1" 403 557 "http://turclub.donntu.edu.ua/" "Mozilla/5.0 (Windows NT 6.1; WOW64) AppleWebKit/537.22 (KHTML, like Gecko) Chrome/25.0.1364.172 YaBrowser/1.7.1364.21027 Safari/537.22"
93.89.219.91 - - [28/Aug/2013:17:22:30 +0300] "GET /wp-includes/js/jquery/ui.core.js?ver=1.8.12 HTTP/1.1" 403 557 "http://turclub.donntu.edu.ua/" "Mozilla/5.0 (Windows NT 6.1; WOW64) AppleWebKit/537.22 (KHTML, like Gecko) Chrome/25.0.1364.172 YaBrowser/1.7.1364.21027 Safari/537.22"
93.89.219.91 - - [28/Aug/2013:17:22:30 +0300] "GET /wp-includes/js/thickbox/thickbox.js?ver=3.1-20110528 HTTP/1.1" 403 557 "http://turclub.donntu.edu.ua/" "Mozilla/5.0 (Windows NT 6.1; WOW64) AppleWebKit/537.22 (KHTML, like Gecko) Chrome/25.0.1364.172 YaBrowser/1.7.1364.21027 Safari/537.22"
93.89.219.91 - - [28/Aug/2013:17:22:32 +0300] "GET /wp-content/themes/NicePen/jdgallery/mootools-1.2.5-core-yc.js HTTP/1.1" 403 557 "http://turclub.donntu.edu.ua/" "Mozilla/5.0 (Windows NT 6.1; WOW64) AppleWebKit/537.22 (KHTML, like Gecko) Chrome/25.0.1364.172 YaBrowser/1.7.1364.21027 Safari/537.22"
93.89.219.91 - - [28/Aug/2013:17:22:32 +0300] "GET /wp-content/themes/NicePen/menu/mootools-1.2.5-core-yc.js HTTP/1.1" 403 557 "http://turclub.donntu.edu.ua/" "Mozilla/5.0 (Windows NT 6.1; WOW64) AppleWebKit/537.22 (KHTML, like Gecko) Chrome/25.0.1364.172 YaBrowser/1.7.1364.21027 Safari/537.22"
93.89.219.91 - - [28/Aug/2013:17:22:32 +0300] "GET /wp-content/themes/NicePen/jdgallery/mootools-1.2-more.js HTTP/1.1" 403 557 "http://turclub.donntu.edu.ua/" "Mozilla/5.0 (Windows NT 6.1; WOW64) AppleWebKit/537.22 (KHTML, like Gecko) Chrome/25.0.1364.172 YaBrowser/1.7.1364.21027 Safari/537.22"
93.89.219.91 - - [28/Aug/2013:17:22:32 +0300] "GET /wp-content/themes/NicePen/menu/MenuMatic_0.68.3.js HTTP/1.1" 403 557 "http://turclub.donntu.edu.ua/" "Mozilla/5.0 (Windows NT 6.1; WOW64) AppleWebKit/537.22 (KHTML, like Gecko) Chrome/25.0.1364.172 YaBrowser/1.7.1364.21027 Safari/537.22"
93.89.219.91 - - [28/Aug/2013:17:22:32 +0300] "GET /wp-includes/js/l10n.js?ver=20101110 HTTP/1.1" 403 557 "http://turclub.donntu.edu.ua/" "Mozilla/5.0 (Windows NT 6.1; WOW64) AppleWebKit/537.22 (KHTML, like Gecko) Chrome/25.0.1364.172 YaBrowser/1.7.1364.21027 Safari/537.22"
93.89.219.91 - - [28/Aug/2013:17:22:32 +0300] "GET /wp-content/themes/NicePen/jdgallery/jd.gallery.js HTTP/1.1" 403 557 "http://turclub.donntu.edu.ua/" "Mozilla/5.0 (Windows NT 6.1; WOW64) AppleWebKit/537.22 (KHTML, like Gecko) Chrome/25.0.1364.172 YaBrowser/1.7.1364.21027 Safari/537.22"
93.89.219.91 - - [28/Aug/2013:17:22:32 +0300] "GET /wp-includes/js/jquery/jquery.js?ver=1.6.1 HTTP/1.1" 403 557 "http://turclub.donntu.edu.ua/" "Mozilla/5.0 (Windows NT 6.1; WOW64) AppleWebKit/537.22 (KHTML, like Gecko) Chrome/25.0.1364.172 YaBrowser/1.7.1364.21027 Safari/537.22"
93.89.219.91 - - [28/Aug/2013:17:22:32 +0300] "GET /wp-content/themes/NicePen/jdgallery/jd.gallery.transitions.js HTTP/1.1" 403 557 "http://turclub.donntu.edu.ua/" "Mozilla/5.0 (Windows NT 6.1; WOW64) AppleWebKit/537.22 (KHTML, like Gecko) Chrome/25.0.1364.172 YaBrowser/1.7.1364.21027 Safari/537.22"
93.89.219.91 - - [28/Aug/2013:17:22:32 +0300] "GET /wp-content/plugins/events-calendar/js/jquery.bgiframe.js?ver=2.1 HTTP/1.1" 403 557 "http://turclub.donntu.edu.ua/" "Mozilla/5.0 (Windows NT 6.1; WOW64) AppleWebKit/537.22 (KHTML, like Gecko) Chrome/25.0.1364.172 YaBrowser/1.7.1364.21027 Safari/537.22"
93.89.219.91 - - [28/Aug/2013:17:22:32 +0300] "GET /wp-content/plugins/events-calendar/js/jquery.tooltip.min.js?ver=1.3 HTTP/1.1" 403 557 "http://turclub.donntu.edu.ua/" "Mozilla/5.0 (Windows NT 6.1; WOW64) AppleWebKit/537.22 (KHTML, like Gecko) Chrome/25.0.1364.172 YaBrowser/1.7.1364.21027 Safari/537.22"
93.89.219.91 - - [28/Aug/2013:17:22:32 +0300] "GET /wp-content/plugins/mlanguage/mlanguage.js?ver=3.2.1 HTTP/1.1" 403 557 "http://turclub.donntu.edu.ua/" "Mozilla/5.0 (Windows NT 6.1; WOW64) AppleWebKit/537.22 (KHTML, like Gecko) Chrome/25.0.1364.172 YaBrowser/1.7.1364.21027 Safari/537.22"
93.89.219.91 - - [28/Aug/2013:17:22:32 +0300] "GET /wp-content/plugins/wp-monalisa/wpml_script.js?ver=9999 HTTP/1.1" 403 557 "http://turclub.donntu.edu.ua/" "Mozilla/5.0 (Windows NT 6.1; WOW64) AppleWebKit/537.22 (KHTML, like Gecko) Chrome/25.0.1364.172 YaBrowser/1.7.1364.21027 Safari/537.22"
93.89.219.91 - - [28/Aug/2013:17:22:32 +0300] "GET /wp-content/plugins/cforms/js/cforms.js HTTP/1.1" 403 557 "http://turclub.donntu.edu.ua/" "Mozilla/5.0 (Windows NT 6.1; WOW64) AppleWebKit/537.22 (KHTML, like Gecko) Chrome/25.0.1364.172 YaBrowser/1.7.1364.21027 Safari/537.22"
93.89.219.91 - - [28/Aug/2013:17:22:32 +0300] "GET /wp-includes/js/jquery/ui.core.js?ver=1.8.12 HTTP/1.1" 403 557 "http://turclub.donntu.edu.ua/" "Mozilla/5.0 (Windows NT 6.1; WOW64) AppleWebKit/537.22 (KHTML, like Gecko) Chrome/25.0.1364.172 YaBrowser/1.7.1364.21027 Safari/537.22"
93.89.219.91 - - [28/Aug/2013:17:22:32 +0300] "GET /wp-includes/js/thickbox/thickbox.js?ver=3.1-20110528 HTTP/1.1" 403 557 "http://turclub.donntu.edu.ua/" "Mozilla/5.0 (Windows NT 6.1; WOW64) AppleWebKit/537.22 (KHTML, like Gecko) Chrome/25.0.1364.172 YaBrowser/1.7.1364.21027 Safari/537.22"
91.207.8.110 - - [28/Aug/2013:17:26:10 +0300] "GET /news/dvuxnedelnye-kursy-izucheniya-anglijskogo-v-anglii-15-26-iyulya/ HTTP/1.1" 403 566 "-" "Mozilla/4.0 (compatible; MSIE 6.0; Windows NT 5.1; SV1; Mozilla/4.0 (compatible; MSIE 6.0; Windows NT 5.1; SV1) ; .NET CLR 2.0.50727 ; .NET CLR 4.0.30319)"
91.219.199.167 - - [28/Aug/2013:17:28:08 +0300] "GET / HTTP/1.1" 403 566 "http://www.google.com.ua/url?sa=t&rct=j&q=&esrc=s&source=web&cd=1&cad=rja&ved=0CCsQFjAA&url=http%3A%2F%2Fturclub.donntu.edu.ua%2F&ei=mREeUuCkAcWo4gTO-YGoBQ&usg=AFQjCNGGJoCLQ-Mw5F3PB-MGd9Wl-I9QUQ&bvm=bv.51156542,d.bGE" "Opera/9.80 (Windows NT 6.1; Distribution 00) Presto/2.12.388 Version/12.16"
91.219.199.167 - - [28/Aug/2013:17:28:08 +0300] "GET /favicon.ico HTTP/1.1" 403 557 "http://turclub.donntu.edu.ua/" "Opera/9.80 (Windows NT 6.1; Distribution 00) Presto/2.12.388 Version/12.16"
37.140.141.22 - - [28/Aug/2013:17:28:32 +0300] "GET /icons/back.gif HTTP/1.1" 304 - "-" "Mozilla/5.0 (compatible; YandexImages/3.0; +http://yandex.com/bots)"
93.89.219.91 - - [28/Aug/2013:17:29:53 +0300] "GET /wp-content/themes/NicePen/jdgallery/mootools-1.2.5-core-yc.js HTTP/1.1" 403 557 "http://turclub.donntu.edu.ua/" "Mozilla/5.0 (Windows NT 6.1; WOW64) AppleWebKit/537.22 (KHTML, like Gecko) Chrome/25.0.1364.172 YaBrowser/1.7.1364.21027 Safari/537.22"
93.89.219.91 - - [28/Aug/2013:17:29:53 +0300] "GET /wp-content/themes/NicePen/menu/mootools-1.2.5-core-yc.js HTTP/1.1" 403 557 "http://turclub.donntu.edu.ua/" "Mozilla/5.0 (Windows NT 6.1; WOW64) AppleWebKit/537.22 (KHTML, like Gecko) Chrome/25.0.1364.172 YaBrowser/1.7.1364.21027 Safari/537.22"
93.89.219.91 - - [28/Aug/2013:17:29:53 +0300] "GET /wp-content/themes/NicePen/jdgallery/mootools-1.2-more.js HTTP/1.1" 403 557 "http://turclub.donntu.edu.ua/" "Mozilla/5.0 (Windows NT 6.1; WOW64) AppleWebKit/537.22 (KHTML, like Gecko) Chrome/25.0.1364.172 YaBrowser/1.7.1364.21027 Safari/537.22"
93.89.219.91 - - [28/Aug/2013:17:29:53 +0300] "GET /wp-content/themes/NicePen/menu/MenuMatic_0.68.3.js HTTP/1.1" 403 557 "http://turclub.donntu.edu.ua/" "Mozilla/5.0 (Windows NT 6.1; WOW64) AppleWebKit/537.22 (KHTML, like Gecko) Chrome/25.0.1364.172 YaBrowser/1.7.1364.21027 Safari/537.22"
93.89.219.91 - - [28/Aug/2013:17:29:53 +0300] "GET /wp-includes/js/l10n.js?ver=20101110 HTTP/1.1" 403 557 "http://turclub.donntu.edu.ua/" "Mozilla/5.0 (Windows NT 6.1; WOW64) AppleWebKit/537.22 (KHTML, like Gecko) Chrome/25.0.1364.172 YaBrowser/1.7.1364.21027 Safari/537.22"
93.89.219.91 - - [28/Aug/2013:17:29:53 +0300] "GET /wp-content/themes/NicePen/jdgallery/jd.gallery.js HTTP/1.1" 403 557 "http://turclub.donntu.edu.ua/" "Mozilla/5.0 (Windows NT 6.1; WOW64) AppleWebKit/537.22 (KHTML, like Gecko) Chrome/25.0.1364.172 YaBrowser/1.7.1364.21027 Safari/537.22"
93.89.219.91 - - [28/Aug/2013:17:29:53 +0300] "GET /wp-includes/js/jquery/jquery.js?ver=1.6.1 HTTP/1.1" 403 557 "http://turclub.donntu.edu.ua/" "Mozilla/5.0 (Windows NT 6.1; WOW64) AppleWebKit/537.22 (KHTML, like Gecko) Chrome/25.0.1364.172 YaBrowser/1.7.1364.21027 Safari/537.22"
93.89.219.91 - - [28/Aug/2013:17:29:53 +0300] "GET /wp-content/themes/NicePen/jdgallery/jd.gallery.transitions.js HTTP/1.1" 403 557 "http://turclub.donntu.edu.ua/" "Mozilla/5.0 (Windows NT 6.1; WOW64) AppleWebKit/537.22 (KHTML, like Gecko) Chrome/25.0.1364.172 YaBrowser/1.7.1364.21027 Safari/537.22"
93.89.219.91 - - [28/Aug/2013:17:29:53 +0300] "GET /wp-content/plugins/events-calendar/js/jquery.bgiframe.js?ver=2.1 HTTP/1.1" 403 557 "http://turclub.donntu.edu.ua/" "Mozilla/5.0 (Windows NT 6.1; WOW64) AppleWebKit/537.22 (KHTML, like Gecko) Chrome/25.0.1364.172 YaBrowser/1.7.1364.21027 Safari/537.22"
93.89.219.91 - - [28/Aug/2013:17:29:53 +0300] "GET /wp-content/plugins/events-calendar/js/jquery.tooltip.min.js?ver=1.3 HTTP/1.1" 403 557 "http://turclub.donntu.edu.ua/" "Mozilla/5.0 (Windows NT 6.1; WOW64) AppleWebKit/537.22 (KHTML, like Gecko) Chrome/25.0.1364.172 YaBrowser/1.7.1364.21027 Safari/537.22"
93.89.219.91 - - [28/Aug/2013:17:29:53 +0300] "GET /wp-content/plugins/mlanguage/mlanguage.js?ver=3.2.1 HTTP/1.1" 403 557 "http://turclub.donntu.edu.ua/" "Mozilla/5.0 (Windows NT 6.1; WOW64) AppleWebKit/537.22 (KHTML, like Gecko) Chrome/25.0.1364.172 YaBrowser/1.7.1364.21027 Safari/537.22"
93.89.219.91 - - [28/Aug/2013:17:29:53 +0300] "GET /wp-content/plugins/wp-monalisa/wpml_script.js?ver=9999 HTTP/1.1" 403 557 "http://turclub.donntu.edu.ua/" "Mozilla/5.0 (Windows NT 6.1; WOW64) AppleWebKit/537.22 (KHTML, like Gecko) Chrome/25.0.1364.172 YaBrowser/1.7.1364.21027 Safari/537.22"
93.89.219.91 - - [28/Aug/2013:17:29:53 +0300] "GET /wp-content/plugins/cforms/js/cforms.js HTTP/1.1" 403 557 "http://turclub.donntu.edu.ua/" "Mozilla/5.0 (Windows NT 6.1; WOW64) AppleWebKit/537.22 (KHTML, like Gecko) Chrome/25.0.1364.172 YaBrowser/1.7.1364.21027 Safari/537.22"
93.89.219.91 - - [28/Aug/2013:17:29:54 +0300] "GET /wp-includes/js/jquery/ui.core.js?ver=1.8.12 HTTP/1.1" 403 557 "http://turclub.donntu.edu.ua/" "Mozilla/5.0 (Windows NT 6.1; WOW64) AppleWebKit/537.22 (KHTML, like Gecko) Chrome/25.0.1364.172 YaBrowser/1.7.1364.21027 Safari/537.22"
93.89.219.91 - - [28/Aug/2013:17:29:54 +0300] "GET /wp-includes/js/thickbox/thickbox.js?ver=3.1-20110528 HTTP/1.1" 403 557 "http://turclub.donntu.edu.ua/" "Mozilla/5.0 (Windows NT 6.1; WOW64) AppleWebKit/537.22 (KHTML, like Gecko) Chrome/25.0.1364.172 YaBrowser/1.7.1364.21027 Safari/537.22"
93.89.219.91 - - [28/Aug/2013:17:30:16 +0300] "GET /wp-content/themes/NicePen/jdgallery/mootools-1.2.5-core-yc.js HTTP/1.1" 403 557 "http://turclub.donntu.edu.ua/" "Mozilla/5.0 (Windows NT 6.1; WOW64) AppleWebKit/537.22 (KHTML, like Gecko) Chrome/25.0.1364.172 YaBrowser/1.7.1364.21027 Safari/537.22"
93.89.219.91 - - [28/Aug/2013:17:30:16 +0300] "GET /wp-content/themes/NicePen/menu/mootools-1.2.5-core-yc.js HTTP/1.1" 403 557 "http://turclub.donntu.edu.ua/" "Mozilla/5.0 (Windows NT 6.1; WOW64) AppleWebKit/537.22 (KHTML, like Gecko) Chrome/25.0.1364.172 YaBrowser/1.7.1364.21027 Safari/537.22"
93.89.219.91 - - [28/Aug/2013:17:30:16 +0300] "GET /wp-content/themes/NicePen/jdgallery/mootools-1.2-more.js HTTP/1.1" 403 557 "http://turclub.donntu.edu.ua/" "Mozilla/5.0 (Windows NT 6.1; WOW64) AppleWebKit/537.22 (KHTML, like Gecko) Chrome/25.0.1364.172 YaBrowser/1.7.1364.21027 Safari/537.22"
93.89.219.91 - - [28/Aug/2013:17:30:17 +0300] "GET /wp-content/themes/NicePen/menu/MenuMatic_0.68.3.js HTTP/1.1" 403 557 "http://turclub.donntu.edu.ua/" "Mozilla/5.0 (Windows NT 6.1; WOW64) AppleWebKit/537.22 (KHTML, like Gecko) Chrome/25.0.1364.172 YaBrowser/1.7.1364.21027 Safari/537.22"
