93.74.209.51 - - [28/Aug/2013:23:24:23 +0300] "GET /wp-content/plugins/events-calendar/css/ec-tooltips.css HTTP/1.1" 200 1548 "http://turclub.donntu.edu.ua/baraholka/prodam-fingerbord-trenazher-dlya-skalolazov/" "Mozilla/5.0 (compatible; MSIE 9.0; Windows NT 6.1; Trident/5.0)"
93.74.209.51 - - [28/Aug/2013:23:24:23 +0300] "GET /wp-content/themes/NicePen/images/search.png HTTP/1.1" 200 407 "http://turclub.donntu.edu.ua/baraholka/prodam-fingerbord-trenazher-dlya-skalolazov/" "Mozilla/5.0 (compatible; MSIE 9.0; Windows NT 6.1; Trident/5.0)"
93.74.209.51 - - [28/Aug/2013:23:24:23 +0300] "GET /wp-content/themes/NicePen/images/background.png HTTP/1.1" 200 241 "http://turclub.donntu.edu.ua/baraholka/prodam-fingerbord-trenazher-dlya-skalolazov/" "Mozilla/5.0 (compatible; MSIE 9.0; Windows NT 6.1; Trident/5.0)"
93.74.209.51 - - [28/Aug/2013:23:24:23 +0300] "GET /wp-includes/js/thickbox/thickbox.js?ver=3.1-20110528 HTTP/1.1" 200 12771 "http://turclub.donntu.edu.ua/baraholka/prodam-fingerbord-trenazher-dlya-skalolazov/" "Mozilla/5.0 (compatible; MSIE 9.0; Windows NT 6.1; Trident/5.0)"
93.74.209.51 - - [28/Aug/2013:23:24:23 +0300] "GET /wp-includes/js/jquery/ui.core.js?ver=1.8.12 HTTP/1.1" 200 4343 "http://turclub.donntu.edu.ua/baraholka/prodam-fingerbord-trenazher-dlya-skalolazov/" "Mozilla/5.0 (compatible; MSIE 9.0; Windows NT 6.1; Trident/5.0)"
93.74.209.51 - - [28/Aug/2013:23:24:23 +0300] "GET /wp-content/themes/NicePen/images/contentwrap.png HTTP/1.1" 200 139 "http://turclub.donntu.edu.ua/baraholka/prodam-fingerbord-trenazher-dlya-skalolazov/" "Mozilla/5.0 (compatible; MSIE 9.0; Windows NT 6.1; Trident/5.0)"
93.74.209.51 - - [28/Aug/2013:23:24:23 +0300] "GET /wp-content/themes/NicePen/images/nav-bg.png HTTP/1.1" 200 163 "http://turclub.donntu.edu.ua/baraholka/prodam-fingerbord-trenazher-dlya-skalolazov/" "Mozilla/5.0 (compatible; MSIE 9.0; Windows NT 6.1; Trident/5.0)"
93.74.209.51 - - [28/Aug/2013:23:24:23 +0300] "GET /wp-content/themes/NicePen/images/sidebar-tab.png HTTP/1.1" 200 161 "http://turclub.donntu.edu.ua/baraholka/prodam-fingerbord-trenazher-dlya-skalolazov/" "Mozilla/5.0 (compatible; MSIE 9.0; Windows NT 6.1; Trident/5.0)"
93.74.209.51 - - [28/Aug/2013:23:24:23 +0300] "GET /wp-content/themes/NicePen/images/sidebar-line.png HTTP/1.1" 200 129 "http://turclub.donntu.edu.ua/baraholka/prodam-fingerbord-trenazher-dlya-skalolazov/" "Mozilla/5.0 (compatible; MSIE 9.0; Windows NT 6.1; Trident/5.0)"
93.74.209.51 - - [28/Aug/2013:23:24:23 +0300] "GET /wp-includes/js/thickbox/loadingAnimation.gif HTTP/1.1" 200 5886 "http://turclub.donntu.edu.ua/baraholka/prodam-fingerbord-trenazher-dlya-skalolazov/" "Mozilla/5.0 (compatible; MSIE 9.0; Windows NT 6.1; Trident/5.0)"
93.74.209.51 - - [28/Aug/2013:23:24:23 +0300] "GET /wp-content/themes/NicePen/images/wrapper-bg.png HTTP/1.1" 200 233202 "http://turclub.donntu.edu.ua/baraholka/prodam-fingerbord-trenazher-dlya-skalolazov/" "Mozilla/5.0 (compatible; MSIE 9.0; Windows NT 6.1; Trident/5.0)"
93.74.209.51 - - [28/Aug/2013:23:24:24 +0300] "GET /favicon.ico HTTP/1.1" 200 - "-" "Mozilla/5.0 (compatible; MSIE 9.0; Windows NT 6.1; Trident/5.0)"
66.249.78.49 - - [28/Aug/2013:23:24:58 +0300] "GET /wp-content/themes/NicePen/jdgallery/jd.gallery.css HTTP/1.1" 200 6425 "-" "Mozilla/5.0 (compatible; Googlebot/2.1; +http://www.google.com/bot.html)"
85.26.183.84 - - [28/Aug/2013:23:28:24 +0300] "GET /wp-content/pictures/kaukas_2013.jpg HTTP/1.1" 200 197876 "http://images.yandex.ru/yandsearch?source=wiz&uinfo=sw-1023-sh-585-fw-798-fh-448-pd-1&p=10&text=%D0%BA%D0%B0%D0%B2%D0%BA%D0%B0%D0%B7%D1%81%D0%BA%D0%B8%D0%B5%20%D0%B3%D0%BE%D1%80%D1%8B&noreask=1&pos=329&rpt=simage&lr=213&img_url=http%3A%2F%2Fwww.ajans5.com%2Fphotos%2F146332574.jpg" "Mozilla/5.0 (Windows NT 6.1) AppleWebKit/537.36 (KHTML, like Gecko) Chrome/29.0.1547.57 Safari/537.36"
37.140.141.22 - - [28/Aug/2013:23:29:45 +0300] "GET /wp-content/pictures/kaukas_2013.jpg HTTP/1.1" 200 197876 "-" "Mozilla/5.0 (compatible; YandexImages/3.0; +http://yandex.com/bots)"
37.140.141.22 - - [28/Aug/2013:23:36:19 +0300] "GET /icons/back.gif HTTP/1.1" 304 - "-" "Mozilla/5.0 (compatible; YandexImages/3.0; +http://yandex.com/bots)"
176.15.133.238 - - [28/Aug/2013:23:43:24 +0300] "GET /wp-content/pictures/Askania-nova.jpg HTTP/1.1" 200 88892 "-" "Mozilla/5.0 (Windows NT 6.1; rv:23.0) Gecko/20100101 Firefox/23.0"
37.140.141.22 - - [28/Aug/2013:23:43:46 +0300] "GET /wp-content/themes/NicePen/images/date.png HTTP/1.1" 304 - "-" "Mozilla/5.0 (compatible; YandexImages/3.0; +http://yandex.com/bots)"
37.140.141.22 - - [28/Aug/2013:23:51:36 +0300] "GET /wp-includes/images/smilies/icon_redface.gif HTTP/1.1" 304 - "-" "Mozilla/5.0 (compatible; YandexImages/3.0; +http://yandex.com/bots)"
95.25.149.184 - - [28/Aug/2013:23:55:22 +0300] "GET /wp-content/pictures/kaukas_2013.jpg HTTP/1.1" 200 197876 "http://images.yandex.ru/yandsearch?source=wiz&uinfo=sw-1659-sh-943-fw-1434-fh-598-pd-1&p=2&text=%D0%BA%D0%B0%D0%B2%D0%BA%D0%B0%D0%B7%20%D1%84%D0%BE%D1%82%D0%BE%D0%B3%D1%80%D0%B0%D1%84%D0%B8%D0%B8&noreask=1&pos=76&rpt=simage&lr=213&img_url=http%3A%2F%2Fia114.odnoklassniki.ru%2FgetImage%3FphotoId%3D437294069878%26photoType%3D2" "Mozilla/5.0 (Windows NT 5.1) AppleWebKit/537.36 (KHTML, like Gecko) Chrome/29.0.1547.57 Safari/537.36"
91.207.8.110 - - [28/Aug/2013:23:56:49 +0300] "GET /news/poezdka-na-o-xortica-3-4-avgusta/ HTTP/1.1" 200 6709 "-" "Mozilla/4.0 (compatible; MSIE 6.0; Windows NT 5.1; SV1; Mozilla/4.0 (compatible; MSIE 6.0; Windows NT 5.1; SV1) ; .NET CLR 2.0.50727 ; .NET CLR 4.0.30319)"
91.207.8.110 - - [28/Aug/2013:23:56:52 +0300] "POST /news/poezdka-na-o-xortica-3-4-avgusta/trackback/ HTTP/1.1" 200 85 "http://turclub.donntu.edu.ua/news/poezdka-na-o-xortica-3-4-avgusta/" "Mozilla/4.0 (compatible; MSIE 6.0; Windows NT 5.1)"
37.140.141.22 - - [28/Aug/2013:23:58:55 +0300] "GET /wp-includes/images/smilies/icon_neutral.gif HTTP/1.1" 304 - "-" "Mozilla/5.0 (compatible; YandexImages/3.0; +http://yandex.com/bots)"
66.249.78.49 - - [29/Aug/2013:00:03:17 +0300] "GET /category/pohods/page/2/ HTTP/1.1" 200 8591 "-" "Mozilla/5.0 (compatible; Googlebot/2.1; +http://www.google.com/bot.html)"
66.249.78.49 - - [29/Aug/2013:00:03:36 +0300] "GET /news/obzornaya-ekskursiya-po-donecku-2-fevralya/ HTTP/1.1" 200 6024 "-" "Mozilla/5.0 (iPhone; U; CPU iPhone OS 4_1 like Mac OS X; en-us) AppleWebKit/532.9 (KHTML, like Gecko) Version/4.0.5 Mobile/8B117 Safari/6531.22.7 (compatible; Googlebot-Mobile/2.1; +http://www.google.com/bot.html)"
37.140.141.22 - - [29/Aug/2013:00:06:27 +0300] "GET /wp-includes/images/smilies/icon_arrow.gif HTTP/1.1" 304 - "-" "Mozilla/5.0 (compatible; YandexImages/3.0; +http://yandex.com/bots)"
157.55.35.85 - - [29/Aug/2013:00:12:25 +0300] "GET /robots.txt HTTP/1.1" 200 24 "-" "Mozilla/5.0 (compatible; bingbot/2.0; +http://www.bing.com/bingbot.htm)"
157.55.35.85 - - [29/Aug/2013:00:13:39 +0300] "GET /news/bajdarki-i-katanie-na-parusnikax-na-oskole-25-26-maya/ HTTP/1.1" 200 7024 "-" "Mozilla/5.0 (compatible; bingbot/2.0; +http://www.bing.com/bingbot.htm)"
37.140.141.22 - - [29/Aug/2013:00:14:24 +0300] "GET /wp-includes/images/smilies/icon_cry.gif HTTP/1.1" 304 - "-" "Mozilla/5.0 (compatible; YandexImages/3.0; +http://yandex.com/bots)"
91.207.8.110 - - [29/Aug/2013:00:15:53 +0300] "GET /2012/12/20/ HTTP/1.1" 200 5717 "-" "Mozilla/4.0 (compatible; MSIE 6.0; Windows NT 5.1)"
91.207.8.110 - - [29/Aug/2013:00:15:54 +0300] "POST /2012/12/20/trackback/ HTTP/1.1" 404 4681 "http://turclub.donntu.edu.ua/2012/12/20/" "Mozilla/4.0 (compatible; MSIE 6.0; Windows NT 5.1; SV1; Mozilla/4.0 (compatible; MSIE 6.0; Windows NT 5.1; SV1) ; .NET CLR 2.0.50727 ; .NET CLR 4.0.30319)"
37.140.141.22 - - [29/Aug/2013:00:22:26 +0300] "GET /wp-includes/images/smilies/icon_rolleyes.gif HTTP/1.1" 304 - "-" "Mozilla/5.0 (compatible; YandexImages/3.0; +http://yandex.com/bots)"
37.140.141.22 - - [29/Aug/2013:00:30:00 +0300] "GET /wp-includes/images/smilies/icon_razz.gif HTTP/1.1" 304 - "-" "Mozilla/5.0 (compatible; YandexImages/3.0; +http://yandex.com/bots)"
91.207.8.110 - - [29/Aug/2013:00:33:11 +0300] "GET /category/pohods/page/3/ HTTP/1.1" 200 6567 "-" "Mozilla/4.0 (compatible; MSIE 6.0; Windows NT 5.1; SV1; Mozilla/4.0 (compatible; MSIE 6.0; Windows NT 5.1; SV1) ; .NET CLR 1.0.3705)"
91.207.8.110 - - [29/Aug/2013:00:33:24 +0300] "POST /category/pohods/page/3/trackback/ HTTP/1.1" 404 4681 "http://turclub.donntu.edu.ua/category/pohods/page/3/" "Mozilla/4.0 (compatible; MSIE 6.0; Windows NT 5.1; SV1; Mozilla/4.0 (compatible; MSIE 6.0; Windows NT 5.1; SV1) ; .NET CLR 2.0.50727 ; .NET CLR 4.0.30319)"
66.249.78.49 - - [29/Aug/2013:00:38:25 +0300] "GET /favicon.ico HTTP/1.1" 200 - "-" "Googlebot-Image/1.0"
37.140.141.22 - - [29/Aug/2013:00:38:51 +0300] "GET /wp-content/themes/NicePen/images/user.png HTTP/1.1" 304 - "-" "Mozilla/5.0 (compatible; YandexImages/3.0; +http://yandex.com/bots)"
93.89.219.91 - - [29/Aug/2013:00:43:55 +0300] "GET /wp-content/themes/NicePen/jdgallery/mootools-1.2-more.js HTTP/1.1" 304 - "http://turclub.donntu.edu.ua/" "Mozilla/5.0 (Windows NT 6.1; WOW64) AppleWebKit/537.22 (KHTML, like Gecko) Chrome/25.0.1364.172 YaBrowser/1.7.1364.21027 Safari/537.22"
93.89.219.91 - - [29/Aug/2013:00:43:55 +0300] "GET /wp-content/themes/NicePen/menu/mootools-1.2.5-core-yc.js HTTP/1.1" 304 - "http://turclub.donntu.edu.ua/" "Mozilla/5.0 (Windows NT 6.1; WOW64) AppleWebKit/537.22 (KHTML, like Gecko) Chrome/25.0.1364.172 YaBrowser/1.7.1364.21027 Safari/537.22"
93.89.219.91 - - [29/Aug/2013:00:43:55 +0300] "GET /wp-content/themes/NicePen/jdgallery/mootools-1.2.5-core-yc.js HTTP/1.1" 304 - "http://turclub.donntu.edu.ua/" "Mozilla/5.0 (Windows NT 6.1; WOW64) AppleWebKit/537.22 (KHTML, like Gecko) Chrome/25.0.1364.172 YaBrowser/1.7.1364.21027 Safari/537.22"
93.89.219.91 - - [29/Aug/2013:00:43:55 +0300] "GET /wp-content/themes/NicePen/menu/MenuMatic_0.68.3.js HTTP/1.1" 304 - "http://turclub.donntu.edu.ua/" "Mozilla/5.0 (Windows NT 6.1; WOW64) AppleWebKit/537.22 (KHTML, like Gecko) Chrome/25.0.1364.172 YaBrowser/1.7.1364.21027 Safari/537.22"
93.89.219.91 - - [29/Aug/2013:00:43:55 +0300] "GET /wp-content/themes/NicePen/jdgallery/jd.gallery.js HTTP/1.1" 304 - "http://turclub.donntu.edu.ua/" "Mozilla/5.0 (Windows NT 6.1; WOW64) AppleWebKit/537.22 (KHTML, like Gecko) Chrome/25.0.1364.172 YaBrowser/1.7.1364.21027 Safari/537.22"
93.89.219.91 - - [29/Aug/2013:00:43:55 +0300] "GET /wp-includes/js/l10n.js?ver=20101110 HTTP/1.1" 304 - "http://turclub.donntu.edu.ua/" "Mozilla/5.0 (Windows NT 6.1; WOW64) AppleWebKit/537.22 (KHTML, like Gecko) Chrome/25.0.1364.172 YaBrowser/1.7.1364.21027 Safari/537.22"
93.89.219.91 - - [29/Aug/2013:00:43:55 +0300] "GET /wp-includes/js/jquery/jquery.js?ver=1.6.1 HTTP/1.1" 304 - "http://turclub.donntu.edu.ua/" "Mozilla/5.0 (Windows NT 6.1; WOW64) AppleWebKit/537.22 (KHTML, like Gecko) Chrome/25.0.1364.172 YaBrowser/1.7.1364.21027 Safari/537.22"
93.89.219.91 - - [29/Aug/2013:00:43:55 +0300] "GET /wp-content/themes/NicePen/jdgallery/jd.gallery.transitions.js HTTP/1.1" 304 - "http://turclub.donntu.edu.ua/" "Mozilla/5.0 (Windows NT 6.1; WOW64) AppleWebKit/537.22 (KHTML, like Gecko) Chrome/25.0.1364.172 YaBrowser/1.7.1364.21027 Safari/537.22"
93.89.219.91 - - [29/Aug/2013:00:43:55 +0300] "GET /wp-content/plugins/events-calendar/js/jquery.bgiframe.js?ver=2.1 HTTP/1.1" 304 - "http://turclub.donntu.edu.ua/" "Mozilla/5.0 (Windows NT 6.1; WOW64) AppleWebKit/537.22 (KHTML, like Gecko) Chrome/25.0.1364.172 YaBrowser/1.7.1364.21027 Safari/537.22"
93.89.219.91 - - [29/Aug/2013:00:43:55 +0300] "GET /wp-content/plugins/events-calendar/js/jquery.tooltip.min.js?ver=1.3 HTTP/1.1" 304 - "http://turclub.donntu.edu.ua/" "Mozilla/5.0 (Windows NT 6.1; WOW64) AppleWebKit/537.22 (KHTML, like Gecko) Chrome/25.0.1364.172 YaBrowser/1.7.1364.21027 Safari/537.22"
93.89.219.91 - - [29/Aug/2013:00:43:55 +0300] "GET /wp-content/plugins/mlanguage/mlanguage.js?ver=3.2.1 HTTP/1.1" 304 - "http://turclub.donntu.edu.ua/" "Mozilla/5.0 (Windows NT 6.1; WOW64) AppleWebKit/537.22 (KHTML, like Gecko) Chrome/25.0.1364.172 YaBrowser/1.7.1364.21027 Safari/537.22"
93.89.219.91 - - [29/Aug/2013:00:43:55 +0300] "GET /wp-content/plugins/wp-monalisa/wpml_script.js?ver=9999 HTTP/1.1" 304 - "http://turclub.donntu.edu.ua/" "Mozilla/5.0 (Windows NT 6.1; WOW64) AppleWebKit/537.22 (KHTML, like Gecko) Chrome/25.0.1364.172 YaBrowser/1.7.1364.21027 Safari/537.22"
93.89.219.91 - - [29/Aug/2013:00:43:55 +0300] "GET /wp-content/plugins/cforms/js/cforms.js HTTP/1.1" 304 - "http://turclub.donntu.edu.ua/" "Mozilla/5.0 (Windows NT 6.1; WOW64) AppleWebKit/537.22 (KHTML, like Gecko) Chrome/25.0.1364.172 YaBrowser/1.7.1364.21027 Safari/537.22"
93.89.219.91 - - [29/Aug/2013:00:43:55 +0300] "GET /wp-includes/js/thickbox/thickbox.js?ver=3.1-20110528 HTTP/1.1" 304 - "http://turclub.donntu.edu.ua/" "Mozilla/5.0 (Windows NT 6.1; WOW64) AppleWebKit/537.22 (KHTML, like Gecko) Chrome/25.0.1364.172 YaBrowser/1.7.1364.21027 Safari/537.22"
93.89.219.91 - - [29/Aug/2013:00:43:55 +0300] "GET /wp-includes/js/jquery/ui.core.js?ver=1.8.12 HTTP/1.1" 304 - "http://turclub.donntu.edu.ua/" "Mozilla/5.0 (Windows NT 6.1; WOW64) AppleWebKit/537.22 (KHTML, like Gecko) Chrome/25.0.1364.172 YaBrowser/1.7.1364.21027 Safari/537.22"
93.89.219.91 - - [29/Aug/2013:00:43:58 +0300] "GET /wp-content/themes/NicePen/jdgallery/mootools-1.2.5-core-yc.js HTTP/1.1" 304 - "http://turclub.donntu.edu.ua/" "Mozilla/5.0 (Windows NT 6.1; WOW64) AppleWebKit/537.22 (KHTML, like Gecko) Chrome/25.0.1364.172 YaBrowser/1.7.1364.21027 Safari/537.22"
93.89.219.91 - - [29/Aug/2013:00:43:58 +0300] "GET /wp-content/themes/NicePen/menu/mootools-1.2.5-core-yc.js HTTP/1.1" 304 - "http://turclub.donntu.edu.ua/" "Mozilla/5.0 (Windows NT 6.1; WOW64) AppleWebKit/537.22 (KHTML, like Gecko) Chrome/25.0.1364.172 YaBrowser/1.7.1364.21027 Safari/537.22"
93.89.219.91 - - [29/Aug/2013:00:43:58 +0300] "GET /wp-content/themes/NicePen/jdgallery/mootools-1.2-more.js HTTP/1.1" 304 - "http://turclub.donntu.edu.ua/" "Mozilla/5.0 (Windows NT 6.1; WOW64) AppleWebKit/537.22 (KHTML, like Gecko) Chrome/25.0.1364.172 YaBrowser/1.7.1364.21027 Safari/537.22"
93.89.219.91 - - [29/Aug/2013:00:43:58 +0300] "GET /wp-content/themes/NicePen/menu/MenuMatic_0.68.3.js HTTP/1.1" 304 - "http://turclub.donntu.edu.ua/" "Mozilla/5.0 (Windows NT 6.1; WOW64) AppleWebKit/537.22 (KHTML, like Gecko) Chrome/25.0.1364.172 YaBrowser/1.7.1364.21027 Safari/537.22"
93.89.219.91 - - [29/Aug/2013:00:43:58 +0300] "GET /wp-includes/js/l10n.js?ver=20101110 HTTP/1.1" 304 - "http://turclub.donntu.edu.ua/" "Mozilla/5.0 (Windows NT 6.1; WOW64) AppleWebKit/537.22 (KHTML, like Gecko) Chrome/25.0.1364.172 YaBrowser/1.7.1364.21027 Safari/537.22"
93.89.219.91 - - [29/Aug/2013:00:43:58 +0300] "GET /wp-content/themes/NicePen/jdgallery/jd.gallery.js HTTP/1.1" 304 - "http://turclub.donntu.edu.ua/" "Mozilla/5.0 (Windows NT 6.1; WOW64) AppleWebKit/537.22 (KHTML, like Gecko) Chrome/25.0.1364.172 YaBrowser/1.7.1364.21027 Safari/537.22"
93.89.219.91 - - [29/Aug/2013:00:43:58 +0300] "GET /wp-includes/js/jquery/jquery.js?ver=1.6.1 HTTP/1.1" 304 - "http://turclub.donntu.edu.ua/" "Mozilla/5.0 (Windows NT 6.1; WOW64) AppleWebKit/537.22 (KHTML, like Gecko) Chrome/25.0.1364.172 YaBrowser/1.7.1364.21027 Safari/537.22"
93.89.219.91 - - [29/Aug/2013:00:43:58 +0300] "GET /wp-content/themes/NicePen/jdgallery/jd.gallery.transitions.js HTTP/1.1" 304 - "http://turclub.donntu.edu.ua/" "Mozilla/5.0 (Windows NT 6.1; WOW64) AppleWebKit/537.22 (KHTML, like Gecko) Chrome/25.0.1364.172 YaBrowser/1.7.1364.21027 Safari/537.22"
93.89.219.91 - - [29/Aug/2013:00:43:58 +0300] "GET /wp-content/plugins/events-calendar/js/jquery.bgiframe.js?ver=2.1 HTTP/1.1" 304 - "http://turclub.donntu.edu.ua/" "Mozilla/5.0 (Windows NT 6.1; WOW64) AppleWebKit/537.22 (KHTML, like Gecko) Chrome/25.0.1364.172 YaBrowser/1.7.1364.21027 Safari/537.22"
93.89.219.91 - - [29/Aug/2013:00:43:58 +0300] "GET /wp-content/plugins/events-calendar/js/jquery.tooltip.min.js?ver=1.3 HTTP/1.1" 304 - "http://turclub.donntu.edu.ua/" "Mozilla/5.0 (Windows NT 6.1; WOW64) AppleWebKit/537.22 (KHTML, like Gecko) Chrome/25.0.1364.172 YaBrowser/1.7.1364.21027 Safari/537.22"
93.89.219.91 - - [29/Aug/2013:00:43:58 +0300] "GET /wp-content/plugins/mlanguage/mlanguage.js?ver=3.2.1 HTTP/1.1" 304 - "http://turclub.donntu.edu.ua/" "Mozilla/5.0 (Windows NT 6.1; WOW64) AppleWebKit/537.22 (KHTML, like Gecko) Chrome/25.0.1364.172 YaBrowser/1.7.1364.21027 Safari/537.22"
93.89.219.91 - - [29/Aug/2013:00:43:58 +0300] "GET /wp-content/plugins/wp-monalisa/wpml_script.js?ver=9999 HTTP/1.1" 304 - "http://turclub.donntu.edu.ua/" "Mozilla/5.0 (Windows NT 6.1; WOW64) AppleWebKit/537.22 (KHTML, like Gecko) Chrome/25.0.1364.172 YaBrowser/1.7.1364.21027 Safari/537.22"
93.89.219.91 - - [29/Aug/2013:00:43:58 +0300] "GET /wp-content/plugins/cforms/js/cforms.js HTTP/1.1" 304 - "http://turclub.donntu.edu.ua/" "Mozilla/5.0 (Windows NT 6.1; WOW64) AppleWebKit/537.22 (KHTML, like Gecko) Chrome/25.0.1364.172 YaBrowser/1.7.1364.21027 Safari/537.22"
93.89.219.91 - - [29/Aug/2013:00:43:58 +0300] "GET /wp-includes/js/jquery/ui.core.js?ver=1.8.12 HTTP/1.1" 304 - "http://turclub.donntu.edu.ua/" "Mozilla/5.0 (Windows NT 6.1; WOW64) AppleWebKit/537.22 (KHTML, like Gecko) Chrome/25.0.1364.172 YaBrowser/1.7.1364.21027 Safari/537.22"
93.89.219.91 - - [29/Aug/2013:00:43:58 +0300] "GET /wp-includes/js/thickbox/thickbox.js?ver=3.1-20110528 HTTP/1.1" 304 - "http://turclub.donntu.edu.ua/" "Mozilla/5.0 (Windows NT 6.1; WOW64) AppleWebKit/537.22 (KHTML, like Gecko) Chrome/25.0.1364.172 YaBrowser/1.7.1364.21027 Safari/537.22"
37.140.141.22 - - [29/Aug/2013:00:46:07 +0300] "GET /icons/folder.gif HTTP/1.1" 304 - "-" "Mozilla/5.0 (compatible; YandexImages/3.0; +http://yandex.com/bots)"
91.207.8.110 - - [29/Aug/2013:00:48:43 +0300] "GET /2013/02/18/ HTTP/1.1" 200 5564 "-" "Mozilla/4.0 (compatible; MSIE 6.0; Windows NT 5.1)"
91.207.8.110 - - [29/Aug/2013:00:48:45 +0300] "POST /2013/02/18/trackback/ HTTP/1.1" 404 4681 "http://turclub.donntu.edu.ua/2013/02/18/" "Mozilla/4.0 (compatible; MSIE 6.0; Windows NT 5.1; SV1)"
91.207.8.110 - - [29/Aug/2013:00:50:27 +0300] "GET /news/tur-na-lyzhax-posle-zimnej-sessii/ HTTP/1.1" 200 6191 "-" "Mozilla/4.0 (compatible; MSIE 6.0; Windows NT 5.1; SV1; Mozilla/4.0 (compatible; MSIE 6.0; Windows NT 5.1; SV1) ; .NET CLR 2.0.50727 ; .NET CLR 4.0.30319)"
91.207.8.110 - - [29/Aug/2013:00:50:27 +0300] "POST /news/tur-na-lyzhax-posle-zimnej-sessii/ HTTP/1.1" 200 6191 "http://turclub.donntu.edu.ua/news/tur-na-lyzhax-posle-zimnej-sessii/" "Mozilla/4.0 (compatible; MSIE 6.0; Windows NT 5.1; SV1)"
37.140.141.22 - - [29/Aug/2013:00:53:45 +0300] "GET /wp-includes/js/imgareaselect/border-anim-h.gif HTTP/1.1" 304 - "-" "Mozilla/5.0 (compatible; YandexImages/3.0; +http://yandex.com/bots)"
37.140.141.22 - - [29/Aug/2013:01:01:30 +0300] "GET /wp-includes/images/wlw/wp-comments.png HTTP/1.1" 304 - "-" "Mozilla/5.0 (compatible; YandexImages/3.0; +http://yandex.com/bots)"
91.207.8.110 - - [29/Aug/2013:01:04:55 +0300] "GET /2013/04/20/ HTTP/1.1" 200 5598 "-" "Mozilla/4.0 (compatible; MSIE 6.0; Windows NT 5.1; SV1)"
91.207.8.110 - - [29/Aug/2013:01:05:03 +0300] "POST /2013/04/20/trackback/ HTTP/1.1" 404 4681 "http://turclub.donntu.edu.ua/2013/04/20/" "Mozilla/4.0 (compatible; MSIE 6.0; Windows NT 5.1; SV1)"
37.140.141.22 - - [29/Aug/2013:01:09:08 +0300] "GET /wp-includes/images/wlw/wp-icon.png HTTP/1.1" 304 - "-" "Mozilla/5.0 (compatible; YandexImages/3.0; +http://yandex.com/bots)"
37.140.141.22 - - [29/Aug/2013:01:16:44 +0300] "GET /wp-content/themes/NicePen/images/socialicons/favorites.png HTTP/1.1" 304 - "-" "Mozilla/5.0 (compatible; YandexImages/3.0; +http://yandex.com/bots)"
66.249.78.49 - - [29/Aug/2013:01:23:42 +0300] "GET /robots.txt HTTP/1.1" 200 44 "-" "Mozilla/5.0 (compatible; Googlebot/2.1; +http://www.google.com/bot.html)"
66.249.78.49 - - [29/Aug/2013:01:23:44 +0300] "GET /2013/03/11/ HTTP/1.1" 200 5646 "-" "Mozilla/5.0 (compatible; Googlebot/2.1; +http://www.google.com/bot.html)"
37.140.141.22 - - [29/Aug/2013:01:24:28 +0300] "GET /wp-includes/images/smilies/icon_idea.gif HTTP/1.1" 304 - "-" "Mozilla/5.0 (compatible; YandexImages/3.0; +http://yandex.com/bots)"
178.93.147.29 - - [29/Aug/2013:01:25:42 +0300] "GET / HTTP/1.1" 200 12011 "http://donntu.edu.ua/index.php?option=com_content&view=article&id=71&Itemid=2&lang=uk" "Mozilla/5.0 (Windows NT 5.1; rv:23.0) Gecko/20100101 Firefox/23.0"
178.93.147.29 - - [29/Aug/2013:01:25:43 +0300] "GET /wp-content/themes/NicePen/css/screen.css HTTP/1.1" 200 11640 "http://turclub.donntu.edu.ua/" "Mozilla/5.0 (Windows NT 5.1; rv:23.0) Gecko/20100101 Firefox/23.0"
178.93.147.29 - - [29/Aug/2013:01:25:43 +0300] "GET /wp-content/themes/NicePen/css/print.css HTTP/1.1" 200 1311 "http://turclub.donntu.edu.ua/" "Mozilla/5.0 (Windows NT 5.1; rv:23.0) Gecko/20100101 Firefox/23.0"
178.93.147.29 - - [29/Aug/2013:01:25:43 +0300] "GET /wp-content/themes/NicePen/jdgallery/jd.gallery.css HTTP/1.1" 200 6425 "http://turclub.donntu.edu.ua/" "Mozilla/5.0 (Windows NT 5.1; rv:23.0) Gecko/20100101 Firefox/23.0"
178.93.147.29 - - [29/Aug/2013:01:25:43 +0300] "GET /wp-content/themes/NicePen/style.css HTTP/1.1" 200 13354 "http://turclub.donntu.edu.ua/" "Mozilla/5.0 (Windows NT 5.1; rv:23.0) Gecko/20100101 Firefox/23.0"
178.93.147.29 - - [29/Aug/2013:01:25:43 +0300] "GET /wp-content/themes/NicePen/jdgallery/mootools-1.2-more.js HTTP/1.1" 200 11986 "http://turclub.donntu.edu.ua/" "Mozilla/5.0 (Windows NT 5.1; rv:23.0) Gecko/20100101 Firefox/23.0"
178.93.147.29 - - [29/Aug/2013:01:25:43 +0300] "GET /wp-content/themes/NicePen/jdgallery/jd.gallery.js HTTP/1.1" 200 28033 "http://turclub.donntu.edu.ua/" "Mozilla/5.0 (Windows NT 5.1; rv:23.0) Gecko/20100101 Firefox/23.0"
178.93.147.29 - - [29/Aug/2013:01:25:43 +0300] "GET /wp-content/themes/NicePen/jdgallery/jd.gallery.transitions.js HTTP/1.1" 200 3156 "http://turclub.donntu.edu.ua/" "Mozilla/5.0 (Windows NT 5.1; rv:23.0) Gecko/20100101 Firefox/23.0"
178.93.147.29 - - [29/Aug/2013:01:25:43 +0300] "GET /wp-content/themes/NicePen/jdgallery/mootools-1.2.5-core-yc.js HTTP/1.1" 200 66798 "http://turclub.donntu.edu.ua/" "Mozilla/5.0 (Windows NT 5.1; rv:23.0) Gecko/20100101 Firefox/23.0"
178.93.147.29 - - [29/Aug/2013:01:25:44 +0300] "GET /wp-content/themes/NicePen/menu/MenuMatic.css HTTP/1.1" 200 3245 "http://turclub.donntu.edu.ua/" "Mozilla/5.0 (Windows NT 5.1; rv:23.0) Gecko/20100101 Firefox/23.0"
178.93.147.29 - - [29/Aug/2013:01:25:44 +0300] "GET /wp-content/themes/NicePen/menu/MenuMatic_0.68.3.js HTTP/1.1" 200 25884 "http://turclub.donntu.edu.ua/" "Mozilla/5.0 (Windows NT 5.1; rv:23.0) Gecko/20100101 Firefox/23.0"
178.93.147.29 - - [29/Aug/2013:01:25:44 +0300] "GET /wp-includes/js/l10n.js?ver=20101110 HTTP/1.1" 200 308 "http://turclub.donntu.edu.ua/" "Mozilla/5.0 (Windows NT 5.1; rv:23.0) Gecko/20100101 Firefox/23.0"
178.93.147.29 - - [29/Aug/2013:01:25:44 +0300] "GET /wp-content/plugins/events-calendar/js/jquery.bgiframe.js?ver=2.1 HTTP/1.1" 200 5044 "http://turclub.donntu.edu.ua/" "Mozilla/5.0 (Windows NT 5.1; rv:23.0) Gecko/20100101 Firefox/23.0"
178.93.147.29 - - [29/Aug/2013:01:25:44 +0300] "GET /wp-content/plugins/events-calendar/js/jquery.tooltip.min.js?ver=1.3 HTTP/1.1" 200 4553 "http://turclub.donntu.edu.ua/" "Mozilla/5.0 (Windows NT 5.1; rv:23.0) Gecko/20100101 Firefox/23.0"
178.93.147.29 - - [29/Aug/2013:01:25:44 +0300] "GET /wp-content/plugins/mlanguage/mlanguage.js?ver=3.2.1 HTTP/1.1" 200 2266 "http://turclub.donntu.edu.ua/" "Mozilla/5.0 (Windows NT 5.1; rv:23.0) Gecko/20100101 Firefox/23.0"
178.93.147.29 - - [29/Aug/2013:01:25:44 +0300] "GET /wp-includes/js/jquery/jquery.js?ver=1.6.1 HTTP/1.1" 200 91381 "http://turclub.donntu.edu.ua/" "Mozilla/5.0 (Windows NT 5.1; rv:23.0) Gecko/20100101 Firefox/23.0"
178.93.147.29 - - [29/Aug/2013:01:25:44 +0300] "GET /wp-content/themes/NicePen/menu/mootools-1.2.5-core-yc.js HTTP/1.1" 200 66798 "http://turclub.donntu.edu.ua/" "Mozilla/5.0 (Windows NT 5.1; rv:23.0) Gecko/20100101 Firefox/23.0"
178.93.147.29 - - [29/Aug/2013:01:25:44 +0300] "GET /wp-content/plugins/wp-monalisa/wpml_script.js?ver=9999 HTTP/1.1" 200 3246 "http://turclub.donntu.edu.ua/" "Mozilla/5.0 (Windows NT 5.1; rv:23.0) Gecko/20100101 Firefox/23.0"
178.93.147.29 - - [29/Aug/2013:01:25:44 +0300] "GET /wp-content/plugins/cforms/styling/cforms.css HTTP/1.1" 200 9635 "http://turclub.donntu.edu.ua/" "Mozilla/5.0 (Windows NT 5.1; rv:23.0) Gecko/20100101 Firefox/23.0"
178.93.147.29 - - [29/Aug/2013:01:25:44 +0300] "GET /wp-content/plugins/cforms/js/cforms.js HTTP/1.1" 200 33578 "http://turclub.donntu.edu.ua/" "Mozilla/5.0 (Windows NT 5.1; rv:23.0) Gecko/20100101 Firefox/23.0"
178.93.147.29 - - [29/Aug/2013:01:25:45 +0300] "GET /wp-includes/js/thickbox/thickbox.css HTTP/1.1" 200 4026 "http://turclub.donntu.edu.ua/" "Mozilla/5.0 (Windows NT 5.1; rv:23.0) Gecko/20100101 Firefox/23.0"
178.93.147.29 - - [29/Aug/2013:01:25:45 +0300] "GET /wp-content/plugins/events-calendar/css/events-calendar.css HTTP/1.1" 200 4144 "http://turclub.donntu.edu.ua/" "Mozilla/5.0 (Windows NT 5.1; rv:23.0) Gecko/20100101 Firefox/23.0"
178.93.147.29 - - [29/Aug/2013:01:25:45 +0300] "GET /wp-content/plugins/wp-monalisa/wp-monalisa-default.css HTTP/1.1" 200 2310 "http://turclub.donntu.edu.ua/" "Mozilla/5.0 (Windows NT 5.1; rv:23.0) Gecko/20100101 Firefox/23.0"
178.93.147.29 - - [29/Aug/2013:01:25:45 +0300] "GET /wp-content/plugins/cforms/styling/calendar.css HTTP/1.1" 200 2222 "http://turclub.donntu.edu.ua/wp-content/plugins/cforms/styling/cforms.css" "Mozilla/5.0 (Windows NT 5.1; rv:23.0) Gecko/20100101 Firefox/23.0"
178.93.147.29 - - [29/Aug/2013:01:25:45 +0300] "GET /wp-content/plugins/events-calendar/css/ec-tooltips.css HTTP/1.1" 200 1548 "http://turclub.donntu.edu.ua/wp-content/plugins/events-calendar/css/events-calendar.css" "Mozilla/5.0 (Windows NT 5.1; rv:23.0) Gecko/20100101 Firefox/23.0"
178.93.147.29 - - [29/Aug/2013:01:25:45 +0300] "GET /wp-includes/js/jquery/ui.core.js?ver=1.8.12 HTTP/1.1" 200 4343 "http://turclub.donntu.edu.ua/" "Mozilla/5.0 (Windows NT 5.1; rv:23.0) Gecko/20100101 Firefox/23.0"
178.93.147.29 - - [29/Aug/2013:01:25:45 +0300] "GET /wp-includes/js/thickbox/thickbox.js?ver=3.1-20110528 HTTP/1.1" 200 12771 "http://turclub.donntu.edu.ua/" "Mozilla/5.0 (Windows NT 5.1; rv:23.0) Gecko/20100101 Firefox/23.0"
178.93.147.29 - - [29/Aug/2013:01:25:45 +0300] "GET /wp-content/themes/NicePen/images/kaukas.jpg HTTP/1.1" 200 33228 "http://turclub.donntu.edu.ua/" "Mozilla/5.0 (Windows NT 5.1; rv:23.0) Gecko/20100101 Firefox/23.0"
178.93.147.29 - - [29/Aug/2013:01:25:45 +0300] "GET /wp-content/themes/NicePen/images/date.png HTTP/1.1" 200 572 "http://turclub.donntu.edu.ua/" "Mozilla/5.0 (Windows NT 5.1; rv:23.0) Gecko/20100101 Firefox/23.0"
178.93.147.29 - - [29/Aug/2013:01:25:45 +0300] "GET /wp-content/themes/NicePen/images/user.png HTTP/1.1" 200 741 "http://turclub.donntu.edu.ua/" "Mozilla/5.0 (Windows NT 5.1; rv:23.0) Gecko/20100101 Firefox/23.0"
178.93.147.29 - - [29/Aug/2013:01:25:45 +0300] "GET /wp-content/pictures/Ushba.jpg HTTP/1.1" 200 18910 "http://turclub.donntu.edu.ua/" "Mozilla/5.0 (Windows NT 5.1; rv:23.0) Gecko/20100101 Firefox/23.0"
178.93.147.29 - - [29/Aug/2013:01:25:46 +0300] "GET /wp-content/pictures/Berdyansk.jpg HTTP/1.1" 200 84117 "http://turclub.donntu.edu.ua/" "Mozilla/5.0 (Windows NT 5.1; rv:23.0) Gecko/20100101 Firefox/23.0"
178.93.147.29 - - [29/Aug/2013:01:25:46 +0300] "GET /wp-content/pictures/%D1%81%D0%BA%D0%B0%D0%BB%D0%BE%D0%BB%D0%B0%D0%B7.jpg HTTP/1.1" 200 107697 "http://turclub.donntu.edu.ua/" "Mozilla/5.0 (Windows NT 5.1; rv:23.0) Gecko/20100101 Firefox/23.0"
178.93.147.29 - - [29/Aug/2013:01:25:46 +0300] "GET /wp-content/pictures/georgia_2013.jpg HTTP/1.1" 200 18198 "http://turclub.donntu.edu.ua/" "Mozilla/5.0 (Windows NT 5.1; rv:23.0) Gecko/20100101 Firefox/23.0"
178.93.147.29 - - [29/Aug/2013:01:25:46 +0300] "GET /wp-content/pictures/Kazaki.jpg HTTP/1.1" 200 118377 "http://turclub.donntu.edu.ua/" "Mozilla/5.0 (Windows NT 5.1; rv:23.0) Gecko/20100101 Firefox/23.0"
178.93.147.29 - - [29/Aug/2013:01:25:46 +0300] "GET /wp-content/pictures/Sorochinskiy%20yarmarok.jpg HTTP/1.1" 200 115691 "http://turclub.donntu.edu.ua/" "Mozilla/5.0 (Windows NT 5.1; rv:23.0) Gecko/20100101 Firefox/23.0"
178.93.147.29 - - [29/Aug/2013:01:25:47 +0300] "GET /wp-content/plugins/mlanguage/img/ru.png HTTP/1.1" 200 1041 "http://turclub.donntu.edu.ua/" "Mozilla/5.0 (Windows NT 5.1; rv:23.0) Gecko/20100101 Firefox/23.0"
178.93.147.29 - - [29/Aug/2013:01:25:47 +0300] "GET /wp-content/themes/NicePen/images/socialicons/vkontakte.png HTTP/1.1" 200 9649 "http://turclub.donntu.edu.ua/" "Mozilla/5.0 (Windows NT 5.1; rv:23.0) Gecko/20100101 Firefox/23.0"
178.93.147.29 - - [29/Aug/2013:01:25:48 +0300] "GET /wp-content/themes/NicePen/images/socialicons/favorites.png HTTP/1.1" 200 1221 "http://turclub.donntu.edu.ua/" "Mozilla/5.0 (Windows NT 5.1; rv:23.0) Gecko/20100101 Firefox/23.0"
178.93.147.29 - - [29/Aug/2013:01:25:48 +0300] "GET /wp-content/themes/NicePen/images/socialicons/more.png HTTP/1.1" 200 1885 "http://turclub.donntu.edu.ua/" "Mozilla/5.0 (Windows NT 5.1; rv:23.0) Gecko/20100101 Firefox/23.0"
178.93.147.29 - - [29/Aug/2013:01:25:47 +0300] "GET /wp-content/pictures/Piter.jpg HTTP/1.1" 200 149036 "http://turclub.donntu.edu.ua/" "Mozilla/5.0 (Windows NT 5.1; rv:23.0) Gecko/20100101 Firefox/23.0"
178.93.147.29 - - [29/Aug/2013:01:25:48 +0300] "GET /wp-content/themes/NicePen/images/background.png HTTP/1.1" 200 241 "http://turclub.donntu.edu.ua/wp-content/themes/NicePen/style.css" "Mozilla/5.0 (Windows NT 5.1; rv:23.0) Gecko/20100101 Firefox/23.0"
178.93.147.29 - - [29/Aug/2013:01:25:48 +0300] "GET /wp-content/themes/NicePen/images/search.png HTTP/1.1" 200 407 "http://turclub.donntu.edu.ua/" "Mozilla/5.0 (Windows NT 5.1; rv:23.0) Gecko/20100101 Firefox/23.0"
178.93.147.29 - - [29/Aug/2013:01:25:48 +0300] "GET /wp-content/themes/NicePen/images/nav-bg.png HTTP/1.1" 200 163 "http://turclub.donntu.edu.ua/wp-content/themes/NicePen/style.css" "Mozilla/5.0 (Windows NT 5.1; rv:23.0) Gecko/20100101 Firefox/23.0"
178.93.147.29 - - [29/Aug/2013:01:25:46 +0300] "GET /wp-content/pictures/%D1%81%D0%BE%D0%BB%D1%8F%D0%BD%D0%BE%D0%B9_%D0%B1%D0%B0%D1%80.jpg HTTP/1.1" 200 432583 "http://turclub.donntu.edu.ua/" "Mozilla/5.0 (Windows NT 5.1; rv:23.0) Gecko/20100101 Firefox/23.0"
178.93.147.29 - - [29/Aug/2013:01:25:49 +0300] "GET /wp-content/themes/NicePen/images/contentwrap.png HTTP/1.1" 200 139 "http://turclub.donntu.edu.ua/wp-content/themes/NicePen/style.css" "Mozilla/5.0 (Windows NT 5.1; rv:23.0) Gecko/20100101 Firefox/23.0"
178.93.147.29 - - [29/Aug/2013:01:25:49 +0300] "GET /wp-content/themes/NicePen/images/sidebar-tab.png HTTP/1.1" 200 161 "http://turclub.donntu.edu.ua/wp-content/themes/NicePen/style.css" "Mozilla/5.0 (Windows NT 5.1; rv:23.0) Gecko/20100101 Firefox/23.0"
178.93.147.29 - - [29/Aug/2013:01:25:49 +0300] "GET /wp-content/themes/NicePen/images/sidebar-line.png HTTP/1.1" 200 129 "http://turclub.donntu.edu.ua/wp-content/themes/NicePen/style.css" "Mozilla/5.0 (Windows NT 5.1; rv:23.0) Gecko/20100101 Firefox/23.0"
178.93.147.29 - - [29/Aug/2013:01:25:49 +0300] "GET /wp-includes/js/thickbox/loadingAnimation.gif HTTP/1.1" 200 5886 "http://turclub.donntu.edu.ua/" "Mozilla/5.0 (Windows NT 5.1; rv:23.0) Gecko/20100101 Firefox/23.0"
178.93.147.29 - - [29/Aug/2013:01:25:48 +0300] "GET /wp-content/themes/NicePen/images/wrapper-bg.png HTTP/1.1" 200 233202 "http://turclub.donntu.edu.ua/wp-content/themes/NicePen/style.css" "Mozilla/5.0 (Windows NT 5.1; rv:23.0) Gecko/20100101 Firefox/23.0"
178.93.147.29 - - [29/Aug/2013:01:25:51 +0300] "GET /favicon.ico HTTP/1.1" 200 - "-" "Mozilla/5.0 (Windows NT 5.1; rv:23.0) Gecko/20100101 Firefox/23.0"
66.249.78.49 - - [29/Aug/2013:01:27:56 +0300] "GET /category/news/page/3/ HTTP/1.1" 200 8572 "-" "Mozilla/5.0 (iPhone; U; CPU iPhone OS 4_1 like Mac OS X; en-us) AppleWebKit/532.9 (KHTML, like Gecko) Version/4.0.5 Mobile/8B117 Safari/6531.22.7 (compatible; Googlebot-Mobile/2.1; +http://www.google.com/bot.html)"
37.140.141.22 - - [29/Aug/2013:01:32:06 +0300] "GET /wp-includes/js/tinymce/plugins/wpeditimage/img/image.png HTTP/1.1" 304 - "-" "Mozilla/5.0 (compatible; YandexImages/3.0; +http://yandex.com/bots)"
37.140.141.22 - - [29/Aug/2013:01:40:24 +0300] "GET /wp-includes/images/smilies/icon_wink.gif HTTP/1.1" 304 - "-" "Mozilla/5.0 (compatible; YandexImages/3.0; +http://yandex.com/bots)"
194.44.183.19 - - [29/Aug/2013:01:40:50 +0300] "POST /wp-cron.php?doing_wp_cron HTTP/1.0" 200 - "-" "WordPress/3.2.1; http://turclub.donntu.edu.ua"
66.249.78.49 - - [29/Aug/2013:01:40:49 +0300] "GET /category/excursions/ HTTP/1.1" 200 8668 "-" "SAMSUNG-SGH-E250/1.0 Profile/MIDP-2.0 Configuration/CLDC-1.1 UP.Browser/6.2.3.3.c.1.101 (GUI) MMP/2.0 (compatible; Googlebot-Mobile/2.1; +http://www.google.com/bot.html)"
91.207.8.110 - - [29/Aug/2013:01:42:36 +0300] "GET /baraholka/prodam-skalnye-tufli-boreal-falcon-36-5/ HTTP/1.1" 200 5523 "-" "Mozilla/4.0 (compatible; MSIE 6.0; Windows NT 5.1; SV1; Mozilla/4.0 (compatible; MSIE 6.0; Windows NT 5.1; SV1) ; .NET CLR 1.0.3705)"
91.207.8.110 - - [29/Aug/2013:01:42:37 +0300] "POST /baraholka/prodam-skalnye-tufli-boreal-falcon-36-5/ HTTP/1.1" 200 5523 "http://turclub.donntu.edu.ua/baraholka/prodam-skalnye-tufli-boreal-falcon-36-5/" "Mozilla/4.0 (compatible; MSIE 6.0; Windows NT 5.1)"
37.140.141.22 - - [29/Aug/2013:01:48:16 +0300] "GET /wp-includes/images/smilies/icon_smile.gif HTTP/1.1" 304 - "-" "Mozilla/5.0 (compatible; YandexImages/3.0; +http://yandex.com/bots)"
37.140.141.22 - - [29/Aug/2013:01:55:59 +0300] "GET /wp-includes/images/smilies/icon_lol.gif HTTP/1.1" 304 - "-" "Mozilla/5.0 (compatible; YandexImages/3.0; +http://yandex.com/bots)"
91.207.8.110 - - [29/Aug/2013:01:56:04 +0300] "GET /baraholka/prodam-botinki-garmont-ambra-gtx-razmer-37/ HTTP/1.1" 200 5710 "-" "Mozilla/4.0 (compatible; MSIE 6.0; Windows NT 5.1; SV1; Mozilla/4.0 (compatible; MSIE 6.0; Windows NT 5.1; SV1) )"
91.207.8.110 - - [29/Aug/2013:01:56:06 +0300] "POST /baraholka/prodam-botinki-garmont-ambra-gtx-razmer-37/ HTTP/1.1" 200 5710 "http://turclub.donntu.edu.ua/baraholka/prodam-botinki-garmont-ambra-gtx-razmer-37/" "Mozilla/4.0 (compatible; MSIE 6.0; Windows NT 5.1; SV1; Mozilla/4.0 (compatible; MSIE 6.0; Windows NT 5.1; SV1) ; .NET CLR 2.0.50727 ; .NET CLR 4.0.30319)"
66.249.78.49 - - [29/Aug/2013:01:56:08 +0300] "GET /2013/04/09/ HTTP/1.1" 200 5566 "-" "Mozilla/5.0 (compatible; Googlebot/2.1; +http://www.google.com/bot.html)"
91.207.8.110 - - [29/Aug/2013:01:59:03 +0300] "GET /category/foto/ HTTP/1.1" 200 5853 "-" "Mozilla/4.0 (compatible; MSIE 6.0; Windows NT 5.1; SV1; Mozilla/4.0 (compatible; MSIE 6.0; Windows NT 5.1; SV1) ; .NET CLR 2.0.50727 ; .NET CLR 4.0.30319)"
91.207.8.110 - - [29/Aug/2013:01:59:04 +0300] "POST /category/foto/trackback/ HTTP/1.1" 404 4681 "http://turclub.donntu.edu.ua/category/foto/" "Mozilla/4.0 (compatible; MSIE 6.0; Windows NT 5.1; SV1)"
37.140.141.22 - - [29/Aug/2013:02:03:44 +0300] "GET /wp-includes/js/imgareaselect/border-anim-v.gif HTTP/1.1" 304 - "-" "Mozilla/5.0 (compatible; YandexImages/3.0; +http://yandex.com/bots)"
95.108.245.251 - - [29/Aug/2013:02:07:28 +0300] "GET /news/ekskursiya-v-kamenec-podolskij-xotin-chernovcy-27-iyunya-1-iyulya/ HTTP/1.1" 200 7319 "-" "Mozilla/5.0 (compatible; YandexBot/3.0; +http://yandex.com/bots)"
37.140.141.22 - - [29/Aug/2013:02:11:17 +0300] "GET /wp-includes/js/tinymce/themes/advanced/img/gotmoxie.png HTTP/1.1" 304 - "-" "Mozilla/5.0 (compatible; YandexImages/3.0; +http://yandex.com/bots)"
109.254.38.214 - - [29/Aug/2013:02:14:06 +0300] "GET /favicon.ico HTTP/1.1" 200 - "-" "Mozilla/5.0 (Windows NT 6.1; WOW64; rv:24.0) Gecko/20100101 Firefox/24.0"
109.254.38.214 - - [29/Aug/2013:02:14:08 +0300] "GET /category/pohods/ HTTP/1.1" 200 8286 "-" "Mozilla/5.0 (Windows NT 6.1; WOW64; rv:24.0) Gecko/20100101 Firefox/24.0"
109.254.38.214 - - [29/Aug/2013:02:14:09 +0300] "GET /wp-content/themes/NicePen/style.css HTTP/1.1" 200 13354 "http://turclub.donntu.edu.ua/category/pohods/" "Mozilla/5.0 (Windows NT 6.1; WOW64; rv:24.0) Gecko/20100101 Firefox/24.0"
109.254.38.214 - - [29/Aug/2013:02:14:09 +0300] "GET /wp-content/themes/NicePen/css/screen.css HTTP/1.1" 200 11640 "http://turclub.donntu.edu.ua/category/pohods/" "Mozilla/5.0 (Windows NT 6.1; WOW64; rv:24.0) Gecko/20100101 Firefox/24.0"
109.254.38.214 - - [29/Aug/2013:02:14:09 +0300] "GET /wp-includes/js/l10n.js?ver=20101110 HTTP/1.1" 200 308 "http://turclub.donntu.edu.ua/category/pohods/" "Mozilla/5.0 (Windows NT 6.1; WOW64; rv:24.0) Gecko/20100101 Firefox/24.0"
109.254.38.214 - - [29/Aug/2013:02:14:09 +0300] "GET /wp-content/themes/NicePen/menu/MenuMatic.css HTTP/1.1" 200 3245 "http://turclub.donntu.edu.ua/category/pohods/" "Mozilla/5.0 (Windows NT 6.1; WOW64; rv:24.0) Gecko/20100101 Firefox/24.0"
109.254.38.214 - - [29/Aug/2013:02:14:09 +0300] "GET /wp-content/themes/NicePen/css/print.css HTTP/1.1" 200 1311 "http://turclub.donntu.edu.ua/category/pohods/" "Mozilla/5.0 (Windows NT 6.1; WOW64; rv:24.0) Gecko/20100101 Firefox/24.0"
109.254.38.214 - - [29/Aug/2013:02:14:09 +0300] "GET /wp-content/plugins/events-calendar/js/jquery.tooltip.min.js?ver=1.3 HTTP/1.1" 200 4553 "http://turclub.donntu.edu.ua/category/pohods/" "Mozilla/5.0 (Windows NT 6.1; WOW64; rv:24.0) Gecko/20100101 Firefox/24.0"
109.254.38.214 - - [29/Aug/2013:02:14:09 +0300] "GET /wp-content/plugins/events-calendar/js/jquery.bgiframe.js?ver=2.1 HTTP/1.1" 200 5044 "http://turclub.donntu.edu.ua/category/pohods/" "Mozilla/5.0 (Windows NT 6.1; WOW64; rv:24.0) Gecko/20100101 Firefox/24.0"
109.254.38.214 - - [29/Aug/2013:02:14:09 +0300] "GET /wp-content/themes/NicePen/menu/mootools-1.2.5-core-yc.js HTTP/1.1" 200 66798 "http://turclub.donntu.edu.ua/category/pohods/" "Mozilla/5.0 (Windows NT 6.1; WOW64; rv:24.0) Gecko/20100101 Firefox/24.0"
109.254.38.214 - - [29/Aug/2013:02:14:09 +0300] "GET /wp-content/plugins/mlanguage/mlanguage.js?ver=3.2.1 HTTP/1.1" 200 2266 "http://turclub.donntu.edu.ua/category/pohods/" "Mozilla/5.0 (Windows NT 6.1; WOW64; rv:24.0) Gecko/20100101 Firefox/24.0"
109.254.38.214 - - [29/Aug/2013:02:14:09 +0300] "GET /wp-content/plugins/cforms/styling/cforms.css HTTP/1.1" 200 9635 "http://turclub.donntu.edu.ua/category/pohods/" "Mozilla/5.0 (Windows NT 6.1; WOW64; rv:24.0) Gecko/20100101 Firefox/24.0"
109.254.38.214 - - [29/Aug/2013:02:14:09 +0300] "GET /wp-content/plugins/wp-monalisa/wpml_script.js?ver=9999 HTTP/1.1" 200 3246 "http://turclub.donntu.edu.ua/category/pohods/" "Mozilla/5.0 (Windows NT 6.1; WOW64; rv:24.0) Gecko/20100101 Firefox/24.0"
109.254.38.214 - - [29/Aug/2013:02:14:09 +0300] "GET /wp-includes/js/thickbox/thickbox.css HTTP/1.1" 200 4026 "http://turclub.donntu.edu.ua/category/pohods/" "Mozilla/5.0 (Windows NT 6.1; WOW64; rv:24.0) Gecko/20100101 Firefox/24.0"
109.254.38.214 - - [29/Aug/2013:02:14:09 +0300] "GET /wp-content/plugins/cforms/js/cforms.js HTTP/1.1" 200 33578 "http://turclub.donntu.edu.ua/category/pohods/" "Mozilla/5.0 (Windows NT 6.1; WOW64; rv:24.0) Gecko/20100101 Firefox/24.0"
109.254.38.214 - - [29/Aug/2013:02:14:09 +0300] "GET /wp-content/plugins/events-calendar/css/events-calendar.css HTTP/1.1" 200 4144 "http://turclub.donntu.edu.ua/category/pohods/" "Mozilla/5.0 (Windows NT 6.1; WOW64; rv:24.0) Gecko/20100101 Firefox/24.0"
109.254.38.214 - - [29/Aug/2013:02:14:09 +0300] "GET /wp-includes/js/jquery/jquery.js?ver=1.6.1 HTTP/1.1" 200 91381 "http://turclub.donntu.edu.ua/category/pohods/" "Mozilla/5.0 (Windows NT 6.1; WOW64; rv:24.0) Gecko/20100101 Firefox/24.0"
109.254.38.214 - - [29/Aug/2013:02:14:09 +0300] "GET /wp-content/plugins/wp-monalisa/wp-monalisa-default.css HTTP/1.1" 200 2310 "http://turclub.donntu.edu.ua/category/pohods/" "Mozilla/5.0 (Windows NT 6.1; WOW64; rv:24.0) Gecko/20100101 Firefox/24.0"
109.254.38.214 - - [29/Aug/2013:02:14:09 +0300] "GET /wp-content/themes/NicePen/menu/MenuMatic_0.68.3.js HTTP/1.1" 200 25884 "http://turclub.donntu.edu.ua/category/pohods/" "Mozilla/5.0 (Windows NT 6.1; WOW64; rv:24.0) Gecko/20100101 Firefox/24.0"
109.254.38.214 - - [29/Aug/2013:02:14:09 +0300] "GET /wp-content/plugins/cforms/styling/calendar.css HTTP/1.1" 200 2222 "http://turclub.donntu.edu.ua/wp-content/plugins/cforms/styling/cforms.css" "Mozilla/5.0 (Windows NT 6.1; WOW64; rv:24.0) Gecko/20100101 Firefox/24.0"
109.254.38.214 - - [29/Aug/2013:02:14:09 +0300] "GET /wp-content/plugins/events-calendar/css/ec-tooltips.css HTTP/1.1" 200 1548 "http://turclub.donntu.edu.ua/wp-content/plugins/events-calendar/css/events-calendar.css" "Mozilla/5.0 (Windows NT 6.1; WOW64; rv:24.0) Gecko/20100101 Firefox/24.0"
109.254.38.214 - - [29/Aug/2013:02:14:09 +0300] "GET /wp-includes/js/jquery/ui.core.js?ver=1.8.12 HTTP/1.1" 200 4343 "http://turclub.donntu.edu.ua/category/pohods/" "Mozilla/5.0 (Windows NT 6.1; WOW64; rv:24.0) Gecko/20100101 Firefox/24.0"
109.254.38.214 - - [29/Aug/2013:02:14:09 +0300] "GET /wp-content/themes/NicePen/images/kaukas.jpg HTTP/1.1" 200 33228 "http://turclub.donntu.edu.ua/category/pohods/" "Mozilla/5.0 (Windows NT 6.1; WOW64; rv:24.0) Gecko/20100101 Firefox/24.0"
109.254.38.214 - - [29/Aug/2013:02:14:09 +0300] "GET /wp-content/themes/NicePen/images/date.png HTTP/1.1" 200 572 "http://turclub.donntu.edu.ua/category/pohods/" "Mozilla/5.0 (Windows NT 6.1; WOW64; rv:24.0) Gecko/20100101 Firefox/24.0"
109.254.38.214 - - [29/Aug/2013:02:14:09 +0300] "GET /wp-content/themes/NicePen/images/folder.png HTTP/1.1" 200 537 "http://turclub.donntu.edu.ua/category/pohods/" "Mozilla/5.0 (Windows NT 6.1; WOW64; rv:24.0) Gecko/20100101 Firefox/24.0"
109.254.38.214 - - [29/Aug/2013:02:14:09 +0300] "GET /wp-content/themes/NicePen/images/user.png HTTP/1.1" 200 741 "http://turclub.donntu.edu.ua/category/pohods/" "Mozilla/5.0 (Windows NT 6.1; WOW64; rv:24.0) Gecko/20100101 Firefox/24.0"
109.254.38.214 - - [29/Aug/2013:02:14:09 +0300] "GET /wp-includes/js/thickbox/thickbox.js?ver=3.1-20110528 HTTP/1.1" 200 12771 "http://turclub.donntu.edu.ua/category/pohods/" "Mozilla/5.0 (Windows NT 6.1; WOW64; rv:24.0) Gecko/20100101 Firefox/24.0"
109.254.38.214 - - [29/Aug/2013:02:14:09 +0300] "GET /wp-content/themes/NicePen/images/comments.png HTTP/1.1" 200 405 "http://turclub.donntu.edu.ua/category/pohods/" "Mozilla/5.0 (Windows NT 6.1; WOW64; rv:24.0) Gecko/20100101 Firefox/24.0"
109.254.38.214 - - [29/Aug/2013:02:14:09 +0300] "GET /wp-content/themes/NicePen/images/socialicons/more.png HTTP/1.1" 200 1885 "http://turclub.donntu.edu.ua/category/pohods/" "Mozilla/5.0 (Windows NT 6.1; WOW64; rv:24.0) Gecko/20100101 Firefox/24.0"
109.254.38.214 - - [29/Aug/2013:02:14:09 +0300] "GET /wp-content/themes/NicePen/images/socialicons/favorites.png HTTP/1.1" 200 1221 "http://turclub.donntu.edu.ua/category/pohods/" "Mozilla/5.0 (Windows NT 6.1; WOW64; rv:24.0) Gecko/20100101 Firefox/24.0"
109.254.38.214 - - [29/Aug/2013:02:14:09 +0300] "GET /wp-content/themes/NicePen/images/socialicons/vkontakte.png HTTP/1.1" 200 9649 "http://turclub.donntu.edu.ua/category/pohods/" "Mozilla/5.0 (Windows NT 6.1; WOW64; rv:24.0) Gecko/20100101 Firefox/24.0"
109.254.38.214 - - [29/Aug/2013:02:14:09 +0300] "GET /wp-content/plugins/mlanguage/img/ru.png HTTP/1.1" 200 1041 "http://turclub.donntu.edu.ua/category/pohods/" "Mozilla/5.0 (Windows NT 6.1; WOW64; rv:24.0) Gecko/20100101 Firefox/24.0"
109.254.38.214 - - [29/Aug/2013:02:14:09 +0300] "GET /wp-content/themes/NicePen/images/search.png HTTP/1.1" 200 407 "http://turclub.donntu.edu.ua/category/pohods/" "Mozilla/5.0 (Windows NT 6.1; WOW64; rv:24.0) Gecko/20100101 Firefox/24.0"
109.254.38.214 - - [29/Aug/2013:02:14:09 +0300] "GET /wp-content/themes/NicePen/images/background.png HTTP/1.1" 200 241 "http://turclub.donntu.edu.ua/wp-content/themes/NicePen/style.css" "Mozilla/5.0 (Windows NT 6.1; WOW64; rv:24.0) Gecko/20100101 Firefox/24.0"
109.254.38.214 - - [29/Aug/2013:02:14:09 +0300] "GET /wp-content/themes/NicePen/images/nav-bg.png HTTP/1.1" 200 163 "http://turclub.donntu.edu.ua/wp-content/themes/NicePen/style.css" "Mozilla/5.0 (Windows NT 6.1; WOW64; rv:24.0) Gecko/20100101 Firefox/24.0"
109.254.38.214 - - [29/Aug/2013:02:14:09 +0300] "GET /wp-content/themes/NicePen/images/contentwrap.png HTTP/1.1" 200 139 "http://turclub.donntu.edu.ua/wp-content/themes/NicePen/style.css" "Mozilla/5.0 (Windows NT 6.1; WOW64; rv:24.0) Gecko/20100101 Firefox/24.0"
109.254.38.214 - - [29/Aug/2013:02:14:09 +0300] "GET /wp-content/themes/NicePen/images/wrapper-bg.png HTTP/1.1" 200 233202 "http://turclub.donntu.edu.ua/wp-content/themes/NicePen/style.css" "Mozilla/5.0 (Windows NT 6.1; WOW64; rv:24.0) Gecko/20100101 Firefox/24.0"
109.254.38.214 - - [29/Aug/2013:02:14:09 +0300] "GET /wp-content/themes/NicePen/images/sidebar-line.png HTTP/1.1" 200 129 "http://turclub.donntu.edu.ua/wp-content/themes/NicePen/style.css" "Mozilla/5.0 (Windows NT 6.1; WOW64; rv:24.0) Gecko/20100101 Firefox/24.0"
109.254.38.214 - - [29/Aug/2013:02:14:09 +0300] "GET /wp-content/themes/NicePen/images/sidebar-tab.png HTTP/1.1" 200 161 "http://turclub.donntu.edu.ua/wp-content/themes/NicePen/style.css" "Mozilla/5.0 (Windows NT 6.1; WOW64; rv:24.0) Gecko/20100101 Firefox/24.0"
109.254.38.214 - - [29/Aug/2013:02:14:09 +0300] "GET /wp-includes/js/thickbox/loadingAnimation.gif HTTP/1.1" 200 5886 "http://turclub.donntu.edu.ua/category/pohods/" "Mozilla/5.0 (Windows NT 6.1; WOW64; rv:24.0) Gecko/20100101 Firefox/24.0"
37.140.141.22 - - [29/Aug/2013:02:18:48 +0300] "GET /wp-includes/images/smilies/icon_biggrin.gif HTTP/1.1" 304 - "-" "Mozilla/5.0 (compatible; YandexImages/3.0; +http://yandex.com/bots)"
157.55.35.85 - - [29/Aug/2013:02:22:22 +0300] "GET /robots.txt HTTP/1.1" 200 24 "-" "Mozilla/5.0 (compatible; bingbot/2.0; +http://www.bing.com/bingbot.htm)"
91.207.8.110 - - [29/Aug/2013:02:22:47 +0300] "GET /news/2ka_gruziya_2013/ HTTP/1.1" 200 7395 "-" "Mozilla/4.0 (compatible; MSIE 6.0; Windows NT 5.1; SV1)"
91.207.8.110 - - [29/Aug/2013:02:22:48 +0300] "POST /news/2ka_gruziya_2013/trackback/ HTTP/1.1" 200 85 "http://turclub.donntu.edu.ua/news/2ka_gruziya_2013/" "Mozilla/4.0 (compatible; MSIE 6.0; Windows NT 5.1; SV1; Mozilla/4.0 (compatible; MSIE 6.0; Windows NT 5.1; SV1) )"
157.55.35.85 - - [29/Aug/2013:02:22:55 +0300] "GET /wp-content/documents/Askania_-_Nova.doc HTTP/1.1" 200 183296 "-" "Mozilla/5.0 (compatible; bingbot/2.0; +http://www.bing.com/bingbot.htm)"
37.140.141.22 - - [29/Aug/2013:02:26:24 +0300] "GET /wp-includes/images/smilies/icon_cool.gif HTTP/1.1" 304 - "-" "Mozilla/5.0 (compatible; YandexImages/3.0; +http://yandex.com/bots)"
37.140.141.22 - - [29/Aug/2013:02:33:51 +0300] "GET /wp-includes/images/smilies/icon_sad.gif HTTP/1.1" 304 - "-" "Mozilla/5.0 (compatible; YandexImages/3.0; +http://yandex.com/bots)"
91.207.8.110 - - [29/Aug/2013:02:36:03 +0300] "GET /2013/05/17/ HTTP/1.1" 200 5606 "-" "Mozilla/4.0 (compatible; MSIE 6.0; Windows NT 5.1; SV1)"
91.207.8.110 - - [29/Aug/2013:02:36:05 +0300] "POST /2013/05/17/trackback/ HTTP/1.1" 404 4681 "http://turclub.donntu.edu.ua/2013/05/17/" "Mozilla/4.0 (compatible; MSIE 6.0; Windows NT 5.1)"
37.140.141.22 - - [29/Aug/2013:02:41:38 +0300] "GET /wp-includes/images/smilies/icon_evil.gif HTTP/1.1" 304 - "-" "Mozilla/5.0 (compatible; YandexImages/3.0; +http://yandex.com/bots)"
188.116.20.84 - - [29/Aug/2013:02:42:16 +0300] "POST /wp-login.php HTTP/1.1" 200 2057 "-" "-"
188.116.20.84 - - [29/Aug/2013:02:42:17 +0300] "GET /wp-admin/post-new.php HTTP/1.1" 302 20 "http://turclub.donntu.edu.ua/wp-admin/post-new.php" "Opera/9.80 (J2ME/MIDP; Opera Mini/4.2.14320/19.916; U; pl) Presto/2.5.25"
66.249.78.49 - - [29/Aug/2013:02:47:54 +0300] "GET /robots.txt HTTP/1.1" 200 44 "-" "Mozilla/5.0 (compatible; Googlebot/2.1; +http://www.google.com/bot.html)"
66.249.72.122 - - [29/Aug/2013:02:47:55 +0300] "GET /2013/03/ HTTP/1.1" 200 7677 "-" "DoCoMo/2.0 N905i(c100;TB;W24H16) (compatible; Googlebot-Mobile/2.1; +http://www.google.com/bot.html)"
37.140.141.22 - - [29/Aug/2013:02:49:20 +0300] "GET /wp-includes/images/smilies/icon_exclaim.gif HTTP/1.1" 304 - "-" "Mozilla/5.0 (compatible; YandexImages/3.0; +http://yandex.com/bots)"
178.94.18.198 - - [29/Aug/2013:02:50:34 +0300] "GET /wp-content/pictures/kaukas_2013.jpg HTTP/1.1" 200 197876 "http://images.yandex.ua/yandsearch?source=wiz&uinfo=sw-1663-sh-880-fw-1438-fh-598-pd-1&tld=ua&p=7&text=%D1%8D%D0%BB%D1%8C%D0%B1%D1%80%D1%83%D1%81&noreask=1&pos=210&rpt=simage&lr=143&img_url=http%3A%2F%2Fkillzero.com%2Fwp-content%2Fuploads%2F2010%2F02%2F0102.jpg" "Mozilla/5.0 (Windows NT 5.1; rv:23.0) Gecko/20100101 Firefox/23.0"
91.207.8.110 - - [29/Aug/2013:02:52:57 +0300] "GET /2012/10/30/ HTTP/1.1" 200 6258 "-" "Mozilla/4.0 (compatible; MSIE 6.0; Windows NT 5.1; SV1; Mozilla/4.0 (compatible; MSIE 6.0; Windows NT 5.1; SV1) ; .NET CLR 2.0.50727 ; .NET CLR 4.0.30319)"
91.207.8.110 - - [29/Aug/2013:02:52:58 +0300] "POST /2012/10/30/trackback/ HTTP/1.1" 404 4681 "http://turclub.donntu.edu.ua/2012/10/30/" "Mozilla/4.0 (compatible; MSIE 6.0; Windows NT 5.1; SV1; Mozilla/4.0 (compatible; MSIE 6.0; Windows NT 5.1; SV1) ; .NET CLR 2.0.50727 ; .NET CLR 4.0.30319)"
91.207.8.110 - - [29/Aug/2013:02:56:15 +0300] "GET /2013/04/27/ HTTP/1.1" 200 5580 "-" "Mozilla/4.0 (compatible; MSIE 6.0; Windows NT 5.1; SV1; Mozilla/4.0 (compatible; MSIE 6.0; Windows NT 5.1; SV1) ; .NET CLR 2.0.50727 ; .NET CLR 4.0.30319)"
91.207.8.110 - - [29/Aug/2013:02:56:16 +0300] "POST /2013/04/27/trackback/ HTTP/1.1" 404 4681 "http://turclub.donntu.edu.ua/2013/04/27/" "Mozilla/4.0 (compatible; MSIE 6.0; Windows NT 5.1)"
37.140.141.22 - - [29/Aug/2013:02:56:53 +0300] "GET /wp-includes/images/smilies/icon_surprised.gif HTTP/1.1" 304 - "-" "Mozilla/5.0 (compatible; YandexImages/3.0; +http://yandex.com/bots)"
66.249.78.49 - - [29/Aug/2013:03:00:16 +0300] "GET /news/soledar-i-artemovsk-22-iyunya/ HTTP/1.1" 200 6474 "-" "Mozilla/5.0 (compatible; Googlebot/2.1; +http://www.google.com/bot.html)"
91.207.8.110 - - [29/Aug/2013:03:01:00 +0300] "GET /news/obzornaya-ekskursiya-po-donecku-2-fevralya/ HTTP/1.1" 200 6024 "-" "Mozilla/4.0 (compatible; MSIE 6.0; Windows NT 5.1)"
